通过 70 条：
  ✔ 开书后 shell 在   ← shell
  ✔ 注入真值齐备（SCENES 5 ＋ 3 跨页 plan）   ← SCENES=5 PLANS=3
  ✔ 跨页 0 到位（1,2）   ← 1,2
  ✔ 跨页 0 书签数＝纸数＝3   ← 3
  ✔ 跨页0 签1(1L) 书签在场   ← tab
  ✔ 跨页0 签1(1L) 悬停卡在场   ← ["1 目录","点一下翻到这一页 ›"]
  ✔ 跨页0 签1(1L) 卡片逐行 ≡ 原型 364 行   ← got=["1 目录","点一下翻到这一页 ›"] exp=["1 目录","点一下翻到这一页 ›"]
  ✔ 跨页0 签1(1L) 第三行（末行）恒为「点一下翻到这一页 ›」   ← 点一下翻到这一页 ›
  ✔ 跨页0 签1(1L) 反面页号 ≡ 原型 336 行口径   ← got=null exp=null
  ✔ 跨页0 签1(1L) 内容行数 ≡ 反面为空(1 行)   ← 内容行=1
  ✔ 跨页0 签1(1L) 反面为空的签只有一行   ← ["1 目录","点一下翻到这一页 ›"]
  ✔ 跨页0 签2(2R) 书签在场   ← tab
  ✔ 跨页0 签2(2R) 悬停卡在场   ← ["2 基本使用","3 数据目录","点一下翻到这一页 ›"]
  ✔ 跨页0 签2(2R) 卡片逐行 ≡ 原型 364 行   ← got=["2 基本使用","3 数据目录","点一下翻到这一页 ›"] exp=["2 基本使用","3 数据目录","点一下翻到这一页 ›"]
  ✔ 跨页0 签2(2R) 第三行（末行）恒为「点一下翻到这一页 ›」   ← 点一下翻到这一页 ›
  ✔ 跨页0 签2(2R) 反面页号 ≡ 原型 336 行口径   ← got=3 exp=3
  ✔ 跨页0 签2(2R) 内容行数 ≡ 反面在场(2 行)   ← 内容行=2
  ✔ 跨页0 签4(4R) 书签在场   ← tab
  ✔ 跨页0 签4(4R) 悬停卡在场   ← ["4 增强体验","5 后续场景，待补充 🔒","点一下翻到这一页 ›"]
  ✔ 跨页0 签4(4R) 卡片逐行 ≡ 原型 364 行   ← got=["4 增强体验","5 后续场景，待补充 🔒","点一下翻到这一页 ›"] exp=["4 增强体验","5 后续场景，待补充 🔒","点一下翻到这一页 ›"]
  ✔ 跨页0 签4(4R) 第三行（末行）恒为「点一下翻到这一页 ›」   ← 点一下翻到这一页 ›
  ✔ 跨页0 签4(4R) 反面页号 ≡ 原型 336 行口径   ← got=5 exp=5
  ✔ 跨页0 签4(4R) 内容行数 ≡ 反面在场(2 行)   ← 内容行=2
  ✔ 跨页 1 到位（3,4）   ← 3,4
  ✔ 跨页 1 书签数＝纸数＝3   ← 3
  ✔ 跨页1 签1(1L) 书签在场   ← tab
  ✔ 跨页1 签1(1L) 悬停卡在场   ← ["1 目录","点一下翻到这一页 ›"]
  ✔ 跨页1 签1(1L) 卡片逐行 ≡ 原型 364 行   ← got=["1 目录","点一下翻到这一页 ›"] exp=["1 目录","点一下翻到这一页 ›"]
  ✔ 跨页1 签1(1L) 第三行（末行）恒为「点一下翻到这一页 ›」   ← 点一下翻到这一页 ›
  ✔ 跨页1 签1(1L) 反面页号 ≡ 原型 336 行口径   ← got=null exp=null
  ✔ 跨页1 签1(1L) 内容行数 ≡ 反面为空(1 行)   ← 内容行=1
  ✔ 跨页1 签1(1L) 反面为空的签只有一行   ← ["1 目录","点一下翻到这一页 ›"]
  ✔ 跨页1 签3(3L) 书签在场   ← tab
  ✔ 跨页1 签3(3L) 悬停卡在场   ← ["3 数据目录","2 基本使用","点一下翻到这一页 ›"]
  ✔ 跨页1 签3(3L) 卡片逐行 ≡ 原型 364 行   ← got=["3 数据目录","2 基本使用","点一下翻到这一页 ›"] exp=["3 数据目录","2 基本使用","点一下翻到这一页 ›"]
  ✔ 跨页1 签3(3L) 第三行（末行）恒为「点一下翻到这一页 ›」   ← 点一下翻到这一页 ›
  ✔ 跨页1 签3(3L) 反面页号 ≡ 原型 336 行口径   ← got=2 exp=2
  ✔ 跨页1 签3(3L) 内容行数 ≡ 反面在场(2 行)   ← 内容行=2
  ✔ 跨页1 签4(4R) 书签在场   ← tab
  ✔ 跨页1 签4(4R) 悬停卡在场   ← ["4 增强体验","5 后续场景，待补充 🔒","点一下翻到这一页 ›"]
  ✔ 跨页1 签4(4R) 卡片逐行 ≡ 原型 364 行   ← got=["4 增强体验","5 后续场景，待补充 🔒","点一下翻到这一页 ›"] exp=["4 增强体验","5 后续场景，待补充 🔒","点一下翻到这一页 ›"]
  ✔ 跨页1 签4(4R) 第三行（末行）恒为「点一下翻到这一页 ›」   ← 点一下翻到这一页 ›
  ✔ 跨页1 签4(4R) 反面页号 ≡ 原型 336 行口径   ← got=5 exp=5
  ✔ 跨页1 签4(4R) 内容行数 ≡ 反面在场(2 行)   ← 内容行=2
  ✔ 跨页 2 到位（5,empty）   ← 5,empty
  ✔ 跨页 2 书签数＝纸数＝3   ← 3
  ✔ 跨页2 签1(1L) 书签在场   ← tab
  ✔ 跨页2 签1(1L) 悬停卡在场   ← ["1 目录","点一下翻到这一页 ›"]
  ✔ 跨页2 签1(1L) 卡片逐行 ≡ 原型 364 行   ← got=["1 目录","点一下翻到这一页 ›"] exp=["1 目录","点一下翻到这一页 ›"]
  ✔ 跨页2 签1(1L) 第三行（末行）恒为「点一下翻到这一页 ›」   ← 点一下翻到这一页 ›
  ✔ 跨页2 签1(1L) 反面页号 ≡ 原型 336 行口径   ← got=null exp=null
  ✔ 跨页2 签1(1L) 内容行数 ≡ 反面为空(1 行)   ← 内容行=1
  ✔ 跨页2 签1(1L) 反面为空的签只有一行   ← ["1 目录","点一下翻到这一页 ›"]
  ✔ 跨页2 签3(3L) 书签在场   ← tab
  ✔ 跨页2 签3(3L) 悬停卡在场   ← ["3 数据目录","2 基本使用","点一下翻到这一页 ›"]
  ✔ 跨页2 签3(3L) 卡片逐行 ≡ 原型 364 行   ← got=["3 数据目录","2 基本使用","点一下翻到这一页 ›"] exp=["3 数据目录","2 基本使用","点一下翻到这一页 ›"]
  ✔ 跨页2 签3(3L) 第三行（末行）恒为「点一下翻到这一页 ›」   ← 点一下翻到这一页 ›
  ✔ 跨页2 签3(3L) 反面页号 ≡ 原型 336 行口径   ← got=2 exp=2
  ✔ 跨页2 签3(3L) 内容行数 ≡ 反面在场(2 行)   ← 内容行=2
  ✔ 跨页2 签5(5L) 书签在场   ← tab
  ✔ 跨页2 签5(5L) 悬停卡在场   ← ["5 后续场景，待补充 🔒","4 增强体验","点一下翻到这一页 ›"]
  ✔ 跨页2 签5(5L) 卡片逐行 ≡ 原型 364 行   ← got=["5 后续场景，待补充 🔒","4 增强体验","点一下翻到这一页 ›"] exp=["5 后续场景，待补充 🔒","4 增强体验","点一下翻到这一页 ›"]
  ✔ 跨页2 签5(5L) 第三行（末行）恒为「点一下翻到这一页 ›」   ← 点一下翻到这一页 ›
  ✔ 跨页2 签5(5L) 反面页号 ≡ 原型 336 行口径   ← got=4 exp=4
  ✔ 跨页2 签5(5L) 内容行数 ≡ 反面在场(2 行)   ← 内容行=2
  ✔ 反面为空的签位（首签）确被覆盖   ← 3
  ✔ 定点/2 号签＝「2 基本使用」＋「3 数据目录」＋翻页行   ← ["2 基本使用","3 数据目录","点一下翻到这一页 ›"]
  ✔ 定点/4 号签反面行＝「5 后续场景，待补充 🔒」   ← ["4 增强体验","5 后续场景，待补充 🔒","点一下翻到这一页 ›"]
  ✔ 定点/待补充条目自身行带 🔒   ← ["5 后续场景，待补充 🔒","4 增强体验","点一下翻到这一页 ›"]
  ✔ 定点/反面为空的签（首签 1 号）只有一行＋翻页行   ← ["1 目录","点一下翻到这一页 ›"]
红 0 条：
  （无）
悬停卡逐条：
  跨页0 签1(1L) => ["1 目录","点一下翻到这一页 ›"] ≡原型
  跨页0 签2(2R) => ["2 基本使用","3 数据目录","点一下翻到这一页 ›"] ≡原型
  跨页0 签4(4R) => ["4 增强体验","5 后续场景，待补充 🔒","点一下翻到这一页 ›"] ≡原型
  跨页1 签1(1L) => ["1 目录","点一下翻到这一页 ›"] ≡原型
  跨页1 签3(3L) => ["3 数据目录","2 基本使用","点一下翻到这一页 ›"] ≡原型
  跨页1 签4(4R) => ["4 增强体验","5 后续场景，待补充 🔒","点一下翻到这一页 ›"] ≡原型
  跨页2 签1(1L) => ["1 目录","点一下翻到这一页 ›"] ≡原型
  跨页2 签3(3L) => ["3 数据目录","2 基本使用","点一下翻到这一页 ›"] ≡原型
  跨页2 签5(5L) => ["5 后续场景，待补充 🔒","4 增强体验","点一下翻到这一页 ›"] ≡原型
M1242R2-RESULT=PASS
