M1195 台（同页重跑）：PASS

通过 68 条：
  ✔ ③在场/开书后 shell 在   ← shell
  ✔ ②页数/首跨页=第1,2页   ← 1,2
  ✔ ①目录页标题在   ← 目录这本手册里有什么1目录第 1 页2基本使用：对 DSH 说什么 help第 
  ✔ ①目录页 kicker 在   ← 这本手册里有什么
  ✔ ①基本使用标题在   ← 基本使用：对 DSH 说什么 help给 DSH 一句话，换回一份手册1对 DS
  ✔ ①基本使用 kicker 在   ← 给 DSH 一句话，换回一份手册
  ✔ ①基本使用六步文字逐字在   ← 缺步=[]
  ✔ ①基本使用 warn 不渲染   ← 没收到文件，看回执里失败那一句。
  ✔ ③在场/步骤链 6 步   ← 6
  ✔ ①片段为空不渲染复制控件   ← 0
  ✔ ③在场/黑徽入句（基本使用 li 内嵌 span.dbadge）   ← badge=4
  ✔ ③在场/术语浮层在句内（基本使用 .po + i）   ← po=2
  ✔ ②中跨页=第3,4页   ← 3,4
  ✔ ①数据目录标题在   ← 数据目录：你专属的数据存放位置你的数据你做主数据目录就是你专属的数据存放位置。1
  ✔ ①数据目录导语在   ← 数据目录就是你专属的数据存放位置。
  ✔ ①数据目录三步文字逐字在   ← 缺步=[]
  ✔ ①数据目录备注尾在（原文）   ← 备注：我们不对你数据目录里的数据库文件加密，由你
  ✔ ①数据目录 warn 不渲染   ← 目录填错或没权限，db 就落不下去；面板告警只看 message 那一句，按它说的改。
  ✔ ③在场/数据目录步骤 3 步   ← 3
  ✔ ③在场/静态深色面板恰一处   ← 1
  ✔ ③在场/面板在数据目录页   ← null
  ✔ ③在场/面板静态不可点（点它不翻页）   ← 3,4 -&gt; 3,4
  ✔ ①增强体验标题在   ← 增强体验：装 IM 插件手机远程用手机远程使用全部功能利用 IM 插件搭配手机A
  ✔ ①增强体验六步文字逐字在   ← 缺步=[]
  ✔ ①增强体验 warn 不渲染   ← 收不到消息，先看绑定还在不在，再看插件装没装上。
  ✔ ①其余页无备注尾   ← 无
  ✔ ③在场/增强体验步骤 6 步   ← 6
  ✔ ③在场/签徽入句（li 内嵌 ctag/capp）   ← ctag=1 capp=2
  ✔ ③在场/术语浮层在句内（增强体验 .po + i）   ← 1
  ✔ ③在场/路径签入句（数据目录 li 内嵌 ctag）   ← 1
  ✔ ②尾跨页=第5页+空   ← 5,empty
  ✔ ①待补充页标题「后续场景」在   ← 后续场景4后续场景，待补充🔒5后续场景，待补充🔒6后续场
  ✔ ③在场/待补充锁页样 5 行   ← 5
  ✔ ③在场/锁页行号 4/5/6/7/8   ← 4,5,6,7,8
  ✔ ③在场/每行「后续场景，待补充」+锁   ← 4后续场景，待补充🔒 | 5后续场景，待补充🔒 | 6后续场景，待补充🔒 | 7后续场景，待补充🔒 | 8后续场
  ✔ ②末尾下一页禁用/上一页可用   ← next=true prev=false
  ✔ ④不在场/第 5 场景（写死的正文场景）   ← 1
  ✔ ②首跨页书签 1L 2R 4R   ← 1L,2R,4R
  ✔ ②每跨页书签数=纸数=3   ← 3 @1,2
  ✔ ②每跨页书签数=纸数=3   ← 3 @3,4
  ✔ ②每跨页书签数=纸数=3   ← 3 @5,empty
  ✔ ②上一页在首跨页禁用   ← disabled=true
  ✔ ③在场/目录 5 行   ← 5
  ✔ ③在场/目录行均可点带跳转   ← 1,2,3,4,5
  ✔ ③在场/点目录行跳第 5 页   ← 5,empty
  ✔ ③在场/框下铜扣两颗   ← book.bottom=732 prev.top=764 next.top=764
  ✔ ③在场/铜扣文字不换行   ← ‹ 上一页 / 下一页 ›
  ✔ ③在场/书签悬停卡在   ← 2 基本使用3 数据目录点一下翻到这一页 ›
  ✔ ③在场/悬停卡自己那页（页号＋场景名）   ← 2 基本使用3 数据目录点一下翻到这一页 ›
  ✔ ③在场/悬停卡反面那页（原型 data-other 口径：页号＋场景名）   ← 卡里=2 基本使用3 数据目录点一下翻到这一页 › 期望含=数据目录
  ✔ ③在场/悬停卡带「点一下翻到这一页」   ← 2 基本使用3 数据目录点一下翻到这一页 ›
  ✔ ③在场/悬停卡反面为待补充页时带锁   ← 4 增强体验5 后续场景，待补充 🔒点一下翻到这一页 ›
  ✔ ④不在场/.switch（废弃零件）   ← 0
  ✔ ④不在场/.thumb（废弃零件）   ← 0
  ✔ ④不在场/.lightbox（废弃零件）   ← 0
  ✔ ④不在场/.bubble（废弃零件）   ← 0
  ✔ ④不在场/.a-chat（废弃零件）   ← 0
  ✔ ④不在场/.timeline（废弃零件）   ← 0
  ✔ ④不在场/.screen（废弃零件）   ← 0
  ✔ ④不在场/.shot（废弃零件）   ← 0
  ✔ ④不在场/无 &lt;a&gt; 死链   ← 0 条
  ✔ ④不在场/正文无 help.html 链接写法   ← no-href
  ✔ ④不在场/warn 字段不上屏：没收到文件   ← no
  ✔ ④不在场/warn 字段不上屏：目录填错或没权限   ← no
  ✔ ④不在场/warn 字段不上屏：收不到消息   ← no
  ✔ ④不在场/废弃场景名不在场：全流程   ← no
  ✔ ④不在场/废弃场景名不在场：出错总览   ← no
  ✔ ④不在场/页面 CSS 里无缩略图/切换条样式   ← no
红 0 条：
  （无）
书签分布：
  1,2 =&gt; 1L,2R,4R
  3,4 =&gt; 1L,3L,4R
  5,empty =&gt; 1L,3L,5L
M1242-RESULT=PASS
