▶ #1195 全链路
  ✔ 入口→开书→三跨页走完→目录跳回，每跨页标题与铜扣态都对 (19.239ms)
✔ #1195 全链路 (19.795ms)
▶ #1239 内容接线
  ✔ SCENES 与冻结原型第 276 行逐字一致：5 页/3 跨页/3 纸 (6.3387ms)
  ✔ 首跨页：目录 5 行可点跳＋基本使用六步＋签徽入句＋无复制按钮 (16.2333ms)
  ✔ 中跨页：数据目录路径签＋静态深色面板＋备注 (15.0157ms)
  ✔ 签点跳＋铜扣首尾禁用 (3.4449ms)
  ✔ 尾跨页合页：锁页样 5 行 4/5/6/7/8，无小字脚注 (4.3161ms)
✔ #1239 内容接线 (46.5047ms)
▶ #1237 总管手册入口
  ✔ 面板顶部有甲腰封书入口（可用名＝使用手册），初始书是合上的 (16.5723ms)
  ✔ 点入口弹出空壳书，再点关闭合上 (13.724ms)
✔ #1237 总管手册入口 (31.4321ms)
▶ #1193 手册书排版
  ✔ 4 个场景：4 页 / 2 跨页 / 3 张纸；静止书签 1L 2R 4R，翻完 1L 3L 4R（与定稿原型逐字一致） (1.2787ms)
  ✔ 4 个已写 + 4 个待定：8 页 / 4 跨页 / 5 张纸；待定页在末跨页上标出来 (0.1825ms)
  ✔ 8 个已写 + 2 个待定：10 页 / 5 跨页 / 6 张纸 (0.1443ms)
  ✔ 奇数页：3 个场景 → 3 页 / 2 跨页 / 2 张纸，最后一跨页只有一页 (0.1795ms)
  ✔ 退化情形：0 个场景 = 一跨页空书；1 个场景 = 1 页 1 张纸 (0.1502ms)
  ✔ 书签随纸数等比收窄：≤6 张纸仍是 5.9%，7 张起变小，24 页仍在 3% 上限内 (0.2337ms)
  ✔ 最外那枚书签永远停在中缝到纸边的 49% 以内（缩到下限之前） (0.1889ms)
  ✔ 越界的跨页号被夹住，不会算出空页 (0.1631ms)
✔ #1193 手册书排版 (3.4942ms)
▶ #1238 书籍壳
  ✔ 书在：框纸脊书签层铜扣齐，首跨页框为第 1/2 页 (15.4473ms)
  ✔ A4 高比与铜扣首跨页态（上一页禁用、下一页可用） (11.8764ms)
  ✔ 悬停卡两行：本页＋反面页（页号＋name || title，待补充带 🔒） (3.9134ms)
✔ #1238 书籍壳 (32.233ms)
▶ #1238 翻页口径
  ✔ 越界跨页被夹到首末（5 页 3 跨页） (0.4411ms)
  ✔ 空书恒看第 0 跨页 (0.0899ms)
  ✔ 页码直达跨页（5 页：1/2→0，3/4→1，5→2；越界页码先夹） (0.0933ms)
✔ #1238 翻页口径 (1.2682ms)
ℹ tests 22
ℹ suites 6
ℹ pass 22
ℹ fail 0
ℹ cancelled 0
ℹ skipped 0
ℹ todo 0
ℹ duration_ms 171.8619
