# #1074 锁记录导出（协议 §2.3 第 4 条：本票声明过的运行条目抄录，供第三方复核）
# 源：.scratch/locks/gate-runs.log（未受版本控制）→ 本件受版本控制
# 抄录范围：ticket=1074 的全部 START／RUN 行（逐行原样，不改一字）
# 行数：114
START ticket=1074 runId=f57dea6c-5c22-44e8-9fe4-e99c866ae7c3 cmd="node .scratch/1074-query/probe-classes.mjs" waitedMs=90072 pid=15076 at=2026-10-03T15:40:08.116Z
RUN ticket=1074 runId=f57dea6c-5c22-44e8-9fe4-e99c866ae7c3 cmd="node .scratch/1074-query/probe-classes.mjs" waitedMs=90072 exit=0 pid=15076 at=2026-10-03T15:40:10.598Z
START ticket=1074 runId=806d00b7-456d-477a-97b2-7b7dbe6aa485 cmd="node .scratch/1074-query/run-1074.mjs" waitedMs=1 pid=40052 at=2026-10-03T15:44:08.642Z
RUN ticket=1074 runId=806d00b7-456d-477a-97b2-7b7dbe6aa485 cmd="node .scratch/1074-query/run-1074.mjs" waitedMs=1 exit=0 pid=40052 at=2026-10-03T15:44:15.433Z
START ticket=1074 runId=52677646-85c6-49b1-8823-016c4ed26d05 cmd="node docs/skills/skill-bill/1074-query-验收墙.mjs .scratch/1074-query compare-1074-query-17.html" waitedMs=0 pid=49360 at=2026-10-03T15:46:03.889Z
RUN ticket=1074 runId=52677646-85c6-49b1-8823-016c4ed26d05 cmd="node docs/skills/skill-bill/1074-query-验收墙.mjs .scratch/1074-query compare-1074-query-17.html" waitedMs=0 exit=0 pid=49360 at=2026-10-03T15:46:04.290Z
START ticket=1074 runId=58ddd6ef-2676-4b40-9d62-b593d128cc35 cmd="node .scratch/1074-query/make-bad-lists.mjs" waitedMs=0 pid=42404 at=2026-10-03T15:46:04.370Z
RUN ticket=1074 runId=58ddd6ef-2676-4b40-9d62-b593d128cc35 cmd="node .scratch/1074-query/make-bad-lists.mjs" waitedMs=0 exit=0 pid=42404 at=2026-10-03T15:46:04.501Z
START ticket=1074 runId=74f901b2-c084-474c-b995-b973e05b3227 cmd="node docs/skills/skill-bill/1074-query-验收墙.mjs .scratch/1074-query-坏清单 compare-坏.html" waitedMs=0 pid=74536 at=2026-10-03T15:46:04.560Z
RUN ticket=1074 runId=74f901b2-c084-474c-b995-b973e05b3227 cmd="node docs/skills/skill-bill/1074-query-验收墙.mjs .scratch/1074-query-坏清单 compare-坏.html" waitedMs=0 exit=1 pid=74536 at=2026-10-03T15:46:04.628Z
START ticket=1074 runId=cf5ff84e-7508-4ca7-890f-402764ad7838 cmd="node docs/skills/skill-bill/1074-query-验收墙.mjs .scratch/1074-query-坏清单2 compare-坏2.html" waitedMs=0 pid=37760 at=2026-10-03T15:46:04.679Z
RUN ticket=1074 runId=cf5ff84e-7508-4ca7-890f-402764ad7838 cmd="node docs/skills/skill-bill/1074-query-验收墙.mjs .scratch/1074-query-坏清单2 compare-坏2.html" waitedMs=0 exit=1 pid=37760 at=2026-10-03T15:46:04.748Z
START ticket=1074 runId=b4490efe-fc64-4cba-b5b6-20b59419a959 cmd="node docs/skills/skill-bill/1074-query-验收墙.mjs .scratch/1074-query-坏清单3 compare-坏3.html" waitedMs=1 pid=54924 at=2026-10-03T15:46:04.806Z
RUN ticket=1074 runId=b4490efe-fc64-4cba-b5b6-20b59419a959 cmd="node docs/skills/skill-bill/1074-query-验收墙.mjs .scratch/1074-query-坏清单3 compare-坏3.html" waitedMs=1 exit=1 pid=54924 at=2026-10-03T15:46:04.870Z
START ticket=1074 runId=d1c5d11b-fdd2-404d-abde-19e95aa3ed10 cmd="node docs/skills/skill-bill/1074-query-验收墙.mjs .scratch/1074-query/坏清单 compare-坏.html" waitedMs=0 pid=47824 at=2026-10-03T15:46:23.297Z
RUN ticket=1074 runId=d1c5d11b-fdd2-404d-abde-19e95aa3ed10 cmd="node docs/skills/skill-bill/1074-query-验收墙.mjs .scratch/1074-query/坏清单 compare-坏.html" waitedMs=0 exit=1 pid=47824 at=2026-10-03T15:46:23.881Z
START ticket=1074 runId=ca0a8a32-3ed4-49e0-9c67-37570f8f4899 cmd="node docs/skills/skill-bill/1074-query-验收墙.mjs .scratch/1074-query/坏清单2 compare-坏2.html" waitedMs=0 pid=52252 at=2026-10-03T15:46:23.959Z
RUN ticket=1074 runId=ca0a8a32-3ed4-49e0-9c67-37570f8f4899 cmd="node docs/skills/skill-bill/1074-query-验收墙.mjs .scratch/1074-query/坏清单2 compare-坏2.html" waitedMs=0 exit=1 pid=52252 at=2026-10-03T15:46:24.466Z
START ticket=1074 runId=ecf5bdfe-8ec4-4166-be03-44e59a4ee964 cmd="node docs/skills/skill-bill/1074-query-验收墙.mjs .scratch/1074-query/坏清单3 compare-坏3.html" waitedMs=0 pid=50236 at=2026-10-03T15:46:24.519Z
RUN ticket=1074 runId=ecf5bdfe-8ec4-4166-be03-44e59a4ee964 cmd="node docs/skills/skill-bill/1074-query-验收墙.mjs .scratch/1074-query/坏清单3 compare-坏3.html" waitedMs=0 exit=1 pid=50236 at=2026-10-03T15:46:24.969Z
START ticket=1074 runId=8215fc38-9770-4cf8-a889-43a7185ed6dd cmd="node docs/skills/skill-bill/1074-query-验收墙.mjs .scratch/1074-query compare-1074-query-17.html" waitedMs=20023 pid=42400 at=2026-10-03T15:50:00.580Z
RUN ticket=1074 runId=8215fc38-9770-4cf8-a889-43a7185ed6dd cmd="node docs/skills/skill-bill/1074-query-验收墙.mjs .scratch/1074-query compare-1074-query-17.html" waitedMs=20023 exit=0 pid=42400 at=2026-10-03T15:50:00.657Z
START ticket=1074 runId=e31c72e3-490a-431a-8054-b3f900f075e6 cmd="git add docs/skills/skill-bill/1074-query-验收墙.mjs docs/skills/skill-bill/1074-query-复验证据.md docs/skills/skill-bill/1074-query-逐格结论.md docs/skills/skill-bill/1074-锁记录导出.log" waitedMs=0 pid=20080 at=2026-10-03T15:52:07.662Z
RUN ticket=1074 runId=e31c72e3-490a-431a-8054-b3f900f075e6 cmd="git add docs/skills/skill-bill/1074-query-验收墙.mjs docs/skills/skill-bill/1074-query-复验证据.md docs/skills/skill-bill/1074-query-逐格结论.md docs/skills/skill-bill/1074-锁记录导出.log" waitedMs=0 exit=0 pid=20080 at=2026-10-03T15:52:07.710Z
START ticket=1074 runId=e167ca8d-fb48-4679-b33d-1baf76cc4213 cmd="git commit -F .scratch/1074-query/commit-1074.txt -- docs/skills/skill-bill/1074-query-验收墙.mjs docs/skills/skill-bill/1074-query-复验证据.md docs/skills/skill-bill/1074-query-逐格结论.md docs/skills/skill-bill/1074-锁记录导出.log" waitedMs=0 pid=44724 at=2026-10-03T15:52:12.644Z
RUN ticket=1074 runId=e167ca8d-fb48-4679-b33d-1baf76cc4213 cmd="git commit -F .scratch/1074-query/commit-1074.txt -- docs/skills/skill-bill/1074-query-验收墙.mjs docs/skills/skill-bill/1074-query-复验证据.md docs/skills/skill-bill/1074-query-逐格结论.md docs/skills/skill-bill/1074-锁记录导出.log" waitedMs=0 exit=0 pid=44724 at=2026-10-03T15:52:12.721Z
START ticket=1074 runId=88c52f10-661e-4fba-a488-c0bbec8365c5 cmd="git push origin master" waitedMs=0 pid=75500 at=2026-10-03T15:52:19.739Z
RUN ticket=1074 runId=88c52f10-661e-4fba-a488-c0bbec8365c5 cmd="git push origin master" waitedMs=0 exit=0 pid=75500 at=2026-10-03T15:52:22.162Z
START ticket=1074 runId=7b30d905-485f-477f-974a-847b7d0eed89 cmd="git add docs/skills/skill-bill/1074-锁记录导出.log" waitedMs=0 pid=74600 at=2026-10-03T15:52:30.436Z
RUN ticket=1074 runId=7b30d905-485f-477f-974a-847b7d0eed89 cmd="git add docs/skills/skill-bill/1074-锁记录导出.log" waitedMs=0 exit=0 pid=74600 at=2026-10-03T15:52:30.485Z
START ticket=1074 runId=2c69f75e-e600-4142-ad8d-829199f59a18 cmd="git commit -m \"chore(1074): 锁记录导出补录 git add/commit/push 三条（导出件覆盖本票全部运行条目）\" -- docs/skills/skill-bill/1074-锁记录导出.log" waitedMs=0 pid=64240 at=2026-10-03T15:52:30.535Z
RUN ticket=1074 runId=2c69f75e-e600-4142-ad8d-829199f59a18 cmd="git commit -m \"chore(1074): 锁记录导出补录 git add/commit/push 三条（导出件覆盖本票全部运行条目）\" -- docs/skills/skill-bill/1074-锁记录导出.log" waitedMs=0 exit=0 pid=64240 at=2026-10-03T15:52:30.627Z
START ticket=1074 runId=7f975f9d-c751-487d-98d3-44c79be4e6ca cmd="git push origin master" waitedMs=0 pid=63304 at=2026-10-03T15:52:30.677Z
RUN ticket=1074 runId=7f975f9d-c751-487d-98d3-44c79be4e6ca cmd="git push origin master" waitedMs=0 exit=0 pid=63304 at=2026-10-03T15:52:32.822Z
START ticket=1074 runId=09f8b954-4952-41b9-b197-34d0e735467b cmd="git add docs/skills/skill-bill/1074-query-复验证据.md docs/skills/skill-bill/1074-query-逐格结论.md" waitedMs=0 pid=76328 at=2026-10-03T16:01:00.925Z
RUN ticket=1074 runId=09f8b954-4952-41b9-b197-34d0e735467b cmd="git add docs/skills/skill-bill/1074-query-复验证据.md docs/skills/skill-bill/1074-query-逐格结论.md" waitedMs=0 exit=0 pid=76328 at=2026-10-03T16:01:00.970Z
START ticket=1074 runId=b97f2275-a96d-41f7-afdf-974ebc07698d cmd="git commit -F .scratch/1074-query/commit-1074b.txt -- docs/skills/skill-bill/1074-query-复验证据.md docs/skills/skill-bill/1074-query-逐格结论.md" waitedMs=0 pid=44932 at=2026-10-03T16:01:01.052Z
RUN ticket=1074 runId=b97f2275-a96d-41f7-afdf-974ebc07698d cmd="git commit -F .scratch/1074-query/commit-1074b.txt -- docs/skills/skill-bill/1074-query-复验证据.md docs/skills/skill-bill/1074-query-逐格结论.md" waitedMs=0 exit=0 pid=44932 at=2026-10-03T16:01:01.144Z
START ticket=1074 runId=10183d4d-a870-4b91-819a-da5785391c0f cmd="git push origin master" waitedMs=0 pid=52860 at=2026-10-03T16:01:01.222Z
RUN ticket=1074 runId=10183d4d-a870-4b91-819a-da5785391c0f cmd="git push origin master" waitedMs=0 exit=128 pid=52860 at=2026-10-03T16:01:01.675Z
START ticket=1074 runId=6869572d-58ea-4b7a-996f-cd9aea49eee7 cmd="git push origin master" waitedMs=0 pid=20096 at=2026-10-03T16:01:06.565Z
RUN ticket=1074 runId=6869572d-58ea-4b7a-996f-cd9aea49eee7 cmd="git push origin master" waitedMs=0 exit=128 pid=20096 at=2026-10-03T16:01:07.222Z
START ticket=1074 runId=3659711f-ee68-4e10-9b63-9d5a8df34bf6 cmd="git push origin master" waitedMs=0 pid=78380 at=2026-10-03T16:01:16.500Z
RUN ticket=1074 runId=3659711f-ee68-4e10-9b63-9d5a8df34bf6 cmd="git push origin master" waitedMs=0 exit=128 pid=78380 at=2026-10-03T16:01:18.797Z
START ticket=1074 runId=9efc7de4-fe0a-463e-a28f-b71a4fbabd81 cmd="git push origin master" waitedMs=1 pid=48760 at=2026-10-03T16:01:27.243Z
RUN ticket=1074 runId=9efc7de4-fe0a-463e-a28f-b71a4fbabd81 cmd="git push origin master" waitedMs=1 exit=0 pid=48760 at=2026-10-03T16:01:29.342Z
START ticket=1074 runId=3e509dd6-3cb5-45a1-83d1-8066b1335e8e cmd="git add docs/skills/skill-bill/1074-锁记录导出.log" waitedMs=0 pid=15628 at=2026-10-03T16:01:37.272Z
RUN ticket=1074 runId=3e509dd6-3cb5-45a1-83d1-8066b1335e8e cmd="git add docs/skills/skill-bill/1074-锁记录导出.log" waitedMs=0 exit=0 pid=15628 at=2026-10-03T16:01:37.328Z
START ticket=1074 runId=993222e8-9159-45fe-9e0f-967095d00318 cmd="git commit -m \"chore(1074): 锁记录导出补录裁决回写那一轮（commit/push 条目）\" -- docs/skills/skill-bill/1074-锁记录导出.log" waitedMs=0 pid=47012 at=2026-10-03T16:01:37.384Z
RUN ticket=1074 runId=993222e8-9159-45fe-9e0f-967095d00318 cmd="git commit -m \"chore(1074): 锁记录导出补录裁决回写那一轮（commit/push 条目）\" -- docs/skills/skill-bill/1074-锁记录导出.log" waitedMs=0 exit=0 pid=47012 at=2026-10-03T16:01:37.464Z
START ticket=1074 runId=66876d42-1ec1-402a-acfe-de4164d89fb4 cmd="git push origin master" waitedMs=0 pid=66972 at=2026-10-03T16:01:37.518Z
RUN ticket=1074 runId=66876d42-1ec1-402a-acfe-de4164d89fb4 cmd="git push origin master" waitedMs=0 exit=0 pid=66972 at=2026-10-03T16:01:39.680Z
START ticket=1074 runId=930c9a96-d76a-4c8e-aabc-6d2d4022cf82 cmd="git add docs/skills/skill-bill/1074-query-验收墙.mjs docs/skills/skill-bill/1074-query-复验证据.md docs/skills/skill-bill/1074-query-逐格结论.md" waitedMs=0 pid=36424 at=2026-10-03T16:04:19.661Z
RUN ticket=1074 runId=930c9a96-d76a-4c8e-aabc-6d2d4022cf82 cmd="git add docs/skills/skill-bill/1074-query-验收墙.mjs docs/skills/skill-bill/1074-query-复验证据.md docs/skills/skill-bill/1074-query-逐格结论.md" waitedMs=0 exit=0 pid=36424 at=2026-10-03T16:04:19.710Z
START ticket=1074 runId=55588f11-f572-4b16-91a8-38d0506d1c80 cmd="git commit -F .scratch/1074-query/commit-1074c.txt -- docs/skills/skill-bill/1074-query-验收墙.mjs docs/skills/skill-bill/1074-query-复验证据.md docs/skills/skill-bill/1074-query-逐格结论.md" waitedMs=0 pid=48356 at=2026-10-03T16:04:19.792Z
RUN ticket=1074 runId=55588f11-f572-4b16-91a8-38d0506d1c80 cmd="git commit -F .scratch/1074-query/commit-1074c.txt -- docs/skills/skill-bill/1074-query-验收墙.mjs docs/skills/skill-bill/1074-query-复验证据.md docs/skills/skill-bill/1074-query-逐格结论.md" waitedMs=0 exit=0 pid=48356 at=2026-10-03T16:04:19.876Z
START ticket=1074 runId=124af099-590c-4b41-b5a1-868270de3266 cmd="git push origin master" waitedMs=0 pid=45256 at=2026-10-03T16:04:19.959Z
RUN ticket=1074 runId=124af099-590c-4b41-b5a1-868270de3266 cmd="git push origin master" waitedMs=0 exit=0 pid=45256 at=2026-10-03T16:04:22.142Z
START ticket=1074 runId=8d487f64-2ef6-40ee-a5d6-3456943550d1 cmd="git add docs/skills/skill-bill/1074-query-复验证据.md docs/skills/skill-bill/1074-query-逐格结论.md" waitedMs=0 pid=44304 at=2026-10-03T16:23:12.388Z
RUN ticket=1074 runId=8d487f64-2ef6-40ee-a5d6-3456943550d1 cmd="git add docs/skills/skill-bill/1074-query-复验证据.md docs/skills/skill-bill/1074-query-逐格结论.md" waitedMs=0 exit=0 pid=44304 at=2026-10-03T16:23:12.454Z
START ticket=1074 runId=cc708d02-5b6b-45a7-b902-81fb2a6bd6d3 cmd="git commit -F .scratch/1074-query/commit-1074d.txt -- docs/skills/skill-bill/1074-query-复验证据.md docs/skills/skill-bill/1074-query-逐格结论.md" waitedMs=0 pid=71848 at=2026-10-03T16:23:12.533Z
RUN ticket=1074 runId=cc708d02-5b6b-45a7-b902-81fb2a6bd6d3 cmd="git commit -F .scratch/1074-query/commit-1074d.txt -- docs/skills/skill-bill/1074-query-复验证据.md docs/skills/skill-bill/1074-query-逐格结论.md" waitedMs=0 exit=0 pid=71848 at=2026-10-03T16:23:12.611Z
START ticket=1074 runId=dbda9c11-5995-4e4f-afb4-c9c118d0c06c cmd="git push origin master" waitedMs=0 pid=50044 at=2026-10-03T16:23:12.688Z
RUN ticket=1074 runId=dbda9c11-5995-4e4f-afb4-c9c118d0c06c cmd="git push origin master" waitedMs=0 exit=0 pid=50044 at=2026-10-03T16:23:14.751Z
START ticket=1074 runId=8bdbcc01-9b6e-433a-8810-7483017c781d cmd="node .scratch/1074-query/run-1074.mjs" waitedMs=1 pid=75460 at=2026-10-03T16:41:00.146Z
RUN ticket=1074 runId=8bdbcc01-9b6e-433a-8810-7483017c781d cmd="node .scratch/1074-query/run-1074.mjs" waitedMs=1 exit=0 pid=75460 at=2026-10-03T16:41:06.670Z
START ticket=1074 runId=947e4658-d012-4b72-a01a-cdfe77b91c59 cmd="node docs/skills/skill-bill/1074-query-验收墙.mjs .scratch/1074-query compare-1074-query-17.html" waitedMs=0 pid=32916 at=2026-10-03T16:41:13.801Z
RUN ticket=1074 runId=947e4658-d012-4b72-a01a-cdfe77b91c59 cmd="node docs/skills/skill-bill/1074-query-验收墙.mjs .scratch/1074-query compare-1074-query-17.html" waitedMs=0 exit=0 pid=32916 at=2026-10-03T16:41:14.143Z
START ticket=1074 runId=ae01be79-2913-4d8e-8d7a-d8c06d0b9433 cmd="node .scratch/1074-query/make-bad-lists.mjs" waitedMs=1 pid=80092 at=2026-10-03T16:41:14.228Z
RUN ticket=1074 runId=ae01be79-2913-4d8e-8d7a-d8c06d0b9433 cmd="node .scratch/1074-query/make-bad-lists.mjs" waitedMs=1 exit=0 pid=80092 at=2026-10-03T16:41:14.349Z
START ticket=1074 runId=a0ac58b4-87a5-4688-9e2b-290361c3ef1b cmd="node docs/skills/skill-bill/1074-query-验收墙.mjs .scratch/1074-query/坏清单 compare-坏.html" waitedMs=0 pid=74108 at=2026-10-03T16:41:14.400Z
RUN ticket=1074 runId=a0ac58b4-87a5-4688-9e2b-290361c3ef1b cmd="node docs/skills/skill-bill/1074-query-验收墙.mjs .scratch/1074-query/坏清单 compare-坏.html" waitedMs=0 exit=1 pid=74108 at=2026-10-03T16:41:14.812Z
START ticket=1074 runId=05060ae6-7926-412a-a660-2dc38be9219e cmd="node docs/skills/skill-bill/1074-query-验收墙.mjs .scratch/1074-query/坏清单2 compare-坏2.html" waitedMs=0 pid=20736 at=2026-10-03T16:41:14.868Z
RUN ticket=1074 runId=05060ae6-7926-412a-a660-2dc38be9219e cmd="node docs/skills/skill-bill/1074-query-验收墙.mjs .scratch/1074-query/坏清单2 compare-坏2.html" waitedMs=0 exit=1 pid=20736 at=2026-10-03T16:41:15.268Z
START ticket=1074 runId=ffec2386-0fbc-49fd-9ac9-5ae1917bb0d9 cmd="node docs/skills/skill-bill/1074-query-验收墙.mjs .scratch/1074-query/坏清单3 compare-坏3.html" waitedMs=0 pid=25116 at=2026-10-03T16:41:15.320Z
RUN ticket=1074 runId=ffec2386-0fbc-49fd-9ac9-5ae1917bb0d9 cmd="node docs/skills/skill-bill/1074-query-验收墙.mjs .scratch/1074-query/坏清单3 compare-坏3.html" waitedMs=0 exit=1 pid=25116 at=2026-10-03T16:41:15.708Z
START ticket=1074 runId=30830dd7-e561-4b69-810d-e60505623971 cmd="git add docs/skills/skill-bill/1074-query-复验证据.md docs/skills/skill-bill/1074-query-逐格结论.md docs/skills/skill-bill/1074-锁记录导出.log" waitedMs=1 pid=39356 at=2026-10-03T16:46:37.103Z
RUN ticket=1074 runId=30830dd7-e561-4b69-810d-e60505623971 cmd="git add docs/skills/skill-bill/1074-query-复验证据.md docs/skills/skill-bill/1074-query-逐格结论.md docs/skills/skill-bill/1074-锁记录导出.log" waitedMs=1 exit=0 pid=39356 at=2026-10-03T16:46:37.148Z
START ticket=1074 runId=28ad5b0d-fe17-46d0-bd07-7900daabed7b cmd="git commit -F .scratch/1074-query/commit-1074e.txt -- docs/skills/skill-bill/1074-query-复验证据.md docs/skills/skill-bill/1074-query-逐格结论.md docs/skills/skill-bill/1074-锁记录导出.log" waitedMs=0 pid=50036 at=2026-10-03T16:46:37.221Z
RUN ticket=1074 runId=28ad5b0d-fe17-46d0-bd07-7900daabed7b cmd="git commit -F .scratch/1074-query/commit-1074e.txt -- docs/skills/skill-bill/1074-query-复验证据.md docs/skills/skill-bill/1074-query-逐格结论.md docs/skills/skill-bill/1074-锁记录导出.log" waitedMs=0 exit=0 pid=50036 at=2026-10-03T16:46:37.301Z
START ticket=1074 runId=49f6abea-5d73-4f80-9a15-aebc8b13c5ba cmd="git push origin master" waitedMs=0 pid=80036 at=2026-10-03T16:46:37.366Z
RUN ticket=1074 runId=49f6abea-5d73-4f80-9a15-aebc8b13c5ba cmd="git push origin master" waitedMs=0 exit=0 pid=80036 at=2026-10-03T16:46:39.514Z
START ticket=1074 runId=aec7a4a7-a6ae-4420-abc8-8c865dc13448 cmd="node docs/skills/skill-bill/1074-query-验收墙.mjs .scratch/1074-query compare-1074-query-17.html" waitedMs=0 pid=78852 at=2026-10-03T16:48:25.408Z
RUN ticket=1074 runId=aec7a4a7-a6ae-4420-abc8-8c865dc13448 cmd="node docs/skills/skill-bill/1074-query-验收墙.mjs .scratch/1074-query compare-1074-query-17.html" waitedMs=0 exit=0 pid=78852 at=2026-10-03T16:48:25.482Z
START ticket=1074 runId=a669a77e-5819-47a7-9fa6-6ffe88560843 cmd="git add docs/skills/skill-bill/1074-query-验收墙.mjs docs/skills/skill-bill/1074-query-复验证据.md docs/skills/skill-bill/1074-query-逐格结论.md docs/skills/skill-bill/1074-锁记录导出.log" waitedMs=0 pid=48448 at=2026-10-03T16:48:41.258Z
RUN ticket=1074 runId=a669a77e-5819-47a7-9fa6-6ffe88560843 cmd="git add docs/skills/skill-bill/1074-query-验收墙.mjs docs/skills/skill-bill/1074-query-复验证据.md docs/skills/skill-bill/1074-query-逐格结论.md docs/skills/skill-bill/1074-锁记录导出.log" waitedMs=0 exit=0 pid=48448 at=2026-10-03T16:48:41.312Z
START ticket=1074 runId=f5f4429d-c5fe-468b-8084-766dcbb7ccd1 cmd="git commit -F .scratch/1074-query/commit-1074f.txt -- docs/skills/skill-bill/1074-query-验收墙.mjs docs/skills/skill-bill/1074-query-复验证据.md docs/skills/skill-bill/1074-query-逐格结论.md docs/skills/skill-bill/1074-锁记录导出.log" waitedMs=0 pid=51684 at=2026-10-03T16:48:41.388Z
RUN ticket=1074 runId=f5f4429d-c5fe-468b-8084-766dcbb7ccd1 cmd="git commit -F .scratch/1074-query/commit-1074f.txt -- docs/skills/skill-bill/1074-query-验收墙.mjs docs/skills/skill-bill/1074-query-复验证据.md docs/skills/skill-bill/1074-query-逐格结论.md docs/skills/skill-bill/1074-锁记录导出.log" waitedMs=0 exit=0 pid=51684 at=2026-10-03T16:48:41.473Z
START ticket=1074 runId=c0051bf5-c500-4490-87ef-71af74f5fcca cmd="git push origin master" waitedMs=0 pid=72160 at=2026-10-03T16:48:41.528Z
RUN ticket=1074 runId=c0051bf5-c500-4490-87ef-71af74f5fcca cmd="git push origin master" waitedMs=0 exit=0 pid=72160 at=2026-10-03T16:48:43.710Z
START ticket=1074 runId=92435b70-15f1-4f25-854c-7c3db715dca4 cmd="node .scratch/1074-query/run-1074.mjs" waitedMs=0 pid=78796 at=2026-10-03T17:20:32.289Z
RUN ticket=1074 runId=92435b70-15f1-4f25-854c-7c3db715dca4 cmd="node .scratch/1074-query/run-1074.mjs" waitedMs=0 exit=1 pid=78796 at=2026-10-03T17:20:39.559Z
START ticket=1074 runId=e24387c9-2170-4e12-8f77-9310f6ff8f0e cmd="node docs/skills/skill-bill/1074-query-验收墙.mjs .scratch/1074-query compare-1074-query-17.html" waitedMs=0 pid=81012 at=2026-10-03T17:20:39.658Z
RUN ticket=1074 runId=e24387c9-2170-4e12-8f77-9310f6ff8f0e cmd="node docs/skills/skill-bill/1074-query-验收墙.mjs .scratch/1074-query compare-1074-query-17.html" waitedMs=0 exit=1 pid=81012 at=2026-10-03T17:20:40.287Z
START ticket=1074 runId=939929f4-a49c-49ec-a40e-de848bcb8531 cmd="node .scratch/1074-query/make-bad-lists.mjs" waitedMs=0 pid=58768 at=2026-10-03T17:20:40.340Z
RUN ticket=1074 runId=939929f4-a49c-49ec-a40e-de848bcb8531 cmd="node .scratch/1074-query/make-bad-lists.mjs" waitedMs=0 exit=0 pid=58768 at=2026-10-03T17:20:40.463Z
START ticket=1074 runId=884730a2-acbe-4c15-887f-2afb76d2ee2f cmd="node docs/skills/skill-bill/1074-query-验收墙.mjs .scratch/1074-query/坏清单 compare-坏.html" waitedMs=0 pid=62796 at=2026-10-03T17:20:40.514Z
RUN ticket=1074 runId=884730a2-acbe-4c15-887f-2afb76d2ee2f cmd="node docs/skills/skill-bill/1074-query-验收墙.mjs .scratch/1074-query/坏清单 compare-坏.html" waitedMs=0 exit=1 pid=62796 at=2026-10-03T17:20:41.093Z
START ticket=1074 runId=5b9fdc6e-465d-447e-b766-2d691abfbe9b cmd="node docs/skills/skill-bill/1074-query-验收墙.mjs .scratch/1074-query/坏清单3 compare-坏3.html" waitedMs=0 pid=2396 at=2026-10-03T17:20:41.147Z
RUN ticket=1074 runId=5b9fdc6e-465d-447e-b766-2d691abfbe9b cmd="node docs/skills/skill-bill/1074-query-验收墙.mjs .scratch/1074-query/坏清单3 compare-坏3.html" waitedMs=0 exit=1 pid=2396 at=2026-10-03T17:20:41.692Z
START ticket=1074 runId=0f520077-9a26-400f-b54f-c34922b8509b cmd="node docs/skills/skill-bill/1081-页族总检.mjs --only w00" waitedMs=0 pid=43272 at=2026-10-03T17:20:41.751Z
RUN ticket=1074 runId=0f520077-9a26-400f-b54f-c34922b8509b cmd="node docs/skills/skill-bill/1081-页族总检.mjs --only w00" waitedMs=0 exit=0 pid=43272 at=2026-10-03T17:20:42.348Z
START ticket=1074 runId=8eb94343-c9e8-40dd-8d76-3279337e565e cmd="node .scratch/1074-query/run-1074.mjs" waitedMs=0 pid=36416 at=2026-10-03T17:21:07.806Z
RUN ticket=1074 runId=8eb94343-c9e8-40dd-8d76-3279337e565e cmd="node .scratch/1074-query/run-1074.mjs" waitedMs=0 exit=0 pid=36416 at=2026-10-03T17:21:14.945Z
START ticket=1074 runId=d3c147d8-b628-4ffd-a09e-b653086f498d cmd="node docs/skills/skill-bill/1074-query-验收墙.mjs .scratch/1074-query compare-1074-query-17.html" waitedMs=0 pid=15756 at=2026-10-03T17:21:15.032Z
RUN ticket=1074 runId=d3c147d8-b628-4ffd-a09e-b653086f498d cmd="node docs/skills/skill-bill/1074-query-验收墙.mjs .scratch/1074-query compare-1074-query-17.html" waitedMs=0 exit=0 pid=15756 at=2026-10-03T17:21:15.655Z
START ticket=1074 runId=a162994c-f4cd-4c94-9e63-99068548284c cmd="node .scratch/1074-query/make-bad-lists.mjs" waitedMs=0 pid=68916 at=2026-10-03T17:21:15.711Z
RUN ticket=1074 runId=a162994c-f4cd-4c94-9e63-99068548284c cmd="node .scratch/1074-query/make-bad-lists.mjs" waitedMs=0 exit=0 pid=68916 at=2026-10-03T17:21:15.832Z
START ticket=1074 runId=4a84b58d-b490-446f-95bf-1f7e3872ff6e cmd="node docs/skills/skill-bill/1074-query-验收墙.mjs .scratch/1074-query/坏清单 compare-坏.html" waitedMs=0 pid=25716 at=2026-10-03T17:21:15.894Z
RUN ticket=1074 runId=4a84b58d-b490-446f-95bf-1f7e3872ff6e cmd="node docs/skills/skill-bill/1074-query-验收墙.mjs .scratch/1074-query/坏清单 compare-坏.html" waitedMs=0 exit=1 pid=25716 at=2026-10-03T17:21:16.394Z
START ticket=1074 runId=5a725ab0-117a-47b4-ba4e-444a45148501 cmd="node docs/skills/skill-bill/1074-query-验收墙.mjs .scratch/1074-query/坏清单2 compare-坏2.html" waitedMs=0 pid=71920 at=2026-10-03T17:21:16.445Z
RUN ticket=1074 runId=5a725ab0-117a-47b4-ba4e-444a45148501 cmd="node docs/skills/skill-bill/1074-query-验收墙.mjs .scratch/1074-query/坏清单2 compare-坏2.html" waitedMs=0 exit=1 pid=71920 at=2026-10-03T17:21:16.966Z
START ticket=1074 runId=c35a6b33-12b8-4b95-a778-638766a1f65f cmd="node docs/skills/skill-bill/1074-query-验收墙.mjs .scratch/1074-query/坏清单3 compare-坏3.html" waitedMs=0 pid=59824 at=2026-10-03T17:21:17.016Z
RUN ticket=1074 runId=c35a6b33-12b8-4b95-a778-638766a1f65f cmd="node docs/skills/skill-bill/1074-query-验收墙.mjs .scratch/1074-query/坏清单3 compare-坏3.html" waitedMs=0 exit=1 pid=59824 at=2026-10-03T17:21:17.482Z
