START ticket=1181 runId=9afaeafc-24b4-4ba9-b180-41d357c2aa68 cmd="node --test packages/skill-bill/test/t1181-collect-copy.test.mjs" waitedMs=0 pid=62576 at=2026-10-07T18:54:01.843Z
RUN ticket=1181 runId=9afaeafc-24b4-4ba9-b180-41d357c2aa68 cmd="node --test packages/skill-bill/test/t1181-collect-copy.test.mjs" waitedMs=0 exit=1 pid=62576 at=2026-10-07T18:54:01.965Z
START ticket=1181 runId=289b170a-b495-4f9e-8d6c-efede2368773 cmd="node node_modules/typescript/bin/tsc -b packages/skill-bill --force" waitedMs=0 pid=43568 at=2026-10-07T18:56:23.467Z
RUN ticket=1181 runId=289b170a-b495-4f9e-8d6c-efede2368773 cmd="node node_modules/typescript/bin/tsc -b packages/skill-bill --force" waitedMs=0 exit=1 pid=43568 at=2026-10-07T18:56:23.529Z
START ticket=1181 runId=58f10852-efb9-4f8d-bff2-f9c202a16a91 cmd="node node_modules/typescript/bin/tsc -b packages/skill-bill --force" waitedMs=0 pid=50904 at=2026-10-07T18:56:59.311Z
RUN ticket=1181 runId=58f10852-efb9-4f8d-bff2-f9c202a16a91 cmd="node node_modules/typescript/bin/tsc -b packages/skill-bill --force" waitedMs=0 exit=0 pid=50904 at=2026-10-07T18:57:01.870Z
START ticket=1181 runId=39e1618c-c1f8-4d35-bebf-d34ff633db88 cmd="node --test packages/skill-bill/test/t1181-collect-copy.test.mjs" waitedMs=0 pid=71164 at=2026-10-07T18:57:05.901Z
RUN ticket=1181 runId=39e1618c-c1f8-4d35-bebf-d34ff633db88 cmd="node --test packages/skill-bill/test/t1181-collect-copy.test.mjs" waitedMs=0 exit=0 pid=71164 at=2026-10-07T18:57:06.036Z
START ticket=1181 runId=2a919054-2082-4168-8c0d-e8fbf0fd177d cmd="node node_modules/typescript/bin/tsc -b packages/skill-bill --force" waitedMs=0 pid=50904 at=2026-10-07T18:58:37.973Z
RUN ticket=1181 runId=2a919054-2082-4168-8c0d-e8fbf0fd177d cmd="node node_modules/typescript/bin/tsc -b packages/skill-bill --force" waitedMs=0 exit=0 pid=50904 at=2026-10-07T18:58:39.904Z
START ticket=1181 runId=627b4f79-4076-4d86-9676-21882afce872 cmd="node --test packages/skill-bill/test/t1181-collect-copy.test.mjs" waitedMs=0 pid=71096 at=2026-10-07T18:58:43.544Z
RUN ticket=1181 runId=627b4f79-4076-4d86-9676-21882afce872 cmd="node --test packages/skill-bill/test/t1181-collect-copy.test.mjs" waitedMs=0 exit=0 pid=71096 at=2026-10-07T18:58:43.690Z
START ticket=1181 runId=bb57b797-f44a-42ae-b7d5-039fa857f47b cmd="node node_modules/typescript/bin/tsc -b packages/skill-bill --force" waitedMs=0 pid=51572 at=2026-10-07T19:05:34.744Z
RUN ticket=1181 runId=bb57b797-f44a-42ae-b7d5-039fa857f47b cmd="node node_modules/typescript/bin/tsc -b packages/skill-bill --force" waitedMs=0 exit=0 pid=51572 at=2026-10-07T19:05:36.625Z
START ticket=1181 runId=d68ce282-90d8-43a9-bbd4-4621c6d5b913 cmd="node --test packages/skill-bill/test/t1181-collect-copy.test.mjs" waitedMs=0 pid=43696 at=2026-10-07T19:05:40.264Z
RUN ticket=1181 runId=d68ce282-90d8-43a9-bbd4-4621c6d5b913 cmd="node --test packages/skill-bill/test/t1181-collect-copy.test.mjs" waitedMs=0 exit=0 pid=43696 at=2026-10-07T19:05:40.406Z
START ticket=1181 runId=842bfbea-b325-45f2-bd14-2247d723f3af cmd="node packages/skill-bill/scripts/gen-page-fingerprints.mjs --check" waitedMs=0 pid=61120 at=2026-10-07T19:05:43.617Z
RUN ticket=1181 runId=842bfbea-b325-45f2-bd14-2247d723f3af cmd="node packages/skill-bill/scripts/gen-page-fingerprints.mjs --check" waitedMs=0 exit=1 pid=61120 at=2026-10-07T19:06:07.018Z
START ticket=1181 runId=906e31e7-7c9f-4a43-80fc-230ae8be106b cmd="node packages/skill-bill/scripts/gen-page-fingerprints.mjs --write --declare-layout-change 1181" waitedMs=0 pid=29860 at=2026-10-07T19:06:13.649Z
RUN ticket=1181 runId=906e31e7-7c9f-4a43-80fc-230ae8be106b cmd="node packages/skill-bill/scripts/gen-page-fingerprints.mjs --write --declare-layout-change 1181" waitedMs=0 exit=0 pid=29860 at=2026-10-07T19:06:36.804Z
START ticket=1181 runId=3904e915-602a-4911-817c-e2a2e34a9839 cmd="node packages/skill-bill/scripts/gen-page-fingerprints.mjs --check" waitedMs=0 pid=35692 at=2026-10-07T19:07:41.212Z
RUN ticket=1181 runId=3904e915-602a-4911-817c-e2a2e34a9839 cmd="node packages/skill-bill/scripts/gen-page-fingerprints.mjs --check" waitedMs=0 exit=0 pid=35692 at=2026-10-07T19:08:02.883Z
START ticket=1181 runId=8a560887-04c7-4bcf-83c0-3ad688151f46 cmd="node node_modules/typescript/bin/tsc -b packages/skill-bill --force" waitedMs=1 pid=17256 at=2026-10-07T19:08:41.937Z
RUN ticket=1181 runId=8a560887-04c7-4bcf-83c0-3ad688151f46 cmd="node node_modules/typescript/bin/tsc -b packages/skill-bill --force" waitedMs=1 exit=0 pid=17256 at=2026-10-07T19:08:43.734Z
START ticket=1181 runId=fe86f42e-32d6-4ba2-ae66-6e3addd8f8e3 cmd="node --test packages/skill-bill/test/t1181-collect-copy.test.mjs" waitedMs=0 pid=62800 at=2026-10-07T19:08:43.787Z
RUN ticket=1181 runId=fe86f42e-32d6-4ba2-ae66-6e3addd8f8e3 cmd="node --test packages/skill-bill/test/t1181-collect-copy.test.mjs" waitedMs=0 exit=1 pid=62800 at=2026-10-07T19:08:43.929Z
START ticket=1181 runId=41fb4c76-bc1a-4a98-b88a-bff6987b8cb1 cmd="node node_modules/typescript/bin/tsc -b packages/skill-bill --force" waitedMs=1 pid=27444 at=2026-10-07T19:08:53.955Z
RUN ticket=1181 runId=41fb4c76-bc1a-4a98-b88a-bff6987b8cb1 cmd="node node_modules/typescript/bin/tsc -b packages/skill-bill --force" waitedMs=1 exit=0 pid=27444 at=2026-10-07T19:08:55.718Z
START ticket=1181 runId=7b0bf7ac-1fdf-469c-a3ba-3d5e94c9a7f1 cmd="node --test packages/skill-bill/test/t1181-collect-copy.test.mjs" waitedMs=0 pid=46388 at=2026-10-07T19:08:55.770Z
RUN ticket=1181 runId=7b0bf7ac-1fdf-469c-a3ba-3d5e94c9a7f1 cmd="node --test packages/skill-bill/test/t1181-collect-copy.test.mjs" waitedMs=0 exit=0 pid=46388 at=2026-10-07T19:08:55.901Z
START ticket=1181 runId=fb8b4c61-8ada-4bb7-b1ba-79429e415582 cmd="node --test packages/skill-bill/test/t1180-receipt-copy.test.mjs" waitedMs=0 pid=25772 at=2026-10-07T19:09:36.450Z
RUN ticket=1181 runId=fb8b4c61-8ada-4bb7-b1ba-79429e415582 cmd="node --test packages/skill-bill/test/t1180-receipt-copy.test.mjs" waitedMs=0 exit=0 pid=25772 at=2026-10-07T19:09:36.584Z
START ticket=1181 runId=e688142a-c223-407d-900d-3a3656f45024 cmd="node --test packages/skill-bill/test/desktop-copy.test.mjs" waitedMs=0 pid=7060 at=2026-10-07T19:09:40.143Z
RUN ticket=1181 runId=e688142a-c223-407d-900d-3a3656f45024 cmd="node --test packages/skill-bill/test/desktop-copy.test.mjs" waitedMs=0 exit=0 pid=7060 at=2026-10-07T19:09:40.445Z
START ticket=1181 runId=e4149a72-3238-466c-815d-1ab57e1a0fea cmd="node packages/skill-bill/scripts/check-warning-line.mjs" waitedMs=0 pid=16964 at=2026-10-07T19:09:43.922Z
RUN ticket=1181 runId=e4149a72-3238-466c-815d-1ab57e1a0fea cmd="node packages/skill-bill/scripts/check-warning-line.mjs" waitedMs=0 exit=1 pid=16964 at=2026-10-07T19:09:44.157Z
START ticket=1181 runId=ba314bc2-81bb-434a-9841-bf368885e256 cmd="git add packages/skill-bill/src/write/collectCopyText.ts packages/skill-bill/src/write/saySheet.ts packages/skill-bill/src/write/template-expense.ts packages/skill-bill/src/write/template-flow.ts packages/skill-bill/src/write/template-batch.ts packages/skill-bill/src/write/template-installment.ts packages/skill-bill/src/write/template-update.ts packages/skill-bill/test/t1181-collect-copy.test.mjs packages/skill-bill/test/t689-页面指纹.json" waitedMs=1 pid=3216 at=2026-10-07T19:12:29.933Z
RUN ticket=1181 runId=ba314bc2-81bb-434a-9841-bf368885e256 cmd="git add packages/skill-bill/src/write/collectCopyText.ts packages/skill-bill/src/write/saySheet.ts packages/skill-bill/src/write/template-expense.ts packages/skill-bill/src/write/template-flow.ts packages/skill-bill/src/write/template-batch.ts packages/skill-bill/src/write/template-installment.ts packages/skill-bill/src/write/template-update.ts packages/skill-bill/test/t1181-collect-copy.test.mjs packages/skill-bill/test/t689-页面指纹.json" waitedMs=1 exit=0 pid=3216 at=2026-10-07T19:12:29.989Z
START ticket=1181 runId=617fd932-66b5-4b02-b4df-c25acfdd15ce cmd="git commit -F .scratch/t1181/commit-msg1.txt -- packages/skill-bill/src/write/collectCopyText.ts packages/skill-bill/src/write/saySheet.ts packages/skill-bill/src/write/template-expense.ts packages/skill-bill/src/write/template-flow.ts packages/skill-bill/src/write/template-batch.ts packages/skill-bill/src/write/template-installment.ts packages/skill-bill/src/write/template-update.ts packages/skill-bill/test/t1181-collect-copy.test.mjs packages/skill-bill/test/t689-页面指纹.json" waitedMs=0 pid=43456 at=2026-10-07T19:12:41.498Z
RUN ticket=1181 runId=617fd932-66b5-4b02-b4df-c25acfdd15ce cmd="git commit -F .scratch/t1181/commit-msg1.txt -- packages/skill-bill/src/write/collectCopyText.ts packages/skill-bill/src/write/saySheet.ts packages/skill-bill/src/write/template-expense.ts packages/skill-bill/src/write/template-flow.ts packages/skill-bill/src/write/template-batch.ts packages/skill-bill/src/write/template-installment.ts packages/skill-bill/src/write/template-update.ts packages/skill-bill/test/t1181-collect-copy.test.mjs packages/skill-bill/test/t689-页面指纹.json" waitedMs=0 exit=0 pid=43456 at=2026-10-07T19:12:41.574Z
START ticket=1181 runId=e3917adf-171b-4ed0-a5d2-9f24c4aba551 cmd="node -e \"import('./packages/skill-bill/dist/write/collectCopyText.js').then(m=>{const fs=require('fs'); const facts={category:'餐饮',amount:-12.5,time:'',account:'支付宝',ledger:'',note:'',currency:'',missing:['时间']}; fs.writeFileSync('.scratch/t1181/collect-text.txt', m.buildCollectCopyText('记支出','expense',facts)); fs.writeFileSync('.scratch/t1181/collect-json.json', m.buildCollectCopyJson('记支出','expense','bill.record.add',facts)); fs.writeFileSync('.scratch/t1181/collect-csv.csv', m.buildCollectCopyCsv('记支出','expense',facts)); console.log('SAMPLE-OK');})\"" waitedMs=0 pid=11392 at=2026-10-07T19:13:05.334Z
RUN ticket=1181 runId=e3917adf-171b-4ed0-a5d2-9f24c4aba551 cmd="node -e \"import('./packages/skill-bill/dist/write/collectCopyText.js').then(m=>{const fs=require('fs'); const facts={category:'餐饮',amount:-12.5,time:'',account:'支付宝',ledger:'',note:'',currency:'',missing:['时间']}; fs.writeFileSync('.scratch/t1181/collect-text.txt', m.buildCollectCopyText('记支出','expense',facts)); fs.writeFileSync('.scratch/t1181/collect-json.json', m.buildCollectCopyJson('记支出','expense','bill.record.add',facts)); fs.writeFileSync('.scratch/t1181/collect-csv.csv', m.buildCollectCopyCsv('记支出','expense',facts)); console.log('SAMPLE-OK');})\"" waitedMs=0 exit=0 pid=11392 at=2026-10-07T19:13:05.399Z
START ticket=1181 runId=6c8eaffa-ad68-45f2-a29d-44ce5e02aa5b cmd="git merge integ/1179-bill-copy-three-forms -m \"merge integ\"" waitedMs=0 pid=11404 at=2026-10-07T19:14:09.214Z
RUN ticket=1181 runId=6c8eaffa-ad68-45f2-a29d-44ce5e02aa5b cmd="git merge integ/1179-bill-copy-three-forms -m \"merge integ\"" waitedMs=0 exit=0 pid=11404 at=2026-10-07T19:14:09.355Z
START ticket=1181 runId=12c1e733-03d4-4a9e-8070-199727d640d6 cmd="node packages/skill-bill/scripts/gen-page-fingerprints.mjs --check" waitedMs=0 pid=27596 at=2026-10-07T19:14:25.365Z
RUN ticket=1181 runId=12c1e733-03d4-4a9e-8070-199727d640d6 cmd="node packages/skill-bill/scripts/gen-page-fingerprints.mjs --check" waitedMs=0 exit=1 pid=27596 at=2026-10-07T19:14:50.611Z
START ticket=1181 runId=02e95afe-127e-4c36-83a3-4803d1c855ab cmd="node node_modules/typescript/bin/tsc -b packages/skill-bill --force" waitedMs=0 pid=38868 at=2026-10-07T19:15:42.587Z
RUN ticket=1181 runId=02e95afe-127e-4c36-83a3-4803d1c855ab cmd="node node_modules/typescript/bin/tsc -b packages/skill-bill --force" waitedMs=0 exit=0 pid=38868 at=2026-10-07T19:15:44.727Z
START ticket=1181 runId=b41159eb-36c3-4c67-a40d-60e8845e698c cmd="node packages/skill-bill/scripts/gen-page-fingerprints.mjs --check" waitedMs=0 pid=8140 at=2026-10-07T19:15:44.783Z
RUN ticket=1181 runId=b41159eb-36c3-4c67-a40d-60e8845e698c cmd="node packages/skill-bill/scripts/gen-page-fingerprints.mjs --check" waitedMs=0 exit=0 pid=8140 at=2026-10-07T19:16:09.543Z
START ticket=1181 runId=889e40f7-09c8-434e-b18b-304d0ad1d649 cmd="node --test packages/skill-bill/test/t1181-collect-copy.test.mjs" waitedMs=0 pid=64652 at=2026-10-07T19:16:17.318Z
RUN ticket=1181 runId=889e40f7-09c8-434e-b18b-304d0ad1d649 cmd="node --test packages/skill-bill/test/t1181-collect-copy.test.mjs" waitedMs=0 exit=0 pid=64652 at=2026-10-07T19:16:17.455Z
START ticket=1181 runId=3162dcbe-dd8f-4f0a-a810-4bd5ca24890d cmd="node --test packages/skill-bill/test/t1180-receipt-copy.test.mjs" waitedMs=1 pid=64732 at=2026-10-07T19:16:24.352Z
RUN ticket=1181 runId=3162dcbe-dd8f-4f0a-a810-4bd5ca24890d cmd="node --test packages/skill-bill/test/t1180-receipt-copy.test.mjs" waitedMs=1 exit=0 pid=64732 at=2026-10-07T19:16:24.489Z
START ticket=1181 runId=fbb04758-301d-42eb-8725-f5000e4ff0dc cmd="node --test packages/skill-bill/test/desktop-copy.test.mjs" waitedMs=0 pid=35496 at=2026-10-07T19:17:12.020Z
RUN ticket=1181 runId=fbb04758-301d-42eb-8725-f5000e4ff0dc cmd="node --test packages/skill-bill/test/desktop-copy.test.mjs" waitedMs=0 exit=0 pid=35496 at=2026-10-07T19:17:12.317Z
