START ticket=686 runId=a39051bf-4bdc-4f7b-9f01-a3deb002e1a8 cmd="node packages/skill-bill/scripts/check-warning-line.mjs" waitedMs=10012 pid=47140 at=2026-09-19T01:48:15.820Z
RUN ticket=686 runId=a39051bf-4bdc-4f7b-9f01-a3deb002e1a8 cmd="node packages/skill-bill/scripts/check-warning-line.mjs" waitedMs=10012 exit=1 pid=47140 at=2026-09-19T01:48:15.915Z
START ticket=686 runId=718f7dfb-afc5-450d-b0d6-dffac6ba21d4 cmd="node packages/skill-bill/scripts/check-ratchet-tight.mjs" waitedMs=0 pid=40808 at=2026-09-19T01:49:15.581Z
RUN ticket=686 runId=718f7dfb-afc5-450d-b0d6-dffac6ba21d4 cmd="node packages/skill-bill/scripts/check-ratchet-tight.mjs" waitedMs=0 exit=1 pid=40808 at=2026-09-19T01:49:16.330Z
START ticket=686 runId=ecbd8f87-becf-45ef-84b3-a6360474fc39 cmd="node --test packages/skill-bill/test/cmd-registry-686.test.mjs packages/skill-bill/test/legacy-ratchet-686.test.mjs packages/skill-bill/test/t686-收紧守卫.test.mjs" waitedMs=0 pid=48612 at=2026-09-19T01:49:31.470Z
RUN ticket=686 runId=ecbd8f87-becf-45ef-84b3-a6360474fc39 cmd="node --test packages/skill-bill/test/cmd-registry-686.test.mjs packages/skill-bill/test/legacy-ratchet-686.test.mjs packages/skill-bill/test/t686-收紧守卫.test.mjs" waitedMs=0 exit=1 pid=48612 at=2026-09-19T01:49:32.157Z
START ticket=686 runId=dd58bd64-0422-4b6e-a67e-0483deb745b7 cmd="node packages/skill-bill/scripts/check-warning-line.mjs" waitedMs=0 pid=35332 at=2026-09-19T01:49:41.018Z
RUN ticket=686 runId=dd58bd64-0422-4b6e-a67e-0483deb745b7 cmd="node packages/skill-bill/scripts/check-warning-line.mjs" waitedMs=0 exit=0 pid=35332 at=2026-09-19T01:49:41.099Z
START ticket=686 runId=8087413d-dfd8-47dd-a75e-5fba6f50454a cmd="node --test packages/skill-bill/test/cmd-registry-686.test.mjs packages/skill-bill/test/legacy-ratchet-686.test.mjs packages/skill-bill/test/t686-收紧守卫.test.mjs" waitedMs=0 pid=29512 at=2026-09-19T01:49:45.963Z
RUN ticket=686 runId=8087413d-dfd8-47dd-a75e-5fba6f50454a cmd="node --test packages/skill-bill/test/cmd-registry-686.test.mjs packages/skill-bill/test/legacy-ratchet-686.test.mjs packages/skill-bill/test/t686-收紧守卫.test.mjs" waitedMs=0 exit=1 pid=29512 at=2026-09-19T01:49:46.670Z
START ticket=686 runId=365f2398-2030-44fd-87e7-c3037fbb4731 cmd="node packages/skill-bill/scripts/check-warning-line.mjs --sync --dry" waitedMs=0 pid=43120 at=2026-09-19T01:49:52.980Z
RUN ticket=686 runId=365f2398-2030-44fd-87e7-c3037fbb4731 cmd="node packages/skill-bill/scripts/check-warning-line.mjs --sync --dry" waitedMs=0 exit=0 pid=43120 at=2026-09-19T01:49:53.078Z
START ticket=686 runId=b59936d1-875d-4de2-8cf8-d79c7ef9cca6 cmd="node --test packages/skill-bill/test/cmd-registry-686.test.mjs packages/skill-bill/test/legacy-ratchet-686.test.mjs packages/skill-bill/test/t686-收紧守卫.test.mjs" waitedMs=1 pid=36856 at=2026-09-19T01:49:55.156Z
RUN ticket=686 runId=b59936d1-875d-4de2-8cf8-d79c7ef9cca6 cmd="node --test packages/skill-bill/test/cmd-registry-686.test.mjs packages/skill-bill/test/legacy-ratchet-686.test.mjs packages/skill-bill/test/t686-收紧守卫.test.mjs" waitedMs=1 exit=0 pid=36856 at=2026-09-19T01:49:55.860Z
START ticket=686 runId=f3dd2da7-c527-429f-a437-f7ffc6d45d04 cmd="node packages/skill-bill/scripts/gen-wake-assets.mjs" waitedMs=1 pid=10276 at=2026-09-19T01:50:00.814Z
RUN ticket=686 runId=f3dd2da7-c527-429f-a437-f7ffc6d45d04 cmd="node packages/skill-bill/scripts/gen-wake-assets.mjs" waitedMs=1 exit=0 pid=10276 at=2026-09-19T01:50:00.881Z
START ticket=686 runId=cdbb1210-6618-4ce9-b4b3-8ce2328907c1 cmd="cmd /c \"node packages/skill-bill/scripts/gen-cli.mjs --check && node packages/skill-bill/scripts/gen-wake-assets.mjs --check\"" waitedMs=0 pid=41660 at=2026-09-19T01:50:07.071Z
RUN ticket=686 runId=cdbb1210-6618-4ce9-b4b3-8ce2328907c1 cmd="cmd /c \"node packages/skill-bill/scripts/gen-cli.mjs --check && node packages/skill-bill/scripts/gen-wake-assets.mjs --check\"" waitedMs=0 exit=0 pid=41660 at=2026-09-19T01:50:07.268Z
START ticket=686 runId=feb2acac-6dd4-41bf-9124-f706284e25d4 cmd="node docs/skills/skill-bill/t686-变异探针.mjs" waitedMs=1 pid=30504 at=2026-09-19T01:50:23.648Z
RUN ticket=686 runId=feb2acac-6dd4-41bf-9124-f706284e25d4 cmd="node docs/skills/skill-bill/t686-变异探针.mjs" waitedMs=1 exit=0 pid=30504 at=2026-09-19T01:50:24.192Z
START ticket=686 runId=be57ced3-2707-4d92-ba25-ce19cc646bce cmd="node --test packages/skill-bill/test/t686-告警线门.test.mjs" waitedMs=0 pid=41776 at=2026-09-19T01:50:28.438Z
RUN ticket=686 runId=be57ced3-2707-4d92-ba25-ce19cc646bce cmd="node --test packages/skill-bill/test/t686-告警线门.test.mjs" waitedMs=0 exit=0 pid=41776 at=2026-09-19T01:50:29.579Z
START ticket=686 runId=2b9ed7b9-1ac0-4525-814b-5c14c2148bb0 cmd="cmd /c \"node node_modules/typescript/bin/tsc -b packages/skill-bill && node --test packages/skill-bill/test/\"" waitedMs=0 pid=49492 at=2026-09-19T01:50:30.826Z
RUN ticket=686 runId=2b9ed7b9-1ac0-4525-814b-5c14c2148bb0 cmd="cmd /c \"node node_modules/typescript/bin/tsc -b packages/skill-bill && node --test packages/skill-bill/test/\"" waitedMs=0 exit=1 pid=49492 at=2026-09-19T01:50:31.532Z
START ticket=686 runId=ad6e398e-66be-44bb-a54f-834261088eef cmd="node --test D:\\ilife\\packages\\skill-bill\\test\\cli.test.mjs D:\\ilife\\packages\\skill-bill\\test\\cmd-registry-686.test.mjs D:\\ilife\\packages\\skill-bill\\test\\desktop-copy.test.mjs D:\\ilife\\packages\\skill-bill\\test\\fetch.test.mjs D:\\ilife\\packages\\skill-bill\\test\\frozen-blocks.test.mjs D:\\ilife\\packages\\skill-bill\\test\\help-delivery-144.test.mjs D:\\ilife\\packages\\skill-bill\\test\\help-exit-148.test.mjs D:\\ilife\\packages\\skill-bill\\test\\help-file-145.test.mjs D:\\ilife\\packages\\skill-bill\\test\\help-reuse-245.test.mjs D:\\ilife\\packages\\skill-bill\\test\\legacy-ratchet-686.test.mjs D:\\ilife\\packages\\skill-bill\\test\\mobile-rework.test.mjs D:\\ilife\\packages\\skill-bill\\test\\policy.test.mjs D:\\ilife\\packages\\skill-bill\\test\\record-write.test.mjs D:\\ilife\\packages\\skill-bill\\test\\render.test.mjs D:\\ilife\\packages\\skill-bill\\test\\shared-judgments.test.mjs D:\\ilife\\packages\\skill-bill\\test\\skill.test.mjs D:\\ilife\\packages\\skill-bill\\test\\t409-wire.test.mjs D:\\ilife\\packages\\skill-bill\\test\\t410-lend-borrow-caliber.test.mjs D:\\ilife\\packages\\skill-bill\\test\\t410-lock.test.mjs D:\\ilife\\packages\\skill-bill\\test\\t411-query-skeleton.test.mjs D:\\ilife\\packages\\skill-bill\\test\\t412-record-today.test.mjs D:\\ilife\\packages\\skill-bill\\test\\t413-record-range.test.mjs D:\\ilife\\packages\\skill-bill\\test\\t414-record-search.test.mjs D:\\ilife\\packages\\skill-bill\\test\\t415-record-detail.test.mjs D:\\ilife\\packages\\skill-bill\\test\\t416-query-wiring.test.mjs D:\\ilife\\packages\\skill-bill\\test\\t417-query-lock.test.mjs D:\\ilife\\packages\\skill-bill\\test\\t418-query-visual.test.mjs D:\\ilife\\packages\\skill-bill\\test\\t469-guard-additions.test.mjs D:\\ilife\\packages\\skill-bill\\test\\t686-告警线门.test.mjs D:\\ilife\\packages\\skill-bill\\test\\t686-收紧守卫.test.mjs D:\\ilife\\packages\\skill-bill\\test\\user-wording.test.mjs D:\\ilife\\packages\\skill-bill\\test\\wake-assets.test.mjs" waitedMs=0 pid=49892 at=2026-09-19T01:50:37.741Z
RUN ticket=686 runId=ad6e398e-66be-44bb-a54f-834261088eef cmd="node --test D:\\ilife\\packages\\skill-bill\\test\\cli.test.mjs D:\\ilife\\packages\\skill-bill\\test\\cmd-registry-686.test.mjs D:\\ilife\\packages\\skill-bill\\test\\desktop-copy.test.mjs D:\\ilife\\packages\\skill-bill\\test\\fetch.test.mjs D:\\ilife\\packages\\skill-bill\\test\\frozen-blocks.test.mjs D:\\ilife\\packages\\skill-bill\\test\\help-delivery-144.test.mjs D:\\ilife\\packages\\skill-bill\\test\\help-exit-148.test.mjs D:\\ilife\\packages\\skill-bill\\test\\help-file-145.test.mjs D:\\ilife\\packages\\skill-bill\\test\\help-reuse-245.test.mjs D:\\ilife\\packages\\skill-bill\\test\\legacy-ratchet-686.test.mjs D:\\ilife\\packages\\skill-bill\\test\\mobile-rework.test.mjs D:\\ilife\\packages\\skill-bill\\test\\policy.test.mjs D:\\ilife\\packages\\skill-bill\\test\\record-write.test.mjs D:\\ilife\\packages\\skill-bill\\test\\render.test.mjs D:\\ilife\\packages\\skill-bill\\test\\shared-judgments.test.mjs D:\\ilife\\packages\\skill-bill\\test\\skill.test.mjs D:\\ilife\\packages\\skill-bill\\test\\t409-wire.test.mjs D:\\ilife\\packages\\skill-bill\\test\\t410-lend-borrow-caliber.test.mjs D:\\ilife\\packages\\skill-bill\\test\\t410-lock.test.mjs D:\\ilife\\packages\\skill-bill\\test\\t411-query-skeleton.test.mjs D:\\ilife\\packages\\skill-bill\\test\\t412-record-today.test.mjs D:\\ilife\\packages\\skill-bill\\test\\t413-record-range.test.mjs D:\\ilife\\packages\\skill-bill\\test\\t414-record-search.test.mjs D:\\ilife\\packages\\skill-bill\\test\\t415-record-detail.test.mjs D:\\ilife\\packages\\skill-bill\\test\\t416-query-wiring.test.mjs D:\\ilife\\packages\\skill-bill\\test\\t417-query-lock.test.mjs D:\\ilife\\packages\\skill-bill\\test\\t418-query-visual.test.mjs D:\\ilife\\packages\\skill-bill\\test\\t469-guard-additions.test.mjs D:\\ilife\\packages\\skill-bill\\test\\t686-告警线门.test.mjs D:\\ilife\\packages\\skill-bill\\test\\t686-收紧守卫.test.mjs D:\\ilife\\packages\\skill-bill\\test\\user-wording.test.mjs D:\\ilife\\packages\\skill-bill\\test\\wake-assets.test.mjs" waitedMs=0 exit=1 pid=49892 at=2026-09-19T01:50:44.837Z
START ticket=686 runId=3d6d5da6-cac9-4250-a4d9-c08eae969163 cmd="node packages/skill-bill/scripts/check-warning-line.mjs" waitedMs=10010 pid=47504 at=2026-09-19T01:50:51.915Z
RUN ticket=686 runId=3d6d5da6-cac9-4250-a4d9-c08eae969163 cmd="node packages/skill-bill/scripts/check-warning-line.mjs" waitedMs=10010 exit=1 pid=47504 at=2026-09-19T01:50:52.003Z
START ticket=686 runId=8716982e-9a5f-4775-b2c6-93d69ec87e80 cmd="node packages/skill-bill/scripts/check-warning-line.mjs --sync --dry" waitedMs=0 pid=10388 at=2026-09-19T01:50:52.058Z
RUN ticket=686 runId=8716982e-9a5f-4775-b2c6-93d69ec87e80 cmd="node packages/skill-bill/scripts/check-warning-line.mjs --sync --dry" waitedMs=0 exit=1 pid=10388 at=2026-09-19T01:50:52.140Z
START ticket=686 runId=4046088f-dc54-4b97-a1b2-ec09160305fb cmd="node packages/skill-bill/scripts/check-warning-line.mjs --sync" waitedMs=1 pid=43284 at=2026-09-19T01:50:56.692Z
RUN ticket=686 runId=4046088f-dc54-4b97-a1b2-ec09160305fb cmd="node packages/skill-bill/scripts/check-warning-line.mjs --sync" waitedMs=1 exit=0 pid=43284 at=2026-09-19T01:50:56.783Z
START ticket=686 runId=377af7f3-a1a3-45c8-993e-3fb910f00385 cmd="node packages/skill-bill/scripts/check-warning-line.mjs" waitedMs=0 pid=38360 at=2026-09-19T01:50:56.835Z
RUN ticket=686 runId=377af7f3-a1a3-45c8-993e-3fb910f00385 cmd="node packages/skill-bill/scripts/check-warning-line.mjs" waitedMs=0 exit=0 pid=38360 at=2026-09-19T01:50:56.912Z
START ticket=686 runId=4780b62e-4f4d-4b80-9548-7610d9048805 cmd="git commit -F .scratch/t686/commit-1.txt -- docs/skills/skill-bill/t686-变异探针.mjs package.json packages/skill-bill/package.json packages/skill-bill/scripts/check-ratchet-tight.mjs packages/skill-bill/scripts/gen-wake-assets.mjs packages/skill-bill/scripts/ratchet-frozen-686.mjs packages/skill-bill/src/triggers/wake-assets.ts packages/skill-bill/test/cmd-registry-686.test.mjs packages/skill-bill/test/legacy-ratchet-686.test.mjs packages/skill-bill/test/t686-收紧守卫.test.mjs" waitedMs=0 pid=43872 at=2026-09-19T01:51:13.666Z
RUN ticket=686 runId=4780b62e-4f4d-4b80-9548-7610d9048805 cmd="git commit -F .scratch/t686/commit-1.txt -- docs/skills/skill-bill/t686-变异探针.mjs package.json packages/skill-bill/package.json packages/skill-bill/scripts/check-ratchet-tight.mjs packages/skill-bill/scripts/gen-wake-assets.mjs packages/skill-bill/scripts/ratchet-frozen-686.mjs packages/skill-bill/src/triggers/wake-assets.ts packages/skill-bill/test/cmd-registry-686.test.mjs packages/skill-bill/test/legacy-ratchet-686.test.mjs packages/skill-bill/test/t686-收紧守卫.test.mjs" waitedMs=0 exit=0 pid=43872 at=2026-09-19T01:51:13.751Z
START ticket=686 runId=62d49639-3936-4a49-afc4-04ae53897c33 cmd="node docs/skills/skill-bill/t686-加命令探针.mjs" waitedMs=0 pid=38520 at=2026-09-19T01:51:30.973Z
RUN ticket=686 runId=62d49639-3936-4a49-afc4-04ae53897c33 cmd="node docs/skills/skill-bill/t686-加命令探针.mjs" waitedMs=0 exit=1 pid=38520 at=2026-09-19T01:51:31.062Z
START ticket=686 runId=e17957f2-8635-470d-8e68-d7996f02ce6d cmd="node --test packages/skill-bill/test/t686-告警线门.test.mjs" waitedMs=1 pid=33500 at=2026-09-19T01:51:33.681Z
RUN ticket=686 runId=e17957f2-8635-470d-8e68-d7996f02ce6d cmd="node --test packages/skill-bill/test/t686-告警线门.test.mjs" waitedMs=1 exit=0 pid=33500 at=2026-09-19T01:51:34.797Z
START ticket=686 runId=dc6c3042-cab3-4215-8d82-1dca9206a775 cmd="node packages/skill-bill/scripts/check-warning-line.mjs" waitedMs=0 pid=24948 at=2026-09-19T01:51:34.849Z
RUN ticket=686 runId=dc6c3042-cab3-4215-8d82-1dca9206a775 cmd="node packages/skill-bill/scripts/check-warning-line.mjs" waitedMs=0 exit=0 pid=24948 at=2026-09-19T01:51:34.924Z
START ticket=686 runId=9f0dcb1e-0155-4fec-8521-5fd53ec0ffb9 cmd="node --test packages/skill-bill/test/" waitedMs=0 pid=3404 at=2026-09-19T01:51:46.074Z
RUN ticket=686 runId=9f0dcb1e-0155-4fec-8521-5fd53ec0ffb9 cmd="node --test packages/skill-bill/test/" waitedMs=0 exit=1 pid=3404 at=2026-09-19T01:51:46.213Z
START ticket=686 runId=05e787d1-9f67-42a9-9407-916c9a01674c cmd="node --test packages/skill-bill/test/*.test.mjs" waitedMs=0 pid=42484 at=2026-09-19T01:52:04.567Z
RUN ticket=686 runId=05e787d1-9f67-42a9-9407-916c9a01674c cmd="node --test packages/skill-bill/test/*.test.mjs" waitedMs=0 exit=0 pid=42484 at=2026-09-19T01:52:11.748Z
START ticket=686 runId=5bb88012-b709-411e-a6cf-fd215e97ab26 cmd="node docs/skills/skill-bill/t686-加命令探针.mjs" waitedMs=0 pid=47372 at=2026-09-19T01:52:26.514Z
RUN ticket=686 runId=5bb88012-b709-411e-a6cf-fd215e97ab26 cmd="node docs/skills/skill-bill/t686-加命令探针.mjs" waitedMs=0 exit=1 pid=47372 at=2026-09-19T01:52:26.803Z
START ticket=686 runId=80dbb78b-20ea-4d79-9b7e-1c56f3bf0b4f cmd="node .scratch/t686/告警线门-五种红探针.mjs" waitedMs=0 pid=11104 at=2026-09-19T01:52:37.066Z
RUN ticket=686 runId=80dbb78b-20ea-4d79-9b7e-1c56f3bf0b4f cmd="node .scratch/t686/告警线门-五种红探针.mjs" waitedMs=0 exit=0 pid=11104 at=2026-09-19T01:52:37.595Z
START ticket=686 runId=733a69bf-b2cf-4286-8749-4de3ee1f0826 cmd="node docs/skills/skill-bill/t686-加命令探针.mjs" waitedMs=1 pid=39512 at=2026-09-19T01:52:42.449Z
RUN ticket=686 runId=733a69bf-b2cf-4286-8749-4de3ee1f0826 cmd="node docs/skills/skill-bill/t686-加命令探针.mjs" waitedMs=1 exit=1 pid=39512 at=2026-09-19T01:52:43.822Z
START ticket=686 runId=20bdb4c1-41e1-46d9-ac50-6cdbdd17ad8a cmd="node docs/skills/skill-bill/t686-加命令探针.mjs" waitedMs=0 pid=33436 at=2026-09-19T01:52:58.682Z
RUN ticket=686 runId=20bdb4c1-41e1-46d9-ac50-6cdbdd17ad8a cmd="node docs/skills/skill-bill/t686-加命令探针.mjs" waitedMs=0 exit=1 pid=33436 at=2026-09-19T01:53:00.207Z
START ticket=686 runId=9d6ebcd2-5231-4708-8e83-6d2c693dc89e cmd="node docs/skills/skill-bill/t686-加命令探针.mjs" waitedMs=0 pid=49512 at=2026-09-19T01:53:28.439Z
RUN ticket=686 runId=9d6ebcd2-5231-4708-8e83-6d2c693dc89e cmd="node docs/skills/skill-bill/t686-加命令探针.mjs" waitedMs=0 exit=1 pid=49512 at=2026-09-19T01:53:31.294Z
START ticket=686 runId=0c8e5f48-83d0-4b1a-bead-4a161758ec92 cmd="git add packages/skill-bill/scripts/check-warning-line.mjs packages/skill-bill/test/t686-告警线门.test.mjs packages/skill-bill/AGENTS.md docs/skills/skill-bill/t686-告警线门-证据.md" waitedMs=0 pid=22812 at=2026-09-19T01:53:31.698Z
RUN ticket=686 runId=0c8e5f48-83d0-4b1a-bead-4a161758ec92 cmd="git add packages/skill-bill/scripts/check-warning-line.mjs packages/skill-bill/test/t686-告警线门.test.mjs packages/skill-bill/AGENTS.md docs/skills/skill-bill/t686-告警线门-证据.md" waitedMs=0 exit=0 pid=22812 at=2026-09-19T01:53:31.742Z
START ticket=686 runId=90d246d8-dd4f-4848-812a-0788f385db6f cmd="git commit -m \"#686 第 3 件：行数门（机器扫 ＋ 对账台账 ＋ 生成物自动剔除）\" -- packages/skill-bill/scripts/check-warning-line.mjs packages/skill-bill/test/t686-告警线门.test.mjs packages/skill-bill/AGENTS.md docs/skills/skill-bill/t686-告警线门-证据.md" waitedMs=0 pid=29904 at=2026-09-19T01:53:36.484Z
RUN ticket=686 runId=90d246d8-dd4f-4848-812a-0788f385db6f cmd="git commit -m \"#686 第 3 件：行数门（机器扫 ＋ 对账台账 ＋ 生成物自动剔除）\" -- packages/skill-bill/scripts/check-warning-line.mjs packages/skill-bill/test/t686-告警线门.test.mjs packages/skill-bill/AGENTS.md docs/skills/skill-bill/t686-告警线门-证据.md" waitedMs=0 exit=0 pid=29904 at=2026-09-19T01:53:36.566Z
START ticket=686 runId=036e11ea-a629-416c-8145-32a0b16e1e97 cmd="node packages/skill-bill/scripts/check-warning-line.mjs" waitedMs=0 pid=2600 at=2026-09-19T01:53:40.395Z
RUN ticket=686 runId=036e11ea-a629-416c-8145-32a0b16e1e97 cmd="node packages/skill-bill/scripts/check-warning-line.mjs" waitedMs=0 exit=0 pid=2600 at=2026-09-19T01:53:40.479Z
START ticket=686 runId=a7ef2d3e-bb46-470f-9800-f27ad3fadc5f cmd="node --test packages/skill-bill/test/t686-告警线门.test.mjs" waitedMs=0 pid=46240 at=2026-09-19T01:53:40.544Z
RUN ticket=686 runId=a7ef2d3e-bb46-470f-9800-f27ad3fadc5f cmd="node --test packages/skill-bill/test/t686-告警线门.test.mjs" waitedMs=0 exit=0 pid=46240 at=2026-09-19T01:53:41.626Z
START ticket=686 runId=332080d1-7f95-4815-96c9-ec9fe3d381a1 cmd="node docs/skills/skill-bill/t686-加命令探针.mjs" waitedMs=0 pid=41020 at=2026-09-19T01:53:46.868Z
RUN ticket=686 runId=332080d1-7f95-4815-96c9-ec9fe3d381a1 cmd="node docs/skills/skill-bill/t686-加命令探针.mjs" waitedMs=0 exit=0 pid=41020 at=2026-09-19T01:53:49.904Z
START ticket=686 runId=e69f9f26-1676-455c-9725-64eec701c9cb cmd="git add docs/skills/skill-bill/t686-告警线门-证据.md" waitedMs=0 pid=49348 at=2026-09-19T01:53:52.713Z
RUN ticket=686 runId=e69f9f26-1676-455c-9725-64eec701c9cb cmd="git add docs/skills/skill-bill/t686-告警线门-证据.md" waitedMs=0 exit=0 pid=49348 at=2026-09-19T01:53:52.756Z
START ticket=686 runId=140352cb-16c8-46b7-9a5b-7dc0893caeec cmd="git commit -m \"#686 第 3 件：证据件补提交后复跑读数与 GATE-RUN 行\" -- docs/skills/skill-bill/t686-告警线门-证据.md" waitedMs=0 pid=41836 at=2026-09-19T01:53:52.862Z
RUN ticket=686 runId=140352cb-16c8-46b7-9a5b-7dc0893caeec cmd="git commit -m \"#686 第 3 件：证据件补提交后复跑读数与 GATE-RUN 行\" -- docs/skills/skill-bill/t686-告警线门-证据.md" waitedMs=0 exit=0 pid=41836 at=2026-09-19T01:53:52.932Z
START ticket=686 runId=72b05cc6-8259-49fa-8f67-d4d11aaa1923 cmd="node packages/skill-bill/scripts/check-warning-line.mjs" waitedMs=0 pid=16584 at=2026-09-19T01:53:57.826Z
RUN ticket=686 runId=72b05cc6-8259-49fa-8f67-d4d11aaa1923 cmd="node packages/skill-bill/scripts/check-warning-line.mjs" waitedMs=0 exit=0 pid=16584 at=2026-09-19T01:53:57.907Z
START ticket=686 runId=3a42d0da-ffea-4703-b554-b4ad880617a2 cmd="pnpm gen:check" waitedMs=10002 pid=37096 at=2026-09-19T01:54:07.902Z
RUN ticket=686 runId=3a42d0da-ffea-4703-b554-b4ad880617a2 cmd="pnpm gen:check" waitedMs=10002 exit=0 pid=37096 at=2026-09-19T01:54:10.580Z
START ticket=686 runId=057cfc83-c39c-4228-b1f1-d50bc45fb50a cmd="node packages/skill-bill/scripts/check-warning-line.mjs" waitedMs=1 pid=19260 at=2026-09-19T01:54:26.979Z
RUN ticket=686 runId=057cfc83-c39c-4228-b1f1-d50bc45fb50a cmd="node packages/skill-bill/scripts/check-warning-line.mjs" waitedMs=1 exit=0 pid=19260 at=2026-09-19T01:54:27.059Z
START ticket=686 runId=309b6212-fbac-4d2a-aec9-40ce22ce4832 cmd="node --test D:\\ilife\\packages\\skill-bill\\test\\cli.test.mjs D:\\ilife\\packages\\skill-bill\\test\\cmd-registry-686.test.mjs D:\\ilife\\packages\\skill-bill\\test\\desktop-copy.test.mjs D:\\ilife\\packages\\skill-bill\\test\\fetch.test.mjs D:\\ilife\\packages\\skill-bill\\test\\frozen-blocks.test.mjs D:\\ilife\\packages\\skill-bill\\test\\help-delivery-144.test.mjs D:\\ilife\\packages\\skill-bill\\test\\help-exit-148.test.mjs D:\\ilife\\packages\\skill-bill\\test\\help-file-145.test.mjs D:\\ilife\\packages\\skill-bill\\test\\help-reuse-245.test.mjs D:\\ilife\\packages\\skill-bill\\test\\legacy-ratchet-686.test.mjs D:\\ilife\\packages\\skill-bill\\test\\mobile-rework.test.mjs D:\\ilife\\packages\\skill-bill\\test\\policy.test.mjs D:\\ilife\\packages\\skill-bill\\test\\record-write.test.mjs D:\\ilife\\packages\\skill-bill\\test\\render.test.mjs D:\\ilife\\packages\\skill-bill\\test\\shared-judgments.test.mjs D:\\ilife\\packages\\skill-bill\\test\\skill.test.mjs D:\\ilife\\packages\\skill-bill\\test\\t409-wire.test.mjs D:\\ilife\\packages\\skill-bill\\test\\t410-lend-borrow-caliber.test.mjs D:\\ilife\\packages\\skill-bill\\test\\t410-lock.test.mjs D:\\ilife\\packages\\skill-bill\\test\\t411-query-skeleton.test.mjs D:\\ilife\\packages\\skill-bill\\test\\t412-record-today.test.mjs D:\\ilife\\packages\\skill-bill\\test\\t413-record-range.test.mjs D:\\ilife\\packages\\skill-bill\\test\\t414-record-search.test.mjs D:\\ilife\\packages\\skill-bill\\test\\t415-record-detail.test.mjs D:\\ilife\\packages\\skill-bill\\test\\t416-query-wiring.test.mjs D:\\ilife\\packages\\skill-bill\\test\\t417-query-lock.test.mjs D:\\ilife\\packages\\skill-bill\\test\\t418-query-visual.test.mjs D:\\ilife\\packages\\skill-bill\\test\\t469-guard-additions.test.mjs D:\\ilife\\packages\\skill-bill\\test\\t686-告警线门.test.mjs D:\\ilife\\packages\\skill-bill\\test\\t686-收紧守卫.test.mjs D:\\ilife\\packages\\skill-bill\\test\\user-wording.test.mjs D:\\ilife\\packages\\skill-bill\\test\\wake-assets.test.mjs" waitedMs=0 pid=47308 at=2026-09-19T01:54:32.543Z
RUN ticket=686 runId=309b6212-fbac-4d2a-aec9-40ce22ce4832 cmd="node --test D:\\ilife\\packages\\skill-bill\\test\\cli.test.mjs D:\\ilife\\packages\\skill-bill\\test\\cmd-registry-686.test.mjs D:\\ilife\\packages\\skill-bill\\test\\desktop-copy.test.mjs D:\\ilife\\packages\\skill-bill\\test\\fetch.test.mjs D:\\ilife\\packages\\skill-bill\\test\\frozen-blocks.test.mjs D:\\ilife\\packages\\skill-bill\\test\\help-delivery-144.test.mjs D:\\ilife\\packages\\skill-bill\\test\\help-exit-148.test.mjs D:\\ilife\\packages\\skill-bill\\test\\help-file-145.test.mjs D:\\ilife\\packages\\skill-bill\\test\\help-reuse-245.test.mjs D:\\ilife\\packages\\skill-bill\\test\\legacy-ratchet-686.test.mjs D:\\ilife\\packages\\skill-bill\\test\\mobile-rework.test.mjs D:\\ilife\\packages\\skill-bill\\test\\policy.test.mjs D:\\ilife\\packages\\skill-bill\\test\\record-write.test.mjs D:\\ilife\\packages\\skill-bill\\test\\render.test.mjs D:\\ilife\\packages\\skill-bill\\test\\shared-judgments.test.mjs D:\\ilife\\packages\\skill-bill\\test\\skill.test.mjs D:\\ilife\\packages\\skill-bill\\test\\t409-wire.test.mjs D:\\ilife\\packages\\skill-bill\\test\\t410-lend-borrow-caliber.test.mjs D:\\ilife\\packages\\skill-bill\\test\\t410-lock.test.mjs D:\\ilife\\packages\\skill-bill\\test\\t411-query-skeleton.test.mjs D:\\ilife\\packages\\skill-bill\\test\\t412-record-today.test.mjs D:\\ilife\\packages\\skill-bill\\test\\t413-record-range.test.mjs D:\\ilife\\packages\\skill-bill\\test\\t414-record-search.test.mjs D:\\ilife\\packages\\skill-bill\\test\\t415-record-detail.test.mjs D:\\ilife\\packages\\skill-bill\\test\\t416-query-wiring.test.mjs D:\\ilife\\packages\\skill-bill\\test\\t417-query-lock.test.mjs D:\\ilife\\packages\\skill-bill\\test\\t418-query-visual.test.mjs D:\\ilife\\packages\\skill-bill\\test\\t469-guard-additions.test.mjs D:\\ilife\\packages\\skill-bill\\test\\t686-告警线门.test.mjs D:\\ilife\\packages\\skill-bill\\test\\t686-收紧守卫.test.mjs D:\\ilife\\packages\\skill-bill\\test\\user-wording.test.mjs D:\\ilife\\packages\\skill-bill\\test\\wake-assets.test.mjs" waitedMs=0 exit=0 pid=47308 at=2026-09-19T01:54:39.570Z
START ticket=686 runId=a5e5269c-ad47-41c2-abff-0fe299884244 cmd="node packages/skill-bill/scripts/check-ratchet-tight.mjs --selftest" waitedMs=0 pid=33144 at=2026-09-19T01:54:49.814Z
RUN ticket=686 runId=a5e5269c-ad47-41c2-abff-0fe299884244 cmd="node packages/skill-bill/scripts/check-ratchet-tight.mjs --selftest" waitedMs=0 exit=0 pid=33144 at=2026-09-19T01:54:49.883Z
START ticket=686 runId=275691dc-cb9a-4e2d-ba5f-b3fb346ae817 cmd="node packages/skill-bill/scripts/check-ratchet-tight.mjs" waitedMs=0 pid=41676 at=2026-09-19T01:54:49.955Z
RUN ticket=686 runId=275691dc-cb9a-4e2d-ba5f-b3fb346ae817 cmd="node packages/skill-bill/scripts/check-ratchet-tight.mjs" waitedMs=0 exit=0 pid=41676 at=2026-09-19T01:54:50.071Z
START ticket=686 runId=b47fdcf5-6912-4e46-8174-f2361896309f cmd="node packages/skill-bill/scripts/check-ratchet-tight.mjs" waitedMs=0 pid=40516 at=2026-09-19T01:54:56.699Z
RUN ticket=686 runId=b47fdcf5-6912-4e46-8174-f2361896309f cmd="node packages/skill-bill/scripts/check-ratchet-tight.mjs" waitedMs=0 exit=0 pid=40516 at=2026-09-19T01:54:56.821Z
START ticket=686 runId=a09af052-c416-4216-ac84-a9f864c445cb cmd="node packages/skill-bill/scripts/check-ratchet-tight.mjs --selftest" waitedMs=0 pid=37348 at=2026-09-19T01:54:56.871Z
RUN ticket=686 runId=a09af052-c416-4216-ac84-a9f864c445cb cmd="node packages/skill-bill/scripts/check-ratchet-tight.mjs --selftest" waitedMs=0 exit=0 pid=37348 at=2026-09-19T01:54:56.941Z
START ticket=686 runId=rev686-01 cmd="pnpm gen:check" waitedMs=0 pid=5652 at=2026-09-19T01:55:11.807Z
RUN ticket=686 runId=rev686-01 cmd="pnpm gen:check" waitedMs=0 exit=0 pid=5652 at=2026-09-19T01:55:13.086Z
START ticket=686 runId=rev686-02 cmd="node --test packages/skill-bill/test/*.test.mjs" waitedMs=0 pid=34932 at=2026-09-19T01:55:16.841Z
RUN ticket=686 runId=rev686-02 cmd="node --test packages/skill-bill/test/*.test.mjs" waitedMs=0 exit=0 pid=34932 at=2026-09-19T01:55:23.904Z
