START ticket=599 runId=8da4758d-08fc-4ebb-af0a-2069fe7e4726 cmd="node node_modules/typescript/bin/tsc -b packages/skill-schedule" waitedMs=0 pid=56428 at=2026-09-17T02:23:44.687Z
RUN ticket=599 runId=8da4758d-08fc-4ebb-af0a-2069fe7e4726 cmd="node node_modules/typescript/bin/tsc -b packages/skill-schedule" waitedMs=0 exit=0 pid=56428 at=2026-09-17T02:23:45.402Z
START ticket=599 runId=ced00219-3e28-469a-81d7-c7ace0aa2f56 cmd="node node_modules/typescript/bin/tsc -b packages/skill-schedule" waitedMs=0 pid=31044 at=2026-09-17T02:23:50.359Z
RUN ticket=599 runId=ced00219-3e28-469a-81d7-c7ace0aa2f56 cmd="node node_modules/typescript/bin/tsc -b packages/skill-schedule" waitedMs=0 exit=0 pid=31044 at=2026-09-17T02:23:50.468Z
START ticket=599 runId=fad0ca17-0f3b-4062-b860-422878f42ba4 cmd="node packages/skill-schedule/scripts/build-help.mjs" waitedMs=0 pid=43712 at=2026-09-17T02:23:53.128Z
RUN ticket=599 runId=fad0ca17-0f3b-4062-b860-422878f42ba4 cmd="node packages/skill-schedule/scripts/build-help.mjs" waitedMs=0 exit=0 pid=43712 at=2026-09-17T02:23:53.208Z
START ticket=599 runId=5b935295-f631-40db-8ba2-33223698db74 cmd="node --test packages/skill-schedule/test/plan-ensure-batch-599.test.mjs" waitedMs=1 pid=2512 at=2026-09-17T02:24:30.946Z
RUN ticket=599 runId=5b935295-f631-40db-8ba2-33223698db74 cmd="node --test packages/skill-schedule/test/plan-ensure-batch-599.test.mjs" waitedMs=1 exit=0 pid=2512 at=2026-09-17T02:24:43.615Z
START ticket=599 runId=bcd7a68f-b598-417e-abe7-16fd8b8459fc cmd="node --test packages/skill-schedule/test/plan-feishu-660.test.mjs packages/skill-schedule/test/plan-overview-660.test.mjs packages/skill-schedule/test/cli.test.mjs packages/skill-schedule/test/skill.test.mjs packages/skill-schedule/test/policy.test.mjs" waitedMs=0 pid=40924 at=2026-09-17T02:24:48.095Z
RUN ticket=599 runId=bcd7a68f-b598-417e-abe7-16fd8b8459fc cmd="node --test packages/skill-schedule/test/plan-feishu-660.test.mjs packages/skill-schedule/test/plan-overview-660.test.mjs packages/skill-schedule/test/cli.test.mjs packages/skill-schedule/test/skill.test.mjs packages/skill-schedule/test/policy.test.mjs" waitedMs=0 exit=0 pid=40924 at=2026-09-17T02:25:00.072Z
START ticket=599 runId=bc001d50-1fe7-4634-87bb-fa0a706b6278 cmd="pnpm gen:check" waitedMs=1 pid=50216 at=2026-09-17T02:25:03.439Z
RUN ticket=599 runId=bc001d50-1fe7-4634-87bb-fa0a706b6278 cmd="pnpm gen:check" waitedMs=1 exit=0 pid=50216 at=2026-09-17T02:25:04.741Z
START ticket=599 runId=d6b1b228-ff81-454a-abe4-2287ecd951cb cmd="node .scratch/t599/mutate-599.mjs" waitedMs=0 pid=70696 at=2026-09-17T02:25:19.643Z
RUN ticket=599 runId=d6b1b228-ff81-454a-abe4-2287ecd951cb cmd="node .scratch/t599/mutate-599.mjs" waitedMs=0 exit=1 pid=70696 at=2026-09-17T02:25:45.298Z
START ticket=599 runId=96242abf-71e9-420e-ace7-92507a0f3638 cmd="node --test packages/skill-schedule/test/plan-ensure-batch-599.test.mjs" waitedMs=0 pid=39724 at=2026-09-17T02:25:56.526Z
RUN ticket=599 runId=96242abf-71e9-420e-ace7-92507a0f3638 cmd="node --test packages/skill-schedule/test/plan-ensure-batch-599.test.mjs" waitedMs=0 exit=1 pid=39724 at=2026-09-17T02:26:09.017Z
START ticket=599 runId=3d140aef-b507-4909-b59f-0c90ff40d33d cmd="node node_modules/typescript/bin/tsc -b --force packages/skill-schedule" waitedMs=0 pid=32960 at=2026-09-17T02:26:21.725Z
RUN ticket=599 runId=3d140aef-b507-4909-b59f-0c90ff40d33d cmd="node node_modules/typescript/bin/tsc -b --force packages/skill-schedule" waitedMs=0 exit=0 pid=32960 at=2026-09-17T02:26:22.603Z
START ticket=599 runId=f0bcdb83-2c75-45cf-99cc-12284c84eb04 cmd="node --test packages/skill-schedule/test/plan-ensure-batch-599.test.mjs" waitedMs=0 pid=42880 at=2026-09-17T02:26:26.201Z
RUN ticket=599 runId=f0bcdb83-2c75-45cf-99cc-12284c84eb04 cmd="node --test packages/skill-schedule/test/plan-ensure-batch-599.test.mjs" waitedMs=0 exit=0 pid=42880 at=2026-09-17T02:26:39.432Z
START ticket=599 runId=b4e43977-ef79-47a7-8206-e3c8e7a0b917 cmd="node .scratch/t599/mutate-599.mjs" waitedMs=0 pid=36668 at=2026-09-17T02:26:47.548Z
RUN ticket=599 runId=b4e43977-ef79-47a7-8206-e3c8e7a0b917 cmd="node .scratch/t599/mutate-599.mjs" waitedMs=0 exit=0 pid=36668 at=2026-09-17T02:27:14.773Z
START ticket=599 runId=13295cf2-f8fd-46c7-af52-025a8c8a7e88 cmd="node --test packages/skill-schedule/test/*.test.mjs" waitedMs=0 pid=62004 at=2026-09-17T02:27:36.992Z
RUN ticket=599 runId=13295cf2-f8fd-46c7-af52-025a8c8a7e88 cmd="node --test packages/skill-schedule/test/*.test.mjs" waitedMs=0 exit=0 pid=62004 at=2026-09-17T02:27:50.578Z
START ticket=599 runId=3287458f-1f1b-4161-9ded-be2e38d2a836 cmd="git add packages/skill-schedule/src/policy/plan.ts packages/skill-schedule/src/policy/index.ts packages/skill-schedule/src/plan/ensure.ts packages/skill-schedule/src/plan/index.ts packages/skill-schedule/src/policy/wakewords.ts packages/skill-schedule/src/help/lookup.ts packages/skill-schedule/test/plan-ensure-batch-599.test.mjs" waitedMs=0 pid=32912 at=2026-09-17T02:28:36.201Z
RUN ticket=599 runId=3287458f-1f1b-4161-9ded-be2e38d2a836 cmd="git add packages/skill-schedule/src/policy/plan.ts packages/skill-schedule/src/policy/index.ts packages/skill-schedule/src/plan/ensure.ts packages/skill-schedule/src/plan/index.ts packages/skill-schedule/src/policy/wakewords.ts packages/skill-schedule/src/help/lookup.ts packages/skill-schedule/test/plan-ensure-batch-599.test.mjs" waitedMs=0 exit=0 pid=32912 at=2026-09-17T02:28:36.258Z
START ticket=599 runId=33a23dcf-7949-4037-98cc-6b9cb45bb130 cmd="git commit -F .scratch/t599/msg1.txt -- packages/skill-schedule/src/policy/plan.ts packages/skill-schedule/src/policy/index.ts packages/skill-schedule/src/plan/ensure.ts packages/skill-schedule/src/plan/index.ts packages/skill-schedule/src/policy/wakewords.ts packages/skill-schedule/src/help/lookup.ts packages/skill-schedule/test/plan-ensure-batch-599.test.mjs" waitedMs=0 pid=2980 at=2026-09-17T02:28:38.326Z
RUN ticket=599 runId=33a23dcf-7949-4037-98cc-6b9cb45bb130 cmd="git commit -F .scratch/t599/msg1.txt -- packages/skill-schedule/src/policy/plan.ts packages/skill-schedule/src/policy/index.ts packages/skill-schedule/src/plan/ensure.ts packages/skill-schedule/src/plan/index.ts packages/skill-schedule/src/policy/wakewords.ts packages/skill-schedule/src/help/lookup.ts packages/skill-schedule/test/plan-ensure-batch-599.test.mjs" waitedMs=0 exit=0 pid=2980 at=2026-09-17T02:28:38.414Z
START ticket=599 runId=56ffed5e-f821-4562-bc73-f2c00836a23d cmd="git add packages/skill-schedule/SKILL.md" waitedMs=0 pid=39220 at=2026-09-17T02:28:42.587Z
RUN ticket=599 runId=56ffed5e-f821-4562-bc73-f2c00836a23d cmd="git add packages/skill-schedule/SKILL.md" waitedMs=0 exit=0 pid=39220 at=2026-09-17T02:28:42.640Z
START ticket=599 runId=58077cb2-2686-4683-b3a9-63df8b19a7cc cmd="git commit -F .scratch/t599/msg2.txt -- packages/skill-schedule/SKILL.md" waitedMs=0 pid=38484 at=2026-09-17T02:28:44.593Z
RUN ticket=599 runId=58077cb2-2686-4683-b3a9-63df8b19a7cc cmd="git commit -F .scratch/t599/msg2.txt -- packages/skill-schedule/SKILL.md" waitedMs=0 exit=0 pid=38484 at=2026-09-17T02:28:44.674Z
START ticket=599 runId=82243ee9-5164-494a-9f91-fee8aaa54609 cmd="git add docs/skills/skill-schedule/t593-B-补计划批量-证据.md docs/skills/skill-schedule/t593-B-补计划批量-门禁留痕.log" waitedMs=0 pid=65408 at=2026-09-17T02:28:51.026Z
RUN ticket=599 runId=82243ee9-5164-494a-9f91-fee8aaa54609 cmd="git add docs/skills/skill-schedule/t593-B-补计划批量-证据.md docs/skills/skill-schedule/t593-B-补计划批量-门禁留痕.log" waitedMs=0 exit=0 pid=65408 at=2026-09-17T02:28:51.073Z
START ticket=599 runId=b2a77238-5a09-43d0-96d0-fa9e6bf004d1 cmd="git commit -F .scratch/t599/msg3.txt -- docs/skills/skill-schedule/t593-B-补计划批量-证据.md docs/skills/skill-schedule/t593-B-补计划批量-门禁留痕.log" waitedMs=0 pid=66716 at=2026-09-17T02:28:56.202Z
RUN ticket=599 runId=b2a77238-5a09-43d0-96d0-fa9e6bf004d1 cmd="git commit -F .scratch/t599/msg3.txt -- docs/skills/skill-schedule/t593-B-补计划批量-证据.md docs/skills/skill-schedule/t593-B-补计划批量-门禁留痕.log" waitedMs=0 exit=0 pid=66716 at=2026-09-17T02:28:56.282Z
START ticket=599 runId=ec40938f-1628-4cd0-a9b2-da37c47d93a7 cmd="node node_modules/typescript/bin/tsc -b --force packages/skill-schedule" waitedMs=0 pid=37288 at=2026-09-17T02:29:49.833Z
RUN ticket=599 runId=ec40938f-1628-4cd0-a9b2-da37c47d93a7 cmd="node node_modules/typescript/bin/tsc -b --force packages/skill-schedule" waitedMs=0 exit=0 pid=37288 at=2026-09-17T02:29:50.693Z
START ticket=599 runId=8507f5d4-d340-486a-8c4b-60059348e5ff cmd="node --test packages/skill-schedule/test/plan-ensure-batch-599.test.mjs" waitedMs=1 pid=52880 at=2026-09-17T02:29:53.779Z
RUN ticket=599 runId=8507f5d4-d340-486a-8c4b-60059348e5ff cmd="node --test packages/skill-schedule/test/plan-ensure-batch-599.test.mjs" waitedMs=1 exit=0 pid=52880 at=2026-09-17T02:30:06.456Z
START ticket=599 runId=dc2760bc-1e9a-4078-ae78-0c7e0fc7e593 cmd="node --test packages/skill-schedule/test/*.test.mjs" waitedMs=0 pid=65348 at=2026-09-17T02:30:10.841Z
RUN ticket=599 runId=dc2760bc-1e9a-4078-ae78-0c7e0fc7e593 cmd="node --test packages/skill-schedule/test/*.test.mjs" waitedMs=0 exit=0 pid=65348 at=2026-09-17T02:30:24.202Z
START ticket=599 runId=94c57520-654f-43cf-bcf6-ea237d742142 cmd="pnpm gen:check" waitedMs=0 pid=29000 at=2026-09-17T02:30:37.600Z
RUN ticket=599 runId=94c57520-654f-43cf-bcf6-ea237d742142 cmd="pnpm gen:check" waitedMs=0 exit=0 pid=29000 at=2026-09-17T02:30:38.660Z
START ticket=599 runId=f889ddaf-ab9e-46d1-ba95-435d8b8d24a2 cmd="node node_modules/typescript/bin/tsc -b packages/skill-schedule" waitedMs=0 pid=67944 at=2026-09-17T02:31:46.668Z
RUN ticket=599 runId=f889ddaf-ab9e-46d1-ba95-435d8b8d24a2 cmd="node node_modules/typescript/bin/tsc -b packages/skill-schedule" waitedMs=0 exit=0 pid=67944 at=2026-09-17T02:31:46.775Z
START ticket=599 runId=cc554b4d-f0c8-4dca-a84f-edfbe0ad943a cmd="node --test packages/skill-schedule/test/plan-ensure-batch-599.test.mjs" waitedMs=0 pid=48320 at=2026-09-17T02:31:48.661Z
RUN ticket=599 runId=cc554b4d-f0c8-4dca-a84f-edfbe0ad943a cmd="node --test packages/skill-schedule/test/plan-ensure-batch-599.test.mjs" waitedMs=0 exit=0 pid=48320 at=2026-09-17T02:32:01.312Z
