# gate-runs 导出（受 git 跟踪的对账源，协议 §2.4）

> 来源日志：`D:\ilife\.scratch\locks-land\gate-runs.log`（gitignored，不可单独作为第三方复核依据）
> 票号过滤：324-land-W1｜since：（全部）｜until：（无）｜条目数：16｜导出时间：2026-09-13T18:32:55.6699377Z
> 复核用法：`node tooling/check-gate-audit.mjs --evidence <证据文件> --log <本文件> --ticket 324-land-W1`

```text
START ticket=324-land-W1 runId=f15fff15-d7f8-4c2e-9730-55682175dc76 cmd="pwsh -NoProfile -File .scratch/t324/w1.ps1" waitedMs=0 pid=44328 at=2026-09-13T18:14:22.876Z
RUN ticket=324-land-W1 runId=f15fff15-d7f8-4c2e-9730-55682175dc76 cmd="pwsh -NoProfile -File .scratch/t324/w1.ps1" waitedMs=0 exit=1 pid=44328 at=2026-09-13T18:14:30.252Z
START ticket=324-land-W1 runId=a1b8b84a-9262-46d6-8863-1326d65d832c cmd="pwsh -NoProfile -File .scratch/t324/w1.ps1" waitedMs=0 pid=51844 at=2026-09-13T18:14:54.626Z
RUN ticket=324-land-W1 runId=a1b8b84a-9262-46d6-8863-1326d65d832c cmd="pwsh -NoProfile -File .scratch/t324/w1.ps1" waitedMs=0 exit=1 pid=51844 at=2026-09-13T18:15:01.983Z
START ticket=324-land-W1 runId=3bbad380-0aa3-4fde-a12f-82dd010eb1a8 cmd="pwsh -NoProfile -File .scratch/t324/w1.ps1" waitedMs=0 pid=24328 at=2026-09-13T18:15:49.605Z
RUN ticket=324-land-W1 runId=3bbad380-0aa3-4fde-a12f-82dd010eb1a8 cmd="pwsh -NoProfile -File .scratch/t324/w1.ps1" waitedMs=0 exit=1 pid=24328 at=2026-09-13T18:16:39.543Z
START ticket=324-land-W1 runId=635f2a16-6723-43b3-a9bf-ad7e5addc79c cmd="pwsh -NoProfile -File .scratch/t324/w1.ps1" waitedMs=0 pid=12680 at=2026-09-13T18:19:48.456Z
RUN ticket=324-land-W1 runId=635f2a16-6723-43b3-a9bf-ad7e5addc79c cmd="pwsh -NoProfile -File .scratch/t324/w1.ps1" waitedMs=0 exit=1 pid=12680 at=2026-09-13T18:20:37.327Z
START ticket=324-land-W1 runId=d67eff62-9ee6-4f36-9804-e6eb3361f573 cmd="pwsh -NoProfile -File .scratch/t324/w1.ps1" waitedMs=0 pid=30684 at=2026-09-13T18:25:14.750Z
RUN ticket=324-land-W1 runId=d67eff62-9ee6-4f36-9804-e6eb3361f573 cmd="pwsh -NoProfile -File .scratch/t324/w1.ps1" waitedMs=0 exit=1 pid=30684 at=2026-09-13T18:26:06.833Z
START ticket=324-land-W1 runId=68426633-6f0e-4cc1-a1a2-ef11ea06ebac cmd="pwsh -NoProfile -File .scratch/t324/w1.ps1" waitedMs=0 pid=44992 at=2026-09-13T18:28:31.027Z
RUN ticket=324-land-W1 runId=68426633-6f0e-4cc1-a1a2-ef11ea06ebac cmd="pwsh -NoProfile -File .scratch/t324/w1.ps1" waitedMs=0 exit=1 pid=44992 at=2026-09-13T18:28:45.156Z
START ticket=324-land-W1 runId=d357ee8c-557a-4bd1-a825-c11545acd6f1 cmd="pwsh -NoProfile -File .scratch/t324/w1.ps1" waitedMs=0 pid=26684 at=2026-09-13T18:29:40.040Z
RUN ticket=324-land-W1 runId=d357ee8c-557a-4bd1-a825-c11545acd6f1 cmd="pwsh -NoProfile -File .scratch/t324/w1.ps1" waitedMs=0 exit=1 pid=26684 at=2026-09-13T18:30:40.921Z
START ticket=324-land-W1 runId=7435228e-93d6-428c-a741-e3503904e335 cmd="pwsh -NoProfile -File .scratch/t324/w1.ps1" waitedMs=0 pid=24408 at=2026-09-13T18:31:22.466Z
RUN ticket=324-land-W1 runId=7435228e-93d6-428c-a741-e3503904e335 cmd="pwsh -NoProfile -File .scratch/t324/w1.ps1" waitedMs=0 exit=0 pid=24408 at=2026-09-13T18:32:29.575Z
```
