# t514 持锁运行日志（长命令输出落盘，尾行备查）

## 1) 探针（只读，未持锁）
cmd: node .scratch/sep-audit/probe.mjs .scratch/t375/products/看今日体重概览.html
产物: .scratch/t375/products/看今日体重概览.html   可见文本行: 2435
【行级】含 · : 1 行   含 ；: 0 行   ≥3 段并列: 0 行   命中合计: 1 行
   L   6 R1  卡路里·体重
【节点级】含 · : 1 处   含 ；: 0 处   ≥3 段并列: 0 处   命中合计: 1 处
   L   6 #  1 R1  卡路里·体重   <>
EXIT=1（只剩 L6 标题误报，口径行已消失）

## 2) 对齐用例绿跑（持锁）
cmd: node tooling/run-locked.mjs --ticket 514 -- node --test packages/skill-calorie/test/514-caliber-exemption.test.mjs
T514-SRC log.ts ｜字符数=4 口径行定义=2处 豁免标记=在
T514-EXEMPT weightUi.ts 页脚口径行｜豁免=在
T514-CALIBER VIS=📊 数据来源：体重记录 窗口 2026-09-01 ~ 2026-09-07 共 7 条
T514-CALIBER HASSEP=false
T514-CALIBER SPANS=3 FACTS=来源/窗口/条数俱全 R3=null
T514-PRODUCT VIS=📊 数据来源：体重记录 窗口 2026-09-01 ~ 2026-09-07 共 7 条
T514-MUT 塞｜三段串 R3=｜x3 必红 还原 R3=null 必绿
pass 4 / fail 0
RESULT: ticket=514 runId=fd84b519-9f84-4549-8bb6-31d4301b4f68 waitedMs=5013 exit=0

## 3) 编译（持锁）
cmd: node tooling/run-locked.mjs --ticket 514 -- npx tsc -b packages/skill-calorie
(no output)
RESULT: ticket=514 runId=aae0ff83-0eec-4577-96b4-bb599a1a3469 waitedMs=120198 exit=0

## 4) 件外变异红跑（故意改坏一行：assertCaliberClean 期望 false→true，持锁）
cmd: node tooling/run-locked.mjs --ticket 514 -- node --test packages/skill-calorie/test/514-caliber-exemption.test.mjs
T514-CALIBER VIS=📊 数据来源：体重记录 窗口 2026-09-01 ~ 2026-09-07 共 7 条
T514-CALIBER HASSEP=false
pass 2 / fail 2
FAIL: false !== true (assertCaliberClean)
RESULT: ticket=514 runId=b132aa8a-fc27-4133-8ed4-995b46a247ec waitedMs=50115 exit=1

## 5) 还原绿跑（改回 true→false，持锁）
cmd: node tooling/run-locked.mjs --ticket 514 -- node --test packages/skill-calorie/test/514-caliber-exemption.test.mjs
pass 4 / fail 0
RESULT: ticket=514 runId=fd84b519-9f84-4549-8bb6-31d4301b4f68 waitedMs=5013 exit=0
