# t518 门禁运行记录导出（协议 §2.3 第 4 条：对账源落受跟踪路径）
# 导出时刻: 2026-09-16T04:19:20.8861273+08:00
# 源: .scratch/locks-m158v2/gate-runs.log（未受版本控制）；本文件只含 ticket=518 的 START／RUN 行，逐字抄录。
# 声明口径：证据件里每条 GATE-RUN runId=<标识> 都能在此文件里找到同标识的 RUN 行；只领 exit=0。

START ticket=518 runId=c9dc4d80-1c15-448e-9370-d6659bcbbce7 cmd="node .scratch/t518/gen31.mjs" waitedMs=0 pid=61976 at=2026-09-15T19:54:04.315Z
RUN ticket=518 runId=c9dc4d80-1c15-448e-9370-d6659bcbbce7 cmd="node .scratch/t518/gen31.mjs" waitedMs=0 exit=0 pid=61976 at=2026-09-15T19:54:12.593Z
START ticket=518 runId=1f2535f8-843a-43e7-ba2f-3de035f7d527 cmd="node -e \"const {spawnSync}=require('node:child_process'); const r1=spawnSync(process.execPath,['packages/skill-calorie/scripts/measure-responsive.mjs','--dir','.scratch/t518/浜х墿','--widths','390,512,820,1440','--json','.scratch/t518/W0-measure.json'],{encoding:'utf8',timeout:900000}); require('node:fs').writeFileSync('.scratch/t518/W0-measure.log',String(r1.stdout)+'\\n--- stderr ---\\n'+String(r1.stderr)); console.log('MEASURE exit='+r1.status); const r2=spawnSync(process.execPath,['packages/skill-calorie/scripts/audit-separators.mjs','--dir','.scratch/t518/浜х墿','--json','.scratch/t518/W0-sep.json'],{encoding:'utf8',timeout:600000}); require('node:fs').writeFileSync('.scratch/t518/W0-sep.log',String(r2.stdout)+'\\n--- stderr ---\\n'+String(r2.stderr)); console.log('SEP exit='+r2.status);\"" waitedMs=0 pid=66912 at=2026-09-15T19:54:22.613Z
RUN ticket=518 runId=1f2535f8-843a-43e7-ba2f-3de035f7d527 cmd="node -e \"const {spawnSync}=require('node:child_process'); const r1=spawnSync(process.execPath,['packages/skill-calorie/scripts/measure-responsive.mjs','--dir','.scratch/t518/浜х墿','--widths','390,512,820,1440','--json','.scratch/t518/W0-measure.json'],{encoding:'utf8',timeout:900000}); require('node:fs').writeFileSync('.scratch/t518/W0-measure.log',String(r1.stdout)+'\\n--- stderr ---\\n'+String(r1.stderr)); console.log('MEASURE exit='+r1.status); const r2=spawnSync(process.execPath,['packages/skill-calorie/scripts/audit-separators.mjs','--dir','.scratch/t518/浜х墿','--json','.scratch/t518/W0-sep.json'],{encoding:'utf8',timeout:600000}); require('node:fs').writeFileSync('.scratch/t518/W0-sep.log',String(r2.stdout)+'\\n--- stderr ---\\n'+String(r2.stderr)); console.log('SEP exit='+r2.status);\"" waitedMs=0 exit=0 pid=66912 at=2026-09-15T19:54:44.758Z
START ticket=518 runId=b4b419d8-6584-48e4-9d8a-d56aaba77db6 cmd="node node_modules/typescript/bin/tsc -b packages/skill-calorie" waitedMs=0 pid=69968 at=2026-09-15T19:56:04.964Z
RUN ticket=518 runId=b4b419d8-6584-48e4-9d8a-d56aaba77db6 cmd="node node_modules/typescript/bin/tsc -b packages/skill-calorie" waitedMs=0 exit=0 pid=69968 at=2026-09-15T19:56:05.926Z
START ticket=518 runId=2031ed8a-30ac-4864-8610-a2c99e0bc2cc cmd="node .scratch/t518/gen31.mjs --out .scratch/t518/浜х墿-W1 --baseline .scratch/t518/W1-鍩虹嚎.json" waitedMs=0 pid=62704 at=2026-09-15T19:56:14.848Z
RUN ticket=518 runId=2031ed8a-30ac-4864-8610-a2c99e0bc2cc cmd="node .scratch/t518/gen31.mjs --out .scratch/t518/浜х墿-W1 --baseline .scratch/t518/W1-鍩虹嚎.json" waitedMs=0 exit=0 pid=62704 at=2026-09-15T19:56:23.084Z
START ticket=518 runId=b2b1a0d1-6367-4036-a7be-7789f7832f39 cmd="node --test packages/skill-calorie/test/analysis-predict-383.test.mjs packages/skill-calorie/test/analysis-accept-386.test.mjs packages/skill-calorie/test/analysis-deficit-385.test.mjs packages/skill-calorie/test/analysis-shape-520.test.mjs" waitedMs=0 pid=37984 at=2026-09-15T19:56:29.082Z
RUN ticket=518 runId=b2b1a0d1-6367-4036-a7be-7789f7832f39 cmd="node --test packages/skill-calorie/test/analysis-predict-383.test.mjs packages/skill-calorie/test/analysis-accept-386.test.mjs packages/skill-calorie/test/analysis-deficit-385.test.mjs packages/skill-calorie/test/analysis-shape-520.test.mjs" waitedMs=0 exit=0 pid=37984 at=2026-09-15T19:56:47.430Z
START ticket=518 runId=e1ee9a47-fc6a-419f-89ad-52105dea1364 cmd="node .scratch/t518/w1-mutate.mjs" waitedMs=0 pid=67320 at=2026-09-15T19:57:09.840Z
RUN ticket=518 runId=e1ee9a47-fc6a-419f-89ad-52105dea1364 cmd="node .scratch/t518/w1-mutate.mjs" waitedMs=0 exit=1 pid=67320 at=2026-09-15T19:57:18.946Z
START ticket=518 runId=db704ff9-acc0-418a-919f-9903b39d2e7a cmd="node .scratch/t518/w1-mutate.mjs" waitedMs=0 pid=69724 at=2026-09-15T19:57:47.495Z
RUN ticket=518 runId=db704ff9-acc0-418a-919f-9903b39d2e7a cmd="node .scratch/t518/w1-mutate.mjs" waitedMs=0 exit=0 pid=69724 at=2026-09-15T19:58:04.994Z
START ticket=518 runId=91a4e4c9-871b-4968-be2a-da59bfba3519 cmd="node packages/skill-calorie/scripts/check-warning-line.mjs --sync --dry" waitedMs=0 pid=35824 at=2026-09-15T19:58:13.874Z
RUN ticket=518 runId=91a4e4c9-871b-4968-be2a-da59bfba3519 cmd="node packages/skill-calorie/scripts/check-warning-line.mjs --sync --dry" waitedMs=0 exit=1 pid=35824 at=2026-09-15T19:58:14.002Z
START ticket=518 runId=73b9f08d-7d13-4354-8625-275abde594c1 cmd="node packages/skill-calorie/scripts/check-warning-line.mjs --sync" waitedMs=0 pid=43192 at=2026-09-15T19:58:36.322Z
RUN ticket=518 runId=73b9f08d-7d13-4354-8625-275abde594c1 cmd="node packages/skill-calorie/scripts/check-warning-line.mjs --sync" waitedMs=0 exit=0 pid=43192 at=2026-09-15T19:58:36.455Z
START ticket=518 runId=0ae93b1d-e1c2-48cd-8cbf-462aef857b19 cmd="node packages/skill-calorie/scripts/check-warning-line.mjs" waitedMs=0 pid=45548 at=2026-09-15T19:59:03.720Z
RUN ticket=518 runId=0ae93b1d-e1c2-48cd-8cbf-462aef857b19 cmd="node packages/skill-calorie/scripts/check-warning-line.mjs" waitedMs=0 exit=0 pid=45548 at=2026-09-15T19:59:03.828Z
START ticket=518 runId=a1db0e49-1d1a-4a16-981d-985c6e7026c3 cmd="node packages/skill-calorie/scripts/gen-cli.mjs --check" waitedMs=0 pid=62988 at=2026-09-15T19:59:03.886Z
RUN ticket=518 runId=a1db0e49-1d1a-4a16-981d-985c6e7026c3 cmd="node packages/skill-calorie/scripts/gen-cli.mjs --check" waitedMs=0 exit=0 pid=62988 at=2026-09-15T19:59:04.116Z
START ticket=518 runId=282c24a1-ca12-47b8-85d3-c9615c28c2b8 cmd="pwsh -NoProfile -Command \"git add packages/skill-calorie/src/render/trendDocs.ts packages/skill-calorie/src/render/trendPredictDocs.ts packages/skill-calorie/AGENTS.md docs/skills/skill-calorie/t518-W1-鎼-璇佹嵁.md docs/skills/skill-calorie/t518-GATE-RUN.log; git diff --cached --name-only; git commit -F .scratch/t518/W1-commit-msg.txt -- packages/skill-calorie/src/render/trendDocs.ts packages/skill-calorie/src/render/trendPredictDocs.ts packages/skill-calorie/AGENTS.md docs/skills/skill-calorie/t518-W1-鎼-璇佹嵁.md docs/skills/skill-calorie/t518-GATE-RUN.log; git log --oneline -1\"" waitedMs=0 pid=54032 at=2026-09-15T19:59:56.122Z
RUN ticket=518 runId=282c24a1-ca12-47b8-85d3-c9615c28c2b8 cmd="pwsh -NoProfile -Command \"git add packages/skill-calorie/src/render/trendDocs.ts packages/skill-calorie/src/render/trendPredictDocs.ts packages/skill-calorie/AGENTS.md docs/skills/skill-calorie/t518-W1-鎼-璇佹嵁.md docs/skills/skill-calorie/t518-GATE-RUN.log; git diff --cached --name-only; git commit -F .scratch/t518/W1-commit-msg.txt -- packages/skill-calorie/src/render/trendDocs.ts packages/skill-calorie/src/render/trendPredictDocs.ts packages/skill-calorie/AGENTS.md docs/skills/skill-calorie/t518-W1-鎼-璇佹嵁.md docs/skills/skill-calorie/t518-GATE-RUN.log; git log --oneline -1\"" waitedMs=0 exit=0 pid=54032 at=2026-09-15T19:59:58.476Z
START ticket=518 runId=9e3d775e-1d4c-46db-bce6-fe88017195e3 cmd="node .scratch/t518/w1b-color-mutate.mjs" waitedMs=0 pid=48336 at=2026-09-15T20:01:00.011Z
RUN ticket=518 runId=9e3d775e-1d4c-46db-bce6-fe88017195e3 cmd="node .scratch/t518/w1b-color-mutate.mjs" waitedMs=0 exit=1 pid=48336 at=2026-09-15T20:01:00.445Z
START ticket=518 runId=97610443-6743-4229-aa1a-5d88887667d5 cmd="node .scratch/t518/w1b-color-mutate.mjs" waitedMs=0 pid=61264 at=2026-09-15T20:01:14.850Z
RUN ticket=518 runId=97610443-6743-4229-aa1a-5d88887667d5 cmd="node .scratch/t518/w1b-color-mutate.mjs" waitedMs=0 exit=0 pid=61264 at=2026-09-15T20:01:15.336Z
START ticket=518 runId=e55b210d-5c2c-4d7b-a05e-841cafa3f127 cmd="pwsh -NoProfile -Command \"git add packages/skill-calorie/test/analysis-deficit-385.test.mjs docs/skills/skill-calorie/t518-W1-鎼-璇佹嵁.md docs/skills/skill-calorie/t518-GATE-RUN.log; git diff --cached --name-only; git commit -F .scratch/t518/W1b-commit-msg.txt -- packages/skill-calorie/test/analysis-deficit-385.test.mjs docs/skills/skill-calorie/t518-W1-鎼-璇佹嵁.md docs/skills/skill-calorie/t518-GATE-RUN.log; git log --oneline -1\"" waitedMs=0 pid=13392 at=2026-09-15T20:01:43.812Z
RUN ticket=518 runId=e55b210d-5c2c-4d7b-a05e-841cafa3f127 cmd="pwsh -NoProfile -Command \"git add packages/skill-calorie/test/analysis-deficit-385.test.mjs docs/skills/skill-calorie/t518-W1-鎼-璇佹嵁.md docs/skills/skill-calorie/t518-GATE-RUN.log; git diff --cached --name-only; git commit -F .scratch/t518/W1b-commit-msg.txt -- packages/skill-calorie/test/analysis-deficit-385.test.mjs docs/skills/skill-calorie/t518-W1-鎼-璇佹嵁.md docs/skills/skill-calorie/t518-GATE-RUN.log; git log --oneline -1\"" waitedMs=0 exit=0 pid=13392 at=2026-09-15T20:01:46.132Z
START ticket=518 runId=dd02bc7c-ccf1-479c-b826-42c5aa31b3cd cmd="node node_modules/typescript/bin/tsc -b packages/skill-calorie" waitedMs=0 pid=66692 at=2026-09-15T20:05:28.588Z
RUN ticket=518 runId=dd02bc7c-ccf1-479c-b826-42c5aa31b3cd cmd="node node_modules/typescript/bin/tsc -b packages/skill-calorie" waitedMs=0 exit=1 pid=66692 at=2026-09-15T20:05:29.425Z
START ticket=518 runId=eb584043-501d-4307-af9b-319b2eadac91 cmd="node node_modules/typescript/bin/tsc -b packages/skill-calorie" waitedMs=0 pid=36428 at=2026-09-15T20:05:38.707Z
RUN ticket=518 runId=eb584043-501d-4307-af9b-319b2eadac91 cmd="node node_modules/typescript/bin/tsc -b packages/skill-calorie" waitedMs=0 exit=0 pid=36428 at=2026-09-15T20:05:39.523Z
START ticket=518 runId=295fbb9f-f2c6-4060-93aa-fb4d53238767 cmd="node .scratch/t518/gen31.mjs --out .scratch/t518/浜х墿-W2 --baseline .scratch/t518/W2-鍩虹嚎.json" waitedMs=1 pid=69228 at=2026-09-15T20:05:39.589Z
RUN ticket=518 runId=295fbb9f-f2c6-4060-93aa-fb4d53238767 cmd="node .scratch/t518/gen31.mjs --out .scratch/t518/浜х墿-W2 --baseline .scratch/t518/W2-鍩虹嚎.json" waitedMs=1 exit=0 pid=69228 at=2026-09-15T20:05:48.413Z
START ticket=518 runId=5ab68ae2-52c3-4e48-bc5d-8a19052f7c47 cmd="node packages/skill-calorie/scripts/audit-separators.mjs --dir .scratch/t518/浜х墿-W2 --json .scratch/t518/W2-sep.json" waitedMs=0 pid=30936 at=2026-09-15T20:05:58.132Z
RUN ticket=518 runId=5ab68ae2-52c3-4e48-bc5d-8a19052f7c47 cmd="node packages/skill-calorie/scripts/audit-separators.mjs --dir .scratch/t518/浜х墿-W2 --json .scratch/t518/W2-sep.json" waitedMs=0 exit=1 pid=30936 at=2026-09-15T20:06:00.067Z
START ticket=518 runId=9f73e3e2-da64-4378-bfab-762e52d7b216 cmd="node packages/skill-calorie/scripts/measure-responsive.mjs --dir .scratch/t518/浜х墿-W2 --widths 390,512,820,1440 --json .scratch/t518/W2-measure.json" waitedMs=0 pid=35208 at=2026-09-15T20:06:27.107Z
RUN ticket=518 runId=9f73e3e2-da64-4378-bfab-762e52d7b216 cmd="node packages/skill-calorie/scripts/measure-responsive.mjs --dir .scratch/t518/浜х墿-W2 --widths 390,512,820,1440 --json .scratch/t518/W2-measure.json" waitedMs=0 exit=0 pid=35208 at=2026-09-15T20:06:47.610Z
START ticket=518 runId=d100b561-505c-4cf3-a932-238e6f43a438 cmd="node --test packages/skill-calorie/test/analysis-predict-383.test.mjs packages/skill-calorie/test/analysis-accept-386.test.mjs packages/skill-calorie/test/analysis-deficit-385.test.mjs packages/skill-calorie/test/analysis-shape-520.test.mjs" waitedMs=0 pid=45800 at=2026-09-15T20:06:57.120Z
RUN ticket=518 runId=d100b561-505c-4cf3-a932-238e6f43a438 cmd="node --test packages/skill-calorie/test/analysis-predict-383.test.mjs packages/skill-calorie/test/analysis-accept-386.test.mjs packages/skill-calorie/test/analysis-deficit-385.test.mjs packages/skill-calorie/test/analysis-shape-520.test.mjs" waitedMs=0 exit=0 pid=45800 at=2026-09-15T20:07:15.368Z
START ticket=518 runId=256ffb84-6746-44c0-9371-424ceb9ef2a0 cmd="node node_modules/typescript/bin/tsc -b packages/skill-calorie" waitedMs=0 pid=62080 at=2026-09-15T20:09:47.362Z
RUN ticket=518 runId=256ffb84-6746-44c0-9371-424ceb9ef2a0 cmd="node node_modules/typescript/bin/tsc -b packages/skill-calorie" waitedMs=0 exit=0 pid=62080 at=2026-09-15T20:09:48.168Z
START ticket=518 runId=e75c4bc7-eb97-41e2-a729-e6602069510e cmd="node --test packages/skill-calorie/test/analysis-predict-455.test.mjs packages/skill-calorie/test/analysis-tdee-463.test.mjs packages/skill-calorie/test/analysis-shape-predict-520.test.mjs" waitedMs=1 pid=36860 at=2026-09-15T20:09:48.234Z
RUN ticket=518 runId=e75c4bc7-eb97-41e2-a729-e6602069510e cmd="node --test packages/skill-calorie/test/analysis-predict-455.test.mjs packages/skill-calorie/test/analysis-tdee-463.test.mjs packages/skill-calorie/test/analysis-shape-predict-520.test.mjs" waitedMs=1 exit=1 pid=36860 at=2026-09-15T20:09:48.971Z
START ticket=518 runId=4ecb748d-49b6-48fa-96cd-0d9196485410 cmd="node --test packages/skill-calorie/test/analysis-predict-455.test.mjs packages/skill-calorie/test/analysis-tdee-463.test.mjs packages/skill-calorie/test/analysis-shape-predict-520.test.mjs" waitedMs=0 pid=66584 at=2026-09-15T20:10:16.526Z
RUN ticket=518 runId=4ecb748d-49b6-48fa-96cd-0d9196485410 cmd="node --test packages/skill-calorie/test/analysis-predict-455.test.mjs packages/skill-calorie/test/analysis-tdee-463.test.mjs packages/skill-calorie/test/analysis-shape-predict-520.test.mjs" waitedMs=0 exit=0 pid=66584 at=2026-09-15T20:10:17.221Z
START ticket=518 runId=e0639487-497e-423d-875b-a2810a0e14e2 cmd="node .scratch/t518/w2-mutate.mjs" waitedMs=0 pid=31912 at=2026-09-15T20:10:31.333Z
RUN ticket=518 runId=e0639487-497e-423d-875b-a2810a0e14e2 cmd="node .scratch/t518/w2-mutate.mjs" waitedMs=0 exit=0 pid=31912 at=2026-09-15T20:10:49.914Z
START ticket=518 runId=7df1a7ff-edf9-49cc-82a9-29f7570a8344 cmd="node --test packages/skill-calorie/test/analysis-predict-383.test.mjs packages/skill-calorie/test/analysis-accept-386.test.mjs packages/skill-calorie/test/analysis-deficit-385.test.mjs packages/skill-calorie/test/analysis-shape-520.test.mjs packages/skill-calorie/test/analysis-predict-455.test.mjs packages/skill-calorie/test/analysis-tdee-463.test.mjs packages/skill-calorie/test/analysis-shape-predict-520.test.mjs" waitedMs=0 pid=29764 at=2026-09-15T20:10:56.939Z
RUN ticket=518 runId=7df1a7ff-edf9-49cc-82a9-29f7570a8344 cmd="node --test packages/skill-calorie/test/analysis-predict-383.test.mjs packages/skill-calorie/test/analysis-accept-386.test.mjs packages/skill-calorie/test/analysis-deficit-385.test.mjs packages/skill-calorie/test/analysis-shape-520.test.mjs packages/skill-calorie/test/analysis-predict-455.test.mjs packages/skill-calorie/test/analysis-tdee-463.test.mjs packages/skill-calorie/test/analysis-shape-predict-520.test.mjs" waitedMs=0 exit=0 pid=29764 at=2026-09-15T20:11:15.333Z
START ticket=518 runId=b50edeeb-72b6-40f0-8d3b-dae0e0a573bc cmd="node packages/skill-calorie/scripts/check-warning-line.mjs --sync --dry" waitedMs=1 pid=67960 at=2026-09-15T20:11:15.422Z
RUN ticket=518 runId=b50edeeb-72b6-40f0-8d3b-dae0e0a573bc cmd="node packages/skill-calorie/scripts/check-warning-line.mjs --sync --dry" waitedMs=1 exit=1 pid=67960 at=2026-09-15T20:11:15.542Z
START ticket=518 runId=5e52377c-ae15-4fe2-aa55-8c93d0c34278 cmd="node packages/skill-calorie/scripts/check-warning-line.mjs --sync" waitedMs=0 pid=52980 at=2026-09-15T20:11:21.509Z
RUN ticket=518 runId=5e52377c-ae15-4fe2-aa55-8c93d0c34278 cmd="node packages/skill-calorie/scripts/check-warning-line.mjs --sync" waitedMs=0 exit=0 pid=52980 at=2026-09-15T20:11:21.637Z
START ticket=518 runId=8720a623-e1fb-4fde-b793-cad52e7107a5 cmd="node packages/skill-calorie/scripts/check-warning-line.mjs" waitedMs=0 pid=61960 at=2026-09-15T20:11:21.691Z
RUN ticket=518 runId=8720a623-e1fb-4fde-b793-cad52e7107a5 cmd="node packages/skill-calorie/scripts/check-warning-line.mjs" waitedMs=0 exit=0 pid=61960 at=2026-09-15T20:11:21.796Z
START ticket=518 runId=fbb932f1-a977-4c2f-8919-153365c478a4 cmd="node packages/skill-calorie/scripts/gen-cli.mjs --check" waitedMs=0 pid=39244 at=2026-09-15T20:11:21.847Z
RUN ticket=518 runId=fbb932f1-a977-4c2f-8919-153365c478a4 cmd="node packages/skill-calorie/scripts/gen-cli.mjs --check" waitedMs=0 exit=0 pid=39244 at=2026-09-15T20:11:22.075Z
START ticket=518 runId=6c6b3ce3-ce17-4835-87b7-bd19df9b8616 cmd="pwsh -NoProfile -Command \"git add packages/skill-calorie/src/analysis/simulate2.ts packages/skill-calorie/src/analysis/simulate.ts packages/skill-calorie/src/analysis/series.ts packages/skill-calorie/src/render/trendPredictDocs.ts packages/skill-calorie/AGENTS.md packages/skill-calorie/test/analysis-predict-455.test.mjs packages/skill-calorie/test/analysis-tdee-463.test.mjs packages/skill-calorie/test/analysis-shape-predict-520.test.mjs docs/skills/skill-calorie/t518-W2-棰勬祴鏃?璇佹嵁.md docs/skills/skill-calorie/t518-GATE-RUN.log; git diff --cached --name-only; git commit -F .scratch/t518/W2-commit-msg.txt -- packages/skill-calorie/src/analysis/simulate2.ts packages/skill-calorie/src/analysis/simulate.ts packages/skill-calorie/src/analysis/series.ts packages/skill-calorie/src/render/trendPredictDocs.ts packages/skill-calorie/AGENTS.md packages/skill-calorie/test/analysis-predict-455.test.mjs packages/skill-calorie/test/analysis-tdee-463.test.mjs packages/skill-calorie/test/analysis-shape-predict-520.test.mjs docs/skills/skill-calorie/t518-W2-棰勬祴鏃?璇佹嵁.md docs/skills/skill-calorie/t518-GATE-RUN.log; git log --oneline -1\"" waitedMs=1 pid=48652 at=2026-09-15T20:12:36.355Z
RUN ticket=518 runId=6c6b3ce3-ce17-4835-87b7-bd19df9b8616 cmd="pwsh -NoProfile -Command \"git add packages/skill-calorie/src/analysis/simulate2.ts packages/skill-calorie/src/analysis/simulate.ts packages/skill-calorie/src/analysis/series.ts packages/skill-calorie/src/render/trendPredictDocs.ts packages/skill-calorie/AGENTS.md packages/skill-calorie/test/analysis-predict-455.test.mjs packages/skill-calorie/test/analysis-tdee-463.test.mjs packages/skill-calorie/test/analysis-shape-predict-520.test.mjs docs/skills/skill-calorie/t518-W2-棰勬祴鏃?璇佹嵁.md docs/skills/skill-calorie/t518-GATE-RUN.log; git diff --cached --name-only; git commit -F .scratch/t518/W2-commit-msg.txt -- packages/skill-calorie/src/analysis/simulate2.ts packages/skill-calorie/src/analysis/simulate.ts packages/skill-calorie/src/analysis/series.ts packages/skill-calorie/src/render/trendPredictDocs.ts packages/skill-calorie/AGENTS.md packages/skill-calorie/test/analysis-predict-455.test.mjs packages/skill-calorie/test/analysis-tdee-463.test.mjs packages/skill-calorie/test/analysis-shape-predict-520.test.mjs docs/skills/skill-calorie/t518-W2-棰勬祴鏃?璇佹嵁.md docs/skills/skill-calorie/t518-GATE-RUN.log; git log --oneline -1\"" waitedMs=1 exit=0 pid=48652 at=2026-09-15T20:12:38.725Z
START ticket=518 runId=69468d24-3c6e-4f40-adb1-375a188607a1 cmd="node node_modules/typescript/bin/tsc -b packages/skill-calorie" waitedMs=1 pid=63796 at=2026-09-15T20:13:03.138Z
RUN ticket=518 runId=69468d24-3c6e-4f40-adb1-375a188607a1 cmd="node node_modules/typescript/bin/tsc -b packages/skill-calorie" waitedMs=1 exit=0 pid=63796 at=2026-09-15T20:13:03.975Z
START ticket=518 runId=04d1999e-892d-4856-8c0f-cbf92522855c cmd="node .scratch/t518/gen31.mjs --out .scratch/t518/浜х墿-W3 --baseline .scratch/t518/W3-鍩虹嚎.json" waitedMs=1 pid=42240 at=2026-09-15T20:13:13.037Z
RUN ticket=518 runId=04d1999e-892d-4856-8c0f-cbf92522855c cmd="node .scratch/t518/gen31.mjs --out .scratch/t518/浜х墿-W3 --baseline .scratch/t518/W3-鍩虹嚎.json" waitedMs=1 exit=0 pid=42240 at=2026-09-15T20:13:21.369Z
START ticket=518 runId=f2ccffe2-bd98-4d13-826b-7b2747b68a80 cmd="node packages/skill-calorie/scripts/audit-separators.mjs --dir .scratch/t518/浜х墿-W3 --json .scratch/t518/W3-sep.json" waitedMs=1 pid=40828 at=2026-09-15T20:13:21.468Z
RUN ticket=518 runId=f2ccffe2-bd98-4d13-826b-7b2747b68a80 cmd="node packages/skill-calorie/scripts/audit-separators.mjs --dir .scratch/t518/浜х墿-W3 --json .scratch/t518/W3-sep.json" waitedMs=1 exit=1 pid=40828 at=2026-09-15T20:13:23.496Z
START ticket=518 runId=5cede315-936d-437a-8b98-e0de49b407f4 cmd="node --test packages/skill-calorie/test/analysis-shape-predict-520.test.mjs" waitedMs=0 pid=72448 at=2026-09-15T20:13:51.954Z
RUN ticket=518 runId=5cede315-936d-437a-8b98-e0de49b407f4 cmd="node --test packages/skill-calorie/test/analysis-shape-predict-520.test.mjs" waitedMs=0 exit=0 pid=72448 at=2026-09-15T20:13:52.108Z
START ticket=518 runId=c606b530-a9bd-48e1-8fb0-9776688680fc cmd="node .scratch/t518/w3-mutate.mjs" waitedMs=0 pid=41656 at=2026-09-15T20:14:05.174Z
RUN ticket=518 runId=c606b530-a9bd-48e1-8fb0-9776688680fc cmd="node .scratch/t518/w3-mutate.mjs" waitedMs=0 exit=0 pid=41656 at=2026-09-15T20:14:23.522Z
START ticket=518 runId=af4084aa-7ff6-4cb7-9322-ab5cb2d5a322 cmd="node packages/skill-calorie/scripts/measure-responsive.mjs --dir .scratch/t518/浜х墿-W3 --widths 390,512,820,1440 --json .scratch/t518/W3-measure.json" waitedMs=0 pid=44060 at=2026-09-15T20:14:36.208Z
RUN ticket=518 runId=af4084aa-7ff6-4cb7-9322-ab5cb2d5a322 cmd="node packages/skill-calorie/scripts/measure-responsive.mjs --dir .scratch/t518/浜х墿-W3 --widths 390,512,820,1440 --json .scratch/t518/W3-measure.json" waitedMs=0 exit=0 pid=44060 at=2026-09-15T20:14:56.717Z
START ticket=518 runId=e30ce82a-2933-4c3e-864d-b166d4971a22 cmd="node --test packages/skill-calorie/test/analysis-predict-383.test.mjs packages/skill-calorie/test/analysis-accept-386.test.mjs packages/skill-calorie/test/analysis-deficit-385.test.mjs packages/skill-calorie/test/analysis-shape-520.test.mjs packages/skill-calorie/test/analysis-predict-455.test.mjs packages/skill-calorie/test/analysis-tdee-463.test.mjs packages/skill-calorie/test/analysis-shape-predict-520.test.mjs" waitedMs=1 pid=31036 at=2026-09-15T20:14:57.333Z
RUN ticket=518 runId=e30ce82a-2933-4c3e-864d-b166d4971a22 cmd="node --test packages/skill-calorie/test/analysis-predict-383.test.mjs packages/skill-calorie/test/analysis-accept-386.test.mjs packages/skill-calorie/test/analysis-deficit-385.test.mjs packages/skill-calorie/test/analysis-shape-520.test.mjs packages/skill-calorie/test/analysis-predict-455.test.mjs packages/skill-calorie/test/analysis-tdee-463.test.mjs packages/skill-calorie/test/analysis-shape-predict-520.test.mjs" waitedMs=1 exit=0 pid=31036 at=2026-09-15T20:15:15.782Z
START ticket=518 runId=f8ac1c26-7cc2-4da4-8741-468181f74d0e cmd="node packages/skill-calorie/scripts/check-warning-line.mjs --sync" waitedMs=1 pid=18160 at=2026-09-15T20:15:15.869Z
RUN ticket=518 runId=f8ac1c26-7cc2-4da4-8741-468181f74d0e cmd="node packages/skill-calorie/scripts/check-warning-line.mjs --sync" waitedMs=1 exit=0 pid=18160 at=2026-09-15T20:15:15.999Z
START ticket=518 runId=85efc324-2d19-4e40-b684-125be2c7b961 cmd="node packages/skill-calorie/scripts/check-warning-line.mjs" waitedMs=0 pid=3608 at=2026-09-15T20:15:16.054Z
RUN ticket=518 runId=85efc324-2d19-4e40-b684-125be2c7b961 cmd="node packages/skill-calorie/scripts/check-warning-line.mjs" waitedMs=0 exit=0 pid=3608 at=2026-09-15T20:15:16.157Z
START ticket=518 runId=ef44664c-e541-4c5b-b66b-5a1e831eb2b4 cmd="node packages/skill-calorie/scripts/gen-cli.mjs --check" waitedMs=0 pid=50056 at=2026-09-15T20:15:16.212Z
RUN ticket=518 runId=ef44664c-e541-4c5b-b66b-5a1e831eb2b4 cmd="node packages/skill-calorie/scripts/gen-cli.mjs --check" waitedMs=0 exit=0 pid=50056 at=2026-09-15T20:15:16.438Z
START ticket=518 runId=e7b8681a-88a2-4107-9143-bb0625472050 cmd="pwsh -NoProfile -Command \"git add packages/skill-calorie/src/render/trendPredictDocs.ts packages/skill-calorie/AGENTS.md packages/skill-calorie/test/analysis-shape-predict-520.test.mjs docs/skills/skill-calorie/t518-W3-鎽勫叆棰勬祴鏃?璇佹嵁.md docs/skills/skill-calorie/t518-GATE-RUN.log; git diff --cached --name-only; git commit -F .scratch/t518/W3-commit-msg.txt -- packages/skill-calorie/src/render/trendPredictDocs.ts packages/skill-calorie/AGENTS.md packages/skill-calorie/test/analysis-shape-predict-520.test.mjs docs/skills/skill-calorie/t518-W3-鎽勫叆棰勬祴鏃?璇佹嵁.md docs/skills/skill-calorie/t518-GATE-RUN.log; git log --oneline -1\"" waitedMs=0 pid=53844 at=2026-09-15T20:15:48.281Z
RUN ticket=518 runId=e7b8681a-88a2-4107-9143-bb0625472050 cmd="pwsh -NoProfile -Command \"git add packages/skill-calorie/src/render/trendPredictDocs.ts packages/skill-calorie/AGENTS.md packages/skill-calorie/test/analysis-shape-predict-520.test.mjs docs/skills/skill-calorie/t518-W3-鎽勫叆棰勬祴鏃?璇佹嵁.md docs/skills/skill-calorie/t518-GATE-RUN.log; git diff --cached --name-only; git commit -F .scratch/t518/W3-commit-msg.txt -- packages/skill-calorie/src/render/trendPredictDocs.ts packages/skill-calorie/AGENTS.md packages/skill-calorie/test/analysis-shape-predict-520.test.mjs docs/skills/skill-calorie/t518-W3-鎽勫叆棰勬祴鏃?璇佹嵁.md docs/skills/skill-calorie/t518-GATE-RUN.log; git log --oneline -1\"" waitedMs=0 exit=0 pid=53844 at=2026-09-15T20:15:50.643Z
START ticket=518 runId=62486edd-fb81-47ea-8b5a-cd37819466e0 cmd="node packages/skill-calorie/scripts/check-warning-line.mjs --sync" waitedMs=0 pid=53656 at=2026-09-15T20:16:21.006Z
RUN ticket=518 runId=62486edd-fb81-47ea-8b5a-cd37819466e0 cmd="node packages/skill-calorie/scripts/check-warning-line.mjs --sync" waitedMs=0 exit=0 pid=53656 at=2026-09-15T20:16:21.136Z
START ticket=518 runId=b9fa07f1-736e-4ee7-a1c8-c40a7ffaad4b cmd="node .scratch/t518/gen31.mjs --out .scratch/t518/浜х墿 --baseline .scratch/t518/W4-鍩虹嚎.json" waitedMs=0 pid=69648 at=2026-09-15T20:16:21.191Z
RUN ticket=518 runId=b9fa07f1-736e-4ee7-a1c8-c40a7ffaad4b cmd="node .scratch/t518/gen31.mjs --out .scratch/t518/浜х墿 --baseline .scratch/t518/W4-鍩虹嚎.json" waitedMs=0 exit=0 pid=69648 at=2026-09-15T20:16:29.585Z
START ticket=518 runId=c23656bd-c0bb-4b33-aa5a-0896f64af3d7 cmd="node packages/skill-calorie/scripts/audit-separators.mjs --dir .scratch/t518/浜х墿 --json .scratch/t518/W4-sep.json" waitedMs=0 pid=43168 at=2026-09-15T20:16:37.176Z
RUN ticket=518 runId=c23656bd-c0bb-4b33-aa5a-0896f64af3d7 cmd="node packages/skill-calorie/scripts/audit-separators.mjs --dir .scratch/t518/浜х墿 --json .scratch/t518/W4-sep.json" waitedMs=0 exit=1 pid=43168 at=2026-09-15T20:16:39.294Z
START ticket=518 runId=ba3fd1f5-1026-4ba6-954b-a2b2e538f742 cmd="node packages/skill-calorie/scripts/measure-responsive.mjs --dir .scratch/t518/浜х墿 --widths 390,512,820,1440 --json .scratch/t518/W4-measure.json" waitedMs=0 pid=71096 at=2026-09-15T20:16:39.349Z
RUN ticket=518 runId=ba3fd1f5-1026-4ba6-954b-a2b2e538f742 cmd="node packages/skill-calorie/scripts/measure-responsive.mjs --dir .scratch/t518/浜х墿 --widths 390,512,820,1440 --json .scratch/t518/W4-measure.json" waitedMs=0 exit=0 pid=71096 at=2026-09-15T20:17:00.362Z
START ticket=518 runId=6da36886-b4e4-43ed-b5de-20551a4472f6 cmd="node --test packages/skill-calorie/test/analysis-predict-383.test.mjs packages/skill-calorie/test/analysis-accept-386.test.mjs packages/skill-calorie/test/analysis-deficit-385.test.mjs packages/skill-calorie/test/analysis-shape-520.test.mjs packages/skill-calorie/test/analysis-predict-455.test.mjs packages/skill-calorie/test/analysis-tdee-463.test.mjs packages/skill-calorie/test/analysis-shape-predict-520.test.mjs" waitedMs=0 pid=40092 at=2026-09-15T20:17:00.422Z
RUN ticket=518 runId=6da36886-b4e4-43ed-b5de-20551a4472f6 cmd="node --test packages/skill-calorie/test/analysis-predict-383.test.mjs packages/skill-calorie/test/analysis-accept-386.test.mjs packages/skill-calorie/test/analysis-deficit-385.test.mjs packages/skill-calorie/test/analysis-shape-520.test.mjs packages/skill-calorie/test/analysis-predict-455.test.mjs packages/skill-calorie/test/analysis-tdee-463.test.mjs packages/skill-calorie/test/analysis-shape-predict-520.test.mjs" waitedMs=0 exit=0 pid=40092 at=2026-09-15T20:17:18.887Z
START ticket=518 runId=ef388bc7-948d-4433-9994-6b376b45158c cmd="node packages/skill-calorie/scripts/check-warning-line.mjs" waitedMs=0 pid=66376 at=2026-09-15T20:17:18.972Z
RUN ticket=518 runId=ef388bc7-948d-4433-9994-6b376b45158c cmd="node packages/skill-calorie/scripts/check-warning-line.mjs" waitedMs=0 exit=0 pid=66376 at=2026-09-15T20:17:19.078Z
START ticket=518 runId=f0ce59bd-d0a5-4ae9-a9a9-4da80ed7be7e cmd="node packages/skill-calorie/scripts/gen-cli.mjs --check" waitedMs=0 pid=28048 at=2026-09-15T20:17:19.132Z
RUN ticket=518 runId=f0ce59bd-d0a5-4ae9-a9a9-4da80ed7be7e cmd="node packages/skill-calorie/scripts/gen-cli.mjs --check" waitedMs=0 exit=0 pid=28048 at=2026-09-15T20:17:19.355Z
START ticket=518 runId=bc79911a-1d91-484b-886b-0da6e478ae4c cmd="pwsh -NoProfile -Command \"git add packages/skill-calorie/AGENTS.md docs/skills/skill-calorie/t518-W4-鏀跺熬-璇佹嵁.md docs/skills/skill-calorie/t518-GATE-RUN.log; git diff --cached --name-only; git commit -F .scratch/t518/W4-commit-msg.txt -- packages/skill-calorie/AGENTS.md docs/skills/skill-calorie/t518-W4-鏀跺熬-璇佹嵁.md docs/skills/skill-calorie/t518-GATE-RUN.log; git log --oneline -1\"" waitedMs=0 pid=54160 at=2026-09-15T20:18:28.088Z
RUN ticket=518 runId=bc79911a-1d91-484b-886b-0da6e478ae4c cmd="pwsh -NoProfile -Command \"git add packages/skill-calorie/AGENTS.md docs/skills/skill-calorie/t518-W4-鏀跺熬-璇佹嵁.md docs/skills/skill-calorie/t518-GATE-RUN.log; git diff --cached --name-only; git commit -F .scratch/t518/W4-commit-msg.txt -- packages/skill-calorie/AGENTS.md docs/skills/skill-calorie/t518-W4-鏀跺熬-璇佹嵁.md docs/skills/skill-calorie/t518-GATE-RUN.log; git log --oneline -1\"" waitedMs=0 exit=0 pid=54160 at=2026-09-15T20:18:30.464Z
START ticket=518 runId=35a8aeba-c351-4ec6-834f-c063d150fbda cmd="node packages/skill-calorie/scripts/check-warning-line.mjs" waitedMs=0 pid=51744 at=2026-09-15T20:19:07.401Z
RUN ticket=518 runId=35a8aeba-c351-4ec6-834f-c063d150fbda cmd="node packages/skill-calorie/scripts/check-warning-line.mjs" waitedMs=0 exit=0 pid=51744 at=2026-09-15T20:19:07.508Z
