# gate-runs 导出（受 git 跟踪的对账源，协议 §2.4）

> 来源日志：`D:\ilife\.scratch\locks-m158v2\gate-runs.log`（gitignored，不可单独作为第三方复核依据）
> 票号过滤：519｜since：2026-09-15T21:38:00.000Z｜until：2026-09-15T22:21:00.000Z｜条目数：95｜导出时间：2026-09-15T22:20:54.661Z
> 复核用法：`node tooling/check-gate-audit.mjs --evidence <证据文件> --log <本文件> --ticket <票号> --since <同上> --until <同上>`

```text
RUN ticket=519 runId=8d8a5881-1206-4b85-b457-f8188ec6cb44 cmd="node packages/skill-calorie/scripts/audit-separators.mjs --dir .scratch/t387/html --json .scratch/t519/sep-before.json" waitedMs=1 exit=1 pid=41420 at=2026-09-15T21:38:44.505Z
RUN ticket=519 runId=17246b26-e460-4484-8192-03a7cdd74800 cmd="node node_modules/typescript/bin/tsc -b packages/skill-calorie" waitedMs=0 exit=1 pid=40616 at=2026-09-15T21:44:07.619Z
RUN ticket=519 runId=3914167a-3cd7-48c9-8b29-ba3e34fddad3 cmd="node node_modules/typescript/bin/tsc -b packages/skill-calorie" waitedMs=0 exit=0 pid=65744 at=2026-09-15T21:44:14.437Z
RUN ticket=519 runId=508033c0-176f-493c-86c8-a099f2897aa8 cmd="node .scratch/t519/gen8.mjs" waitedMs=0 exit=1 pid=24652 at=2026-09-15T21:44:31.490Z
RUN ticket=519 runId=94d7e396-1e39-418b-a0a6-78904d4c1035 cmd="node .scratch/t519/gen8.mjs" waitedMs=0 exit=0 pid=63992 at=2026-09-15T21:45:06.357Z
RUN ticket=519 runId=9753f6ac-7420-4c18-af77-e6a7b1abdf11 cmd="node packages/skill-calorie/scripts/audit-separators.mjs --dir .scratch/t519/样板 --json .scratch/t519/W1-sep.json" waitedMs=0 exit=0 pid=41080 at=2026-09-15T21:45:06.575Z
RUN ticket=519 runId=ef9d8e09-b1ce-4563-a34b-26d341cdc187 cmd="node packages/skill-calorie/scripts/measure-responsive.mjs --dir .scratch/t519/样板 --widths 390,512,820,1440 --json .scratch/t519/W1-measure.json" waitedMs=0 exit=0 pid=48008 at=2026-09-15T21:45:16.893Z
RUN ticket=519 runId=aec52991-26cf-4390-bf91-cc00bfb1fa46 cmd="node docs/skills/skill-calorie/t516-判据-版式.mjs --dir .scratch/t519/样板 --widths 390,512,820,1440 --json .scratch/t519/W1-layout.json" waitedMs=0 exit=0 pid=71712 at=2026-09-15T21:45:35.611Z
RUN ticket=519 runId=02a6bac3-1f0e-4cf4-86e7-598b21093c9a cmd="node --test packages/skill-calorie/test/analysis-report-384.test.mjs packages/skill-calorie/test/analysis-accept-386.test.mjs" waitedMs=0 exit=1 pid=65388 at=2026-09-15T21:46:35.392Z
RUN ticket=519 runId=f5a813d0-4a9c-41bd-a38c-e819427fe104 cmd="node --test packages/skill-calorie/test/analysis-report-384.test.mjs packages/skill-calorie/test/analysis-accept-386.test.mjs" waitedMs=0 exit=0 pid=43636 at=2026-09-15T21:47:34.167Z
RUN ticket=519 runId=798dbe0a-3fab-46a7-a277-30310027a727 cmd="node --test packages/skill-calorie/test/analysis-shape-report-520.test.mjs" waitedMs=0 exit=0 pid=51916 at=2026-09-15T21:48:07.424Z
RUN ticket=519 runId=c69246c5-cd51-4e66-8959-a4adaea480da cmd="node packages/skill-calorie/scripts/check-warning-line.mjs" waitedMs=0 exit=0 pid=70824 at=2026-09-15T21:48:12.428Z
RUN ticket=519 runId=629ebe9e-ef1a-4f6f-a5d7-2238c4006613 cmd="node packages/skill-calorie/scripts/gen-cli.mjs --check" waitedMs=0 exit=0 pid=73608 at=2026-09-15T21:48:12.722Z
RUN ticket=519 runId=3e01797e-71b7-4e94-8b89-839df5d48a90 cmd="node .scratch/t519/mutate.mjs m1" waitedMs=0 exit=0 pid=43844 at=2026-09-15T21:48:41.096Z
RUN ticket=519 runId=af96b328-04e9-4801-90c5-5b66ace642c4 cmd="node .scratch/t519/mutate.mjs m2" waitedMs=0 exit=0 pid=63376 at=2026-09-15T21:48:43.128Z
RUN ticket=519 runId=411df20e-e08c-4f30-964d-99fae3b0f93d cmd="node .scratch/t519/mutate.mjs m3" waitedMs=0 exit=0 pid=54396 at=2026-09-15T21:48:45.193Z
RUN ticket=519 runId=e4edcf6a-6216-4b77-bec9-52c45956b3ec cmd="node .scratch/t519/mutate.mjs m4" waitedMs=0 exit=1 pid=56524 at=2026-09-15T21:48:45.311Z
RUN ticket=519 runId=7bd7b70b-4881-4b94-b197-599c1e7d4a9e cmd="node .scratch/t519/mutate.mjs m4" waitedMs=0 exit=0 pid=55260 at=2026-09-15T21:48:59.262Z
RUN ticket=519 runId=cc7b8d20-69c9-4a7a-b46c-29766cd2e1eb cmd="cmd /c \"git add packages/skill-calorie/src/analysis/reportDoc.ts packages/skill-calorie/src/analysis/reportDocParts.ts packages/skill-calorie/src/analysis/reportDocBmi.ts packages/skill-calorie/src/analysis/reportDocTracked.ts packages/skill-calorie/src/analysis/reportDocScore.ts packages/skill-calorie/test/analysis-report-384.test.mjs packages/skill-calorie/test/analysis-accept-386.test.mjs packages/skill-calorie/test/analysis-shape-report-520.test.mjs docs/skills/skill-calorie/t519-W1-报告族-证据.md && git diff --cached --name-only && git commit -F .scratch/t519/W1-commit-msg.txt -- packages/skill-calorie/src/analysis/reportDoc.ts packages/skill-calorie/src/analysis/reportDocParts.ts packages/skill-calorie/src/analysis/reportDocBmi.ts packages/skill-calorie/src/analysis/reportDocTracked.ts packages/skill-calorie/src/analysis/reportDocScore.ts packages/skill-calorie/test/analysis-report-384.test.mjs packages/skill-calorie/test/analysis-accept-386.test.mjs packages/skill-calorie/test/analysis-shape-report-520.test.mjs docs/skills/skill-calorie/t519-W1-报告族-证据.md\"" waitedMs=1 exit=0 pid=61600 at=2026-09-15T21:50:04.801Z
RUN ticket=519 runId=e6c97cd5-3925-41be-b420-2daf147c0ec0 cmd="node .scratch/t519/mutate.mjs m5" waitedMs=1 exit=0 pid=61988 at=2026-09-15T21:50:37.942Z
RUN ticket=519 runId=87ed28eb-3e72-4db1-beea-631200b75ebe cmd="node packages/skill-calorie/scripts/audit-separators.mjs --dir .scratch/t519/样板-W2 --json .scratch/t519/W2-sep.json" waitedMs=0 exit=0 pid=42992 at=2026-09-15T21:50:47.659Z
RUN ticket=519 runId=7e8d6340-9671-4c19-b4fa-ab9bc58d16cd cmd="node packages/skill-calorie/scripts/measure-responsive.mjs --dir .scratch/t519/样板-W2 --widths 390,512,820,1440 --json .scratch/t519/W2-measure.json" waitedMs=0 exit=0 pid=35408 at=2026-09-15T21:50:50.838Z
RUN ticket=519 runId=8f261933-b324-4857-af43-3ba325598cb0 cmd="node docs/skills/skill-calorie/t516-判据-版式.mjs --dir .scratch/t519/样板-W2 --widths 390,512,820,1440 --json .scratch/t519/W2-layout.json" waitedMs=0 exit=0 pid=24628 at=2026-09-15T21:51:03.008Z
RUN ticket=519 runId=8fa47c02-9cac-4394-84b3-794ac5b65c65 cmd="node packages/skill-calorie/scripts/audit-separators.mjs --dir .scratch/t519/样板-W3 --json .scratch/t519/W3-sep.json" waitedMs=0 exit=0 pid=39664 at=2026-09-15T21:51:03.427Z
RUN ticket=519 runId=d988ab9e-2e9e-4e67-9c41-d29d05cef9e9 cmd="node packages/skill-calorie/scripts/measure-responsive.mjs --dir .scratch/t519/样板-W3 --widths 390,512,820,1440 --json .scratch/t519/W3-measure.json" waitedMs=0 exit=0 pid=59948 at=2026-09-15T21:51:08.062Z
RUN ticket=519 runId=450d9408-150e-4a54-98e3-40715e13ee4c cmd="node docs/skills/skill-calorie/t516-判据-版式.mjs --dir .scratch/t519/样板-W3 --widths 390,512,820,1440 --json .scratch/t519/W3-layout.json" waitedMs=0 exit=0 pid=33136 at=2026-09-15T21:51:13.636Z
RUN ticket=519 runId=53277d6e-face-48ba-af27-0bfad03e0735 cmd="node .scratch/t519/mutate.mjs m6" waitedMs=0 exit=0 pid=51856 at=2026-09-15T21:51:29.434Z
RUN ticket=519 runId=faecbfda-42e3-45ca-bb35-79c32d013abc cmd="node .scratch/t519/mutate.mjs m7" waitedMs=0 exit=0 pid=33236 at=2026-09-15T21:51:36.859Z
RUN ticket=519 runId=efeb48c0-304a-4a9e-930e-c525c5b80105 cmd="cmd /c \"git add docs/skills/skill-calorie/t519-W2-报告族-证据.md docs/skills/skill-calorie/t519-W3-报告族-证据.md && git diff --cached --name-only && git commit -F .scratch/t519/W23-commit-msg.txt -- docs/skills/skill-calorie/t519-W2-报告族-证据.md docs/skills/skill-calorie/t519-W3-报告族-证据.md\"" waitedMs=1 exit=0 pid=72060 at=2026-09-15T21:52:11.487Z
RUN ticket=519 runId=e7e0d9aa-7d9a-4487-8ac1-ef54b547f67b cmd="node .scratch/t387/run-all.mjs" waitedMs=1 exit=0 pid=61412 at=2026-09-15T21:52:28.827Z
RUN ticket=519 runId=f51366bd-4637-4146-964f-8041a382d084 cmd="node packages/skill-calorie/scripts/audit-separators.mjs --dir .scratch/t387/html --json .scratch/t519/W4-sep31.json" waitedMs=0 exit=0 pid=30444 at=2026-09-15T21:52:50.614Z
RUN ticket=519 runId=6721adae-1c9e-4a61-9e6f-6742dd3a846b cmd="node packages/skill-calorie/scripts/measure-responsive.mjs --dir .scratch/t387/html --widths 390,512,820,1440 --json .scratch/t519/W4-measure31.json" waitedMs=0 exit=0 pid=71848 at=2026-09-15T21:53:16.437Z
RUN ticket=519 runId=fd71f834-320d-4899-9fa2-3679d228cebd cmd="node --test packages/skill-calorie/test/analysis-predict-383.test.mjs packages/skill-calorie/test/analysis-predict-455.test.mjs packages/skill-calorie/test/analysis-tdee-463.test.mjs packages/skill-calorie/test/analysis-shape-predict-520.test.mjs packages/skill-calorie/test/analysis-accept-386.test.mjs packages/skill-calorie/test/analysis-deficit-385.test.mjs packages/skill-calorie/test/analysis-shape-520.test.mjs packages/skill-calorie/test/analysis-deficit-eta-466.test.mjs packages/skill-calorie/test/analysis-report-384.test.mjs packages/skill-calorie/test/analysis-shape-report-520.test.mjs" waitedMs=1 exit=0 pid=51932 at=2026-09-15T21:53:44.620Z
RUN ticket=519 runId=e5c18210-b3c1-4881-b880-ec9cae0264a8 cmd="node docs/skills/skill-calorie/t516-判据-版式.mjs --dir .scratch/t519/样板 --widths 390,512,820,1440 --json .scratch/t519/W4-layout.json" waitedMs=0 exit=0 pid=37496 at=2026-09-15T21:54:04.986Z
RUN ticket=519 runId=182e156b-e0e7-4256-94ad-b85c03c95d60 cmd="node .scratch/t519/probes.mjs --dir .scratch/t519/样板" waitedMs=0 exit=0 pid=32100 at=2026-09-15T21:54:05.150Z
RUN ticket=519 runId=d21426cd-9b92-4cb3-891a-0e8b903474dd cmd="node packages/skill-calorie/scripts/check-warning-line.mjs" waitedMs=0 exit=0 pid=60332 at=2026-09-15T21:54:05.330Z
RUN ticket=519 runId=994e0b68-2815-4886-a87f-6fe7f32c06a4 cmd="node packages/skill-calorie/scripts/gen-cli.mjs --check" waitedMs=0 exit=0 pid=50484 at=2026-09-15T21:54:05.642Z
RUN ticket=519 runId=3f7c9c27-805e-4b28-af5d-74c27dcd6672 cmd="node tooling/check-gate-audit.mjs --evidence docs/skills/skill-calorie/t519-W4-收尾-证据.md --log .scratch/locks-m158v2/gate-runs.log --ticket 519 --since 2026-09-15T21:38:00.000Z --until 2026-09-15T21:54:30.000Z --export docs/skills/skill-calorie/t519-GATE-RUN.log --allow-undeclared" waitedMs=0 exit=1 pid=70004 at=2026-09-15T21:55:46.878Z
RUN ticket=519 runId=0323790f-f4a5-46db-84ae-eff044e87b4a cmd="node tooling/check-gate-audit.mjs --evidence docs/skills/skill-calorie/t519-W4-收尾-证据.md --log .scratch/locks-m158v2/gate-runs.log --ticket 519 --since 2026-09-15T21:38:00.000Z --until 2026-09-15T21:54:30.000Z --export docs/skills/skill-calorie/t519-GATE-RUN.log --allow-undeclared" waitedMs=0 exit=1 pid=40552 at=2026-09-15T21:56:04.958Z
RUN ticket=519 runId=be75ea7a-7ac9-4473-896f-c1e474a2b3a7 cmd="node tooling/check-gate-audit.mjs --evidence docs/skills/skill-calorie/t519-W4-收尾-证据.md --log .scratch/locks-m158v2/gate-runs.log --ticket 519 --since 2026-09-15T21:38:00.000Z --until 2026-09-15T21:54:30.000Z --export docs/skills/skill-calorie/t519-GATE-RUN.log --allow-undeclared" waitedMs=0 exit=0 pid=40888 at=2026-09-15T21:56:34.452Z
RUN ticket=519 runId=9c880864-b33f-4147-8191-314a953075df cmd="cmd /c \"git add docs/skills/skill-calorie/t519-W4-收尾-证据.md docs/skills/skill-calorie/t519-GATE-RUN.log && git diff --cached --name-only && git commit -F .scratch/t519/W4-commit-msg.txt -- docs/skills/skill-calorie/t519-W4-收尾-证据.md docs/skills/skill-calorie/t519-GATE-RUN.log\"" waitedMs=0 exit=0 pid=61040 at=2026-09-15T21:56:57.330Z
RUN ticket=519 runId=1c7892f2-0b92-4092-88ed-3a0f34a8623c cmd="node .scratch/t519/diag-param.mjs" waitedMs=0 exit=0 pid=45152 at=2026-09-15T22:00:41.616Z
RUN ticket=519 runId=6b862e3f-634c-4664-874f-2606f5486634 cmd="node .scratch/t387/run-all.mjs" waitedMs=0 exit=0 pid=58720 at=2026-09-15T22:00:49.966Z
RUN ticket=519 runId=1be6ea51-bd9e-47b1-bb70-3feb45d77931 cmd="node --test packages/skill-calorie/test/analysis-accept-386.test.mjs packages/skill-calorie/test/analysis-report-384.test.mjs packages/skill-calorie/test/analysis-shape-report-520.test.mjs" waitedMs=0 exit=0 pid=67300 at=2026-09-15T22:01:19.364Z
RUN ticket=519 runId=5f63c387-f31b-4ffc-9f80-3ba2e0f85c26 cmd="node .scratch/t519/neg-reportmarks.mjs" waitedMs=0 exit=0 pid=66264 at=2026-09-15T22:01:19.569Z
RUN ticket=519 runId=58b24064-4a79-4dde-9a86-0a51a720e00a cmd="node .scratch/t519/mutate.mjs m8" waitedMs=0 exit=0 pid=66512 at=2026-09-15T22:02:06.214Z
RUN ticket=519 runId=05b6eb45-aa30-4007-95ae-eb1dc5d62a43 cmd="node .scratch/t519/mutate.mjs m9" waitedMs=1 exit=0 pid=55252 at=2026-09-15T22:02:58.100Z
RUN ticket=519 runId=45acb17e-eb8a-46a5-bc6c-2aa9d0da46de cmd="git commit -m \"视觉审查(519)：报告族 8 页两档独立打分\" -- docs/skills/skill-calorie/t519-视觉审查.md" waitedMs=0 exit=0 pid=71448 at=2026-09-15T22:03:48.647Z
RUN ticket=519 runId=8308ea5b-fbb7-49c3-a5bc-3581d3f310fc cmd="node tooling/check-gate-audit.mjs --evidence docs/skills/skill-calorie/t519-W5-收尾二-证据.md --log .scratch/locks-m158v2/gate-runs.log --ticket 519 --since 2026-09-15T21:38:00.000Z --until 2026-09-15T22:05:00.000Z --export docs/skills/skill-calorie/t519-GATE-RUN.log --allow-undeclared" waitedMs=0 exit=0 pid=63588 at=2026-09-15T22:04:05.206Z
RUN ticket=519 runId=86f2e677-4421-4b24-adca-2d259ef0c5dc cmd="cmd /c \"git add packages/skill-calorie/test/analysis-accept-386.test.mjs docs/skills/skill-calorie/t519-W5-收尾二-证据.md docs/skills/skill-calorie/t519-GATE-RUN.log && git diff --cached --name-only && git commit -F .scratch/t519/W5-commit-msg.txt -- packages/skill-calorie/test/analysis-accept-386.test.mjs docs/skills/skill-calorie/t519-W5-收尾二-证据.md docs/skills/skill-calorie/t519-GATE-RUN.log\"" waitedMs=0 exit=0 pid=33924 at=2026-09-15T22:04:21.019Z
RUN ticket=519 runId=d04efbe7-6f86-4101-a9b6-c3c5f996b419 cmd="cmd /c \"git add -f .scratch/t387/run-all.mjs && git diff --cached --name-only && git commit -F .scratch/t519/W5r-commit-msg.txt -- .scratch/t387/run-all.mjs\"" waitedMs=0 exit=0 pid=20496 at=2026-09-15T22:04:26.689Z
RUN ticket=519 runId=183f9c72-618c-455d-9750-978926989676 cmd="node node_modules/typescript/bin/tsc -b packages/skill-calorie" waitedMs=0 exit=0 pid=32308 at=2026-09-15T22:08:47.389Z
RUN ticket=519 runId=66331642-a806-4941-8112-450ca9e2def8 cmd="node .scratch/t387/run-all.mjs" waitedMs=0 exit=0 pid=55560 at=2026-09-15T22:08:55.884Z
RUN ticket=519 runId=8d7bbe3f-c68b-43ce-8864-f37742509fc9 cmd="node node_modules/typescript/bin/tsc -b packages/skill-calorie" waitedMs=0 exit=0 pid=24916 at=2026-09-15T22:09:55.629Z
RUN ticket=519 runId=93e531b6-34ff-47a7-adea-68996fc62607 cmd="node .scratch/t387/run-all.mjs" waitedMs=1 exit=0 pid=63756 at=2026-09-15T22:10:04.667Z
RUN ticket=519 runId=6282956e-9486-4411-9f33-9b1a7a6ceb86 cmd="node --test packages/skill-calorie/test/analysis-predict-383.test.mjs packages/skill-calorie/test/analysis-predict-455.test.mjs packages/skill-calorie/test/analysis-tdee-463.test.mjs packages/skill-calorie/test/analysis-shape-predict-520.test.mjs packages/skill-calorie/test/analysis-accept-386.test.mjs packages/skill-calorie/test/analysis-deficit-385.test.mjs packages/skill-calorie/test/analysis-shape-520.test.mjs packages/skill-calorie/test/analysis-deficit-eta-466.test.mjs packages/skill-calorie/test/analysis-report-384.test.mjs packages/skill-calorie/test/analysis-shape-report-520.test.mjs" waitedMs=0 exit=0 pid=10848 at=2026-09-15T22:10:33.702Z
RUN ticket=519 runId=464d42a0-2b29-4b21-99c6-0b5c9259deaf cmd="node --test packages/skill-calorie/test/analysis-accept-386.test.mjs packages/skill-calorie/test/analysis-shape-report-520.test.mjs packages/skill-calorie/test/analysis-report-384.test.mjs" waitedMs=0 exit=0 pid=68696 at=2026-09-15T22:11:29.069Z
RUN ticket=519 runId=335519fa-73c2-45b1-a65f-9a37a89f3916 cmd="node packages/skill-calorie/scripts/audit-separators.mjs --dir .scratch/t387/html --json .scratch/t519/W5-sep31.json" waitedMs=0 exit=0 pid=51524 at=2026-09-15T22:11:30.672Z
RUN ticket=519 runId=353c6f56-6ddd-4c06-b924-48937e2f9f69 cmd="node packages/skill-calorie/scripts/measure-responsive.mjs --dir .scratch/t387/html --widths 390,512,820,1440 --json .scratch/t519/W5-measure31.json" waitedMs=0 exit=0 pid=71184 at=2026-09-15T22:11:52.102Z
RUN ticket=519 runId=a0d2129a-617b-409f-824f-0f70420a4963 cmd="node docs/skills/skill-calorie/t516-判据-版式.mjs --dir .scratch/t387/html --widths 390,512,820,1440 --json .scratch/t519/W5-layout.json" waitedMs=0 exit=0 pid=66144 at=2026-09-15T22:12:48.940Z
RUN ticket=519 runId=33a557e7-3281-4e5c-b6c6-aad7ef085287 cmd="node .scratch/t519/probes.mjs --dir .scratch/t387/html" waitedMs=1 exit=1 pid=65160 at=2026-09-15T22:12:49.115Z
RUN ticket=519 runId=00ee6740-2ebe-4bd9-93ed-c723c18b17b6 cmd="node --test packages/skill-calorie/test/analysis-shape-report-520.test.mjs" waitedMs=0 exit=1 pid=61676 at=2026-09-15T22:13:24.860Z
RUN ticket=519 runId=6404e21c-cac5-4360-b682-f3df7467b89f cmd="node --test packages/skill-calorie/test/analysis-shape-report-520.test.mjs" waitedMs=0 exit=0 pid=7240 at=2026-09-15T22:13:36.986Z
RUN ticket=519 runId=f3430b6c-9e0c-44ca-9247-b27e887c80b5 cmd="node .scratch/t519/mutate.mjs m10" waitedMs=0 exit=0 pid=43116 at=2026-09-15T22:13:51.416Z
RUN ticket=519 runId=ef9be5df-3b25-49d9-8835-201e13c6fc81 cmd="node .scratch/t519/mutate.mjs m11" waitedMs=0 exit=1 pid=73220 at=2026-09-15T22:13:51.531Z
RUN ticket=519 runId=1be65e89-86a1-4408-9565-4d73e42bca5c cmd="node .scratch/t519/mutate.mjs m12" waitedMs=0 exit=1 pid=50020 at=2026-09-15T22:13:51.668Z
RUN ticket=519 runId=b32605a7-59f8-4734-b94c-e304febd9047 cmd="node .scratch/t519/mutate.mjs m10" waitedMs=0 exit=0 pid=61664 at=2026-09-15T22:14:11.801Z
RUN ticket=519 runId=fa38603a-1b7a-4f20-a476-51e32b13fe67 cmd="node .scratch/t519/mutate.mjs m11" waitedMs=0 exit=1 pid=48480 at=2026-09-15T22:14:13.813Z
RUN ticket=519 runId=46d7c004-8ae0-4bc4-8fa8-c5c9e6d06932 cmd="node .scratch/t519/mutate.mjs m12" waitedMs=0 exit=0 pid=67720 at=2026-09-15T22:14:15.817Z
RUN ticket=519 runId=bf7231b6-41cd-428d-a75b-51e1de5cb558 cmd="node node_modules/typescript/bin/tsc -b packages/skill-calorie" waitedMs=0 exit=1 pid=43508 at=2026-09-15T22:14:23.993Z
RUN ticket=519 runId=5e1b87eb-f070-4c0e-bc93-3c532fdbe3bd cmd="node --test packages/skill-calorie/test/analysis-shape-report-520.test.mjs" waitedMs=0 exit=0 pid=31652 at=2026-09-15T22:14:41.703Z
RUN ticket=519 runId=0d1002ff-899d-4a25-a86d-ab72380368d8 cmd="node .scratch/t519/mutate.mjs m11" waitedMs=0 exit=0 pid=61952 at=2026-09-15T22:14:48.346Z
RUN ticket=519 runId=83839405-748e-4b7e-b70c-32ae91a5bd76 cmd="node .scratch/t519/mutate.mjs m10" waitedMs=0 exit=0 pid=47152 at=2026-09-15T22:14:50.286Z
RUN ticket=519 runId=071598d6-2c8e-4c7d-89f5-9bf0345726a7 cmd="node .scratch/t519/mutate.mjs m12" waitedMs=0 exit=0 pid=34872 at=2026-09-15T22:14:52.352Z
RUN ticket=519 runId=ad264258-23e0-4183-8d71-9a088690129d cmd="node node_modules/typescript/bin/tsc -b packages/skill-calorie" waitedMs=0 exit=1 pid=61716 at=2026-09-15T22:15:21.628Z
RUN ticket=519 runId=2edd8581-0e5a-44a8-9a3e-7e6e124f076c cmd="node node_modules/typescript/bin/tsc -b packages/skill-calorie" waitedMs=0 exit=1 pid=69892 at=2026-09-15T22:15:46.429Z
RUN ticket=519 runId=d3af8d02-01e1-49d0-a529-d1633be6facc cmd="node .scratch/t387/run-all.mjs" waitedMs=0 exit=0 pid=56832 at=2026-09-15T22:15:54.915Z
RUN ticket=519 runId=a0490694-9673-419e-be6e-093f6fb51c57 cmd="node packages/skill-calorie/scripts/audit-separators.mjs --dir .scratch/t387/html --json .scratch/t519/W5-sep31.json" waitedMs=0 exit=0 pid=54124 at=2026-09-15T22:16:03.120Z
RUN ticket=519 runId=15f18316-ecfb-4eb2-949a-85eec780010a cmd="node packages/skill-calorie/scripts/measure-responsive.mjs --dir .scratch/t387/html --widths 390,512,820,1440 --json .scratch/t519/W5-measure31.json" waitedMs=0 exit=0 pid=66564 at=2026-09-15T22:16:23.679Z
RUN ticket=519 runId=d9bcdc30-ebab-4d63-98df-82fe15d64aa0 cmd="node --test packages/skill-calorie/test/analysis-predict-383.test.mjs packages/skill-calorie/test/analysis-predict-455.test.mjs packages/skill-calorie/test/analysis-tdee-463.test.mjs packages/skill-calorie/test/analysis-shape-predict-520.test.mjs packages/skill-calorie/test/analysis-accept-386.test.mjs packages/skill-calorie/test/analysis-deficit-385.test.mjs packages/skill-calorie/test/analysis-shape-520.test.mjs packages/skill-calorie/test/analysis-deficit-eta-466.test.mjs packages/skill-calorie/test/analysis-report-384.test.mjs packages/skill-calorie/test/analysis-shape-report-520.test.mjs" waitedMs=0 exit=0 pid=17072 at=2026-09-15T22:16:42.531Z
RUN ticket=519 runId=b04d0bd0-c952-477e-848c-78b345e6f6a0 cmd="node docs/skills/skill-calorie/t516-判据-版式.mjs --dir .scratch/t387/html --widths 390,512,820,1440 --json .scratch/t519/W5-layout.json" waitedMs=0 exit=0 pid=36240 at=2026-09-15T22:17:39.469Z
RUN ticket=519 runId=2d72b252-3d8c-4f7a-bbc5-fe13e34bcffd cmd="node .scratch/t519/probes.mjs --dir .scratch/t387/html --pages 24,25,26,27,28,29,30,31" waitedMs=0 exit=0 pid=72132 at=2026-09-15T22:17:39.654Z
RUN ticket=519 runId=ab23c7ed-7d4e-4fe2-80be-c8d5d38b8cac cmd="node .scratch/t519/chart-probe.mjs --dir .scratch/t387/html --pages 24,25,26,27,28,29,30,31" waitedMs=0 exit=0 pid=46256 at=2026-09-15T22:17:39.790Z
RUN ticket=519 runId=03a51d42-cbc1-4489-adf0-291e2730f1af cmd="node packages/skill-calorie/scripts/check-warning-line.mjs" waitedMs=0 exit=0 pid=57120 at=2026-09-15T22:17:39.985Z
RUN ticket=519 runId=5f0912d9-7151-4383-97ac-b2e93809ae9f cmd="node packages/skill-calorie/scripts/gen-cli.mjs --check" waitedMs=0 exit=0 pid=65140 at=2026-09-15T22:17:40.288Z
RUN ticket=519 runId=b421b7dd-dd09-42f0-bc02-de27d210973a cmd="node node_modules/typescript/bin/tsc -b packages/skill-calorie" waitedMs=0 exit=0 pid=70296 at=2026-09-15T22:18:01.481Z
RUN ticket=519 runId=df4fe68e-fed8-4203-8e23-f7837cd4d924 cmd="node .scratch/t387/run-all.mjs" waitedMs=0 exit=0 pid=50024 at=2026-09-15T22:18:16.663Z
RUN ticket=519 runId=0ef21074-b665-4ba2-996f-885cec89f0aa cmd="node packages/skill-calorie/scripts/audit-separators.mjs --dir .scratch/t387/html --json .scratch/t519/W5-sep31.json" waitedMs=0 exit=0 pid=39444 at=2026-09-15T22:18:25.687Z
RUN ticket=519 runId=1ff95ea7-7baa-41d0-b1e6-86a49f9da889 cmd="node packages/skill-calorie/scripts/measure-responsive.mjs --dir .scratch/t387/html --widths 390,512,820,1440 --json .scratch/t519/W5-measure31.json" waitedMs=0 exit=0 pid=57868 at=2026-09-15T22:18:46.515Z
RUN ticket=519 runId=0600eb06-3c34-46a9-8d57-12358b0bf936 cmd="node docs/skills/skill-calorie/t516-判据-版式.mjs --dir .scratch/t387/html --widths 390,512,820,1440 --json .scratch/t519/W5-layout.json" waitedMs=0 exit=0 pid=35696 at=2026-09-15T22:19:36.631Z
RUN ticket=519 runId=702d058a-b2e4-424c-abce-1ae3a40bd23c cmd="node .scratch/t519/chart-probe.mjs --dir .scratch/t387/html --pages 24,25,26,27,28,29,30,31" waitedMs=0 exit=0 pid=50836 at=2026-09-15T22:19:36.780Z
RUN ticket=519 runId=70c1971c-b6d3-43d7-8333-e7840ed88924 cmd="node .scratch/t519/probes.mjs --dir .scratch/t387/html --pages 24,25,26,27,28,29,30,31" waitedMs=1 exit=0 pid=59544 at=2026-09-15T22:19:36.902Z
RUN ticket=519 runId=ec521236-365d-4422-94ee-f001ebbda4a4 cmd="node --test packages/skill-calorie/test/analysis-report-384.test.mjs packages/skill-calorie/test/analysis-accept-386.test.mjs packages/skill-calorie/test/analysis-shape-report-520.test.mjs packages/skill-calorie/test/analysis-shape-520.test.mjs packages/skill-calorie/test/analysis-deficit-385.test.mjs packages/skill-calorie/test/analysis-deficit-eta-466.test.mjs packages/skill-calorie/test/analysis-predict-383.test.mjs packages/skill-calorie/test/analysis-predict-455.test.mjs packages/skill-calorie/test/analysis-shape-predict-520.test.mjs packages/skill-calorie/test/analysis-tdee-463.test.mjs" waitedMs=0 exit=0 pid=29496 at=2026-09-15T22:19:56.077Z
RUN ticket=519 runId=544ee462-6420-4a15-86fa-950e6c472170 cmd="node tooling/check-gate-audit.mjs --evidence docs/skills/skill-calorie/t519-W5-视觉整改-证据.md --log .scratch/locks-m158v2/gate-runs.log --ticket 519 --since 2026-09-15T22:05:30.000Z --until 2026-09-15T22:21:00.000Z" waitedMs=1 exit=1 pid=60308 at=2026-09-15T22:20:44.228Z
RUN ticket=519 runId=cf28b651-6141-46df-88bf-9df697ddd8b3 cmd="node tooling/check-gate-audit.mjs --evidence docs/skills/skill-calorie/t519-W5-视觉整改-证据.md --log .scratch/locks-m158v2/gate-runs.log --ticket 519 --since 2026-09-15T22:05:30.000Z --until 2026-09-15T22:21:00.000Z --allow-undeclared" waitedMs=0 exit=0 pid=28400 at=2026-09-15T22:20:54.547Z
```
