# #543 门禁运行记录导出（源：.scratch/locks/gate-runs.log，只筛 ticket=543 的行，逐行原样）
# 导出时刻：2026-09-15T20:31:24.380Z　条目数：210

START ticket=543 runId=daa14de9-d215-4bad-af4f-f78f8797b8ec cmd="pnpm --filter skill-calorie run build" waitedMs=30029 pid=47004 at=2026-09-15T07:37:22.797Z
RUN ticket=543 runId=daa14de9-d215-4bad-af4f-f78f8797b8ec cmd="pnpm --filter skill-calorie run build" waitedMs=30029 exit=1 pid=47004 at=2026-09-15T07:37:26.838Z
START ticket=543 runId=1bfbd44e-bd1b-4bf9-a112-484fdce1d36e cmd="node .scratch/t543/run13.mjs" waitedMs=140116 pid=33736 at=2026-09-15T07:50:16.647Z
RUN ticket=543 runId=1bfbd44e-bd1b-4bf9-a112-484fdce1d36e cmd="node .scratch/t543/run13.mjs" waitedMs=140116 exit=0 pid=33736 at=2026-09-15T07:50:38.451Z
START ticket=543 runId=0418d3c5-1577-4778-854f-e10925a5a3c6 cmd="node .scratch/t543/scan13.mjs D:/ilife/.scratch/t543/out .scratch/t543" waitedMs=0 pid=16644 at=2026-09-15T07:50:52.333Z
RUN ticket=543 runId=0418d3c5-1577-4778-854f-e10925a5a3c6 cmd="node .scratch/t543/scan13.mjs D:/ilife/.scratch/t543/out .scratch/t543" waitedMs=0 exit=0 pid=16644 at=2026-09-15T07:50:53.412Z
START ticket=543 runId=05993f73-8568-4690-a62d-2289ae44a43b cmd="pnpm --filter skill-calorie run build" waitedMs=0 pid=44672 at=2026-09-15T07:51:02.975Z
RUN ticket=543 runId=05993f73-8568-4690-a62d-2289ae44a43b cmd="pnpm --filter skill-calorie run build" waitedMs=0 exit=0 pid=44672 at=2026-09-15T07:51:04.998Z
START ticket=543 runId=992bbaef-7f83-4ceb-8756-24d7607bb5d2 cmd="node --test packages/skill-calorie/test/exercise-text-shape-543.test.mjs" waitedMs=0 pid=27512 at=2026-09-15T07:51:53.608Z
RUN ticket=543 runId=992bbaef-7f83-4ceb-8756-24d7607bb5d2 cmd="node --test packages/skill-calorie/test/exercise-text-shape-543.test.mjs" waitedMs=0 exit=1 pid=27512 at=2026-09-15T07:51:54.269Z
START ticket=543 runId=56386d65-ece4-45a8-a2a7-fefffdfe0600 cmd="pnpm --filter skill-calorie run build" waitedMs=370263 pid=21888 at=2026-09-15T07:58:50.354Z
RUN ticket=543 runId=56386d65-ece4-45a8-a2a7-fefffdfe0600 cmd="pnpm --filter skill-calorie run build" waitedMs=370263 exit=0 pid=21888 at=2026-09-15T07:58:51.575Z
START ticket=543 runId=2ca2dcc3-93f6-460c-8faf-35c7fc02a90b cmd="node --test packages/skill-calorie/test/exercise-text-shape-543.test.mjs" waitedMs=1 pid=46952 at=2026-09-15T07:59:08.500Z
RUN ticket=543 runId=2ca2dcc3-93f6-460c-8faf-35c7fc02a90b cmd="node --test packages/skill-calorie/test/exercise-text-shape-543.test.mjs" waitedMs=1 exit=1 pid=46952 at=2026-09-15T07:59:09.136Z
START ticket=543 runId=167edfda-dbd8-4f50-abd6-40c028e90227 cmd="node --test packages/skill-calorie/test/exercise-text-shape-543.test.mjs" waitedMs=0 pid=46636 at=2026-09-15T11:40:21.769Z
RUN ticket=543 runId=167edfda-dbd8-4f50-abd6-40c028e90227 cmd="node --test packages/skill-calorie/test/exercise-text-shape-543.test.mjs" waitedMs=0 exit=1 pid=46636 at=2026-09-15T11:40:23.753Z
START ticket=543 runId=871be6fc-a64a-41ef-b985-de90f0f4a2c5 cmd="node --test packages/skill-calorie/test/exercise-text-shape-543.test.mjs" waitedMs=0 pid=53260 at=2026-09-15T11:41:32.798Z
RUN ticket=543 runId=871be6fc-a64a-41ef-b985-de90f0f4a2c5 cmd="node --test packages/skill-calorie/test/exercise-text-shape-543.test.mjs" waitedMs=0 exit=0 pid=53260 at=2026-09-15T11:41:34.050Z
START ticket=543 runId=8f16942f-bb32-49eb-838b-22caf8d01f4d cmd="node --test packages/skill-calorie/test/exercise-receipt-264.test.mjs packages/skill-calorie/test/exercise-receipt-fusion-423.test.mjs packages/skill-calorie/test/exercise-accept-267.test.mjs packages/skill-calorie/test/exercise-routes-265.test.mjs packages/skill-calorie/test/exercise-wakewords-266.test.mjs" waitedMs=0 pid=56220 at=2026-09-15T11:41:46.738Z
RUN ticket=543 runId=8f16942f-bb32-49eb-838b-22caf8d01f4d cmd="node --test packages/skill-calorie/test/exercise-receipt-264.test.mjs packages/skill-calorie/test/exercise-receipt-fusion-423.test.mjs packages/skill-calorie/test/exercise-accept-267.test.mjs packages/skill-calorie/test/exercise-routes-265.test.mjs packages/skill-calorie/test/exercise-wakewords-266.test.mjs" waitedMs=0 exit=1 pid=56220 at=2026-09-15T11:42:34.434Z
START ticket=543 runId=d90607fd-3ef1-430f-8775-953d17c53515 cmd="node --test packages/skill-calorie/test/exercise-receipt-264.test.mjs packages/skill-calorie/test/exercise-receipt-fusion-423.test.mjs packages/skill-calorie/test/exercise-accept-267.test.mjs packages/skill-calorie/test/exercise-routes-265.test.mjs packages/skill-calorie/test/exercise-wakewords-266.test.mjs" waitedMs=0 pid=61452 at=2026-09-15T11:43:54.030Z
RUN ticket=543 runId=d90607fd-3ef1-430f-8775-953d17c53515 cmd="node --test packages/skill-calorie/test/exercise-receipt-264.test.mjs packages/skill-calorie/test/exercise-receipt-fusion-423.test.mjs packages/skill-calorie/test/exercise-accept-267.test.mjs packages/skill-calorie/test/exercise-routes-265.test.mjs packages/skill-calorie/test/exercise-wakewords-266.test.mjs" waitedMs=0 exit=1 pid=61452 at=2026-09-15T11:44:25.661Z
START ticket=543 runId=40e9c2bc-9f41-47c6-975e-7e4396bb746f cmd="node --test packages/skill-calorie/test/exercise-receipt-264.test.mjs packages/skill-calorie/test/exercise-receipt-fusion-423.test.mjs packages/skill-calorie/test/exercise-accept-267.test.mjs packages/skill-calorie/test/exercise-routes-265.test.mjs packages/skill-calorie/test/exercise-wakewords-266.test.mjs" waitedMs=0 pid=39024 at=2026-09-15T11:45:02.299Z
RUN ticket=543 runId=40e9c2bc-9f41-47c6-975e-7e4396bb746f cmd="node --test packages/skill-calorie/test/exercise-receipt-264.test.mjs packages/skill-calorie/test/exercise-receipt-fusion-423.test.mjs packages/skill-calorie/test/exercise-accept-267.test.mjs packages/skill-calorie/test/exercise-routes-265.test.mjs packages/skill-calorie/test/exercise-wakewords-266.test.mjs" waitedMs=0 exit=1 pid=39024 at=2026-09-15T11:45:30.134Z
START ticket=543 runId=379e04b8-596e-435f-b416-27f7fa3ff7c3 cmd="pwsh -NoProfile -File .scratch/t543/window-a.ps1" waitedMs=1 pid=31992 at=2026-09-15T11:46:13.075Z
RUN ticket=543 runId=379e04b8-596e-435f-b416-27f7fa3ff7c3 cmd="pwsh -NoProfile -File .scratch/t543/window-a.ps1" waitedMs=1 exit=0 pid=31992 at=2026-09-15T11:46:58.763Z
START ticket=543 runId=31db0caa-b5c7-48a8-999d-18f56085a420 cmd="pwsh -NoProfile -File .scratch/t543/window-a.ps1" waitedMs=0 pid=71912 at=2026-09-15T11:48:21.081Z
RUN ticket=543 runId=31db0caa-b5c7-48a8-999d-18f56085a420 cmd="pwsh -NoProfile -File .scratch/t543/window-a.ps1" waitedMs=0 exit=0 pid=71912 at=2026-09-15T11:49:37.772Z
START ticket=543 runId=42221f14-9432-4e11-b5fe-f4e1da335040 cmd="node .scratch/t543/scan13.mjs D:/ilife/.scratch/t543/out .scratch/t543" waitedMs=0 pid=46172 at=2026-09-15T11:50:47.361Z
RUN ticket=543 runId=42221f14-9432-4e11-b5fe-f4e1da335040 cmd="node .scratch/t543/scan13.mjs D:/ilife/.scratch/t543/out .scratch/t543" waitedMs=0 exit=0 pid=46172 at=2026-09-15T11:50:49.045Z
START ticket=543 runId=d90de97a-a43c-4f30-9692-981c5ff29c82 cmd="pwsh -NoProfile -Command \"pnpm --filter skill-calorie run build *> D:\\ilife\\.scratch\\t543\\w-build.log; Write-Host BUILD=\\; node --test packages/skill-calorie/test/exercise-text-shape-543.test.mjs *> D:\\ilife\\.scratch\\t543\\shape.log; Write-Host T543=\\\"\"" waitedMs=0 pid=44312 at=2026-09-15T11:54:54.226Z
RUN ticket=543 runId=d90de97a-a43c-4f30-9692-981c5ff29c82 cmd="pwsh -NoProfile -Command \"pnpm --filter skill-calorie run build *> D:\\ilife\\.scratch\\t543\\w-build.log; Write-Host BUILD=\\; node --test packages/skill-calorie/test/exercise-text-shape-543.test.mjs *> D:\\ilife\\.scratch\\t543\\shape.log; Write-Host T543=\\\"\"" waitedMs=0 exit=1 pid=44312 at=2026-09-15T11:54:57.458Z
START ticket=543 runId=d5e03a0f-f124-4e41-995b-0167626c2a70 cmd="node --test packages/skill-calorie/test/exercise-text-shape-543.test.mjs" waitedMs=10015 pid=53484 at=2026-09-15T11:56:03.926Z
RUN ticket=543 runId=d5e03a0f-f124-4e41-995b-0167626c2a70 cmd="node --test packages/skill-calorie/test/exercise-text-shape-543.test.mjs" waitedMs=10015 exit=0 pid=53484 at=2026-09-15T11:56:04.879Z
START ticket=543 runId=0c6086ad-a8e7-41e9-a797-633c0e5125ea cmd="pwsh -NoProfile -File .scratch/t543/window-a.ps1" waitedMs=0 pid=51668 at=2026-09-15T11:56:10.140Z
RUN ticket=543 runId=0c6086ad-a8e7-41e9-a797-633c0e5125ea cmd="pwsh -NoProfile -File .scratch/t543/window-a.ps1" waitedMs=0 exit=0 pid=51668 at=2026-09-15T11:57:09.707Z
START ticket=543 runId=b1eba97d-dc4d-4bec-8fcd-60ecc77a1209 cmd="node .scratch/t543/scan13.mjs D:/ilife/.scratch/t543/out .scratch/t543" waitedMs=0 pid=48544 at=2026-09-15T11:57:16.212Z
RUN ticket=543 runId=b1eba97d-dc4d-4bec-8fcd-60ecc77a1209 cmd="node .scratch/t543/scan13.mjs D:/ilife/.scratch/t543/out .scratch/t543" waitedMs=0 exit=0 pid=48544 at=2026-09-15T11:57:17.216Z
START ticket=543 runId=a2994fd4-19fb-485a-b408-3a954da93138 cmd="node --test packages/skill-calorie/test/exercise-receipt-264.test.mjs packages/skill-calorie/test/exercise-receipt-fusion-423.test.mjs packages/skill-calorie/test/exercise-accept-267.test.mjs packages/skill-calorie/test/exercise-routes-265.test.mjs packages/skill-calorie/test/exercise-wakewords-266.test.mjs packages/skill-calorie/test/field-labels-449.test.mjs packages/skill-calorie/test/exercise-text-shape-543.test.mjs packages/skill-calorie/test/exercise-records-342.test.mjs packages/skill-calorie/test/exercise-port-111.test.mjs packages/skill-calorie/test/sport-homogeneity-109.test.mjs packages/skill-calorie/test/exercise-id-entry-478.test.mjs" waitedMs=110098 pid=9680 at=2026-09-15T11:59:35.261Z
RUN ticket=543 runId=a2994fd4-19fb-485a-b408-3a954da93138 cmd="node --test packages/skill-calorie/test/exercise-receipt-264.test.mjs packages/skill-calorie/test/exercise-receipt-fusion-423.test.mjs packages/skill-calorie/test/exercise-accept-267.test.mjs packages/skill-calorie/test/exercise-routes-265.test.mjs packages/skill-calorie/test/exercise-wakewords-266.test.mjs packages/skill-calorie/test/field-labels-449.test.mjs packages/skill-calorie/test/exercise-text-shape-543.test.mjs packages/skill-calorie/test/exercise-records-342.test.mjs packages/skill-calorie/test/exercise-port-111.test.mjs packages/skill-calorie/test/sport-homogeneity-109.test.mjs packages/skill-calorie/test/exercise-id-entry-478.test.mjs" waitedMs=110098 exit=1 pid=9680 at=2026-09-15T12:00:47.940Z
START ticket=543 runId=2b7513db-be21-48c7-b618-3130ac665444 cmd="node packages/skill-calorie/scripts/check-warning-line.mjs" waitedMs=30017 pid=30920 at=2026-09-15T12:02:41.867Z
RUN ticket=543 runId=2b7513db-be21-48c7-b618-3130ac665444 cmd="node packages/skill-calorie/scripts/check-warning-line.mjs" waitedMs=30017 exit=1 pid=30920 at=2026-09-15T12:02:41.977Z
START ticket=543 runId=e2e169df-b767-40ad-ba6e-2259e22a5b20 cmd="pwsh -NoProfile -File .scratch/t543/window-mut.ps1" waitedMs=160154 pid=15540 at=2026-09-15T12:05:39.081Z
RUN ticket=543 runId=e2e169df-b767-40ad-ba6e-2259e22a5b20 cmd="pwsh -NoProfile -File .scratch/t543/window-mut.ps1" waitedMs=160154 exit=0 pid=15540 at=2026-09-15T12:05:55.364Z
START ticket=543 runId=05827b12-7932-4ffe-b7db-2e39288bf126 cmd="pwsh -NoProfile -File .scratch/t543/window-mut.ps1" waitedMs=390304 pid=65864 at=2026-09-15T12:13:23.438Z
RUN ticket=543 runId=05827b12-7932-4ffe-b7db-2e39288bf126 cmd="pwsh -NoProfile -File .scratch/t543/window-mut.ps1" waitedMs=390304 exit=0 pid=65864 at=2026-09-15T12:13:32.015Z
START ticket=543 runId=306c7c6d-d4ad-4a9f-9b0d-62dc8dd63548 cmd="pwsh -NoProfile -File .scratch/t543/window-a.ps1" waitedMs=170153 pid=39664 at=2026-09-15T12:28:50.942Z
RUN ticket=543 runId=306c7c6d-d4ad-4a9f-9b0d-62dc8dd63548 cmd="pwsh -NoProfile -File .scratch/t543/window-a.ps1" waitedMs=170153 exit=0 pid=39664 at=2026-09-15T12:29:01.198Z
START ticket=543 runId=28897057-4983-4f41-b8b2-37dd639c37bf cmd="node packages/skill-calorie/scripts/check-warning-line.mjs" waitedMs=40030 pid=37084 at=2026-09-15T12:30:12.337Z
RUN ticket=543 runId=28897057-4983-4f41-b8b2-37dd639c37bf cmd="node packages/skill-calorie/scripts/check-warning-line.mjs" waitedMs=40030 exit=1 pid=37084 at=2026-09-15T12:30:12.461Z
START ticket=543 runId=4f4c139d-951c-4d5c-b82a-b8dc2d8cb639 cmd="pwsh -NoProfile -File .scratch/t543/window-a.ps1" waitedMs=1 pid=59396 at=2026-09-15T12:43:38.162Z
RUN ticket=543 runId=4f4c139d-951c-4d5c-b82a-b8dc2d8cb639 cmd="pwsh -NoProfile -File .scratch/t543/window-a.ps1" waitedMs=1 exit=0 pid=59396 at=2026-09-15T12:44:25.948Z
START ticket=543 runId=dd7e956c-df11-4007-a2e4-2e99364c16a5 cmd="node --test packages/skill-calorie/test/exercise-text-shape-543.test.mjs packages/skill-calorie/test/exercise-receipt-264.test.mjs packages/skill-calorie/test/exercise-receipt-fusion-423.test.mjs packages/skill-calorie/test/field-labels-449.test.mjs" waitedMs=10001 pid=9332 at=2026-09-15T12:44:53.698Z
RUN ticket=543 runId=dd7e956c-df11-4007-a2e4-2e99364c16a5 cmd="node --test packages/skill-calorie/test/exercise-text-shape-543.test.mjs packages/skill-calorie/test/exercise-receipt-264.test.mjs packages/skill-calorie/test/exercise-receipt-fusion-423.test.mjs packages/skill-calorie/test/field-labels-449.test.mjs" waitedMs=10001 exit=1 pid=9332 at=2026-09-15T12:45:07.839Z
START ticket=543 runId=8aba3a1b-af5a-48fd-ae4f-87df0b817479 cmd="pwsh -NoProfile -File .scratch/t543/window-mut.ps1" waitedMs=140115 pid=72736 at=2026-09-15T12:47:49.958Z
RUN ticket=543 runId=8aba3a1b-af5a-48fd-ae4f-87df0b817479 cmd="pwsh -NoProfile -File .scratch/t543/window-mut.ps1" waitedMs=140115 exit=0 pid=72736 at=2026-09-15T12:47:57.376Z
START ticket=543 runId=c66a6516-41ca-43a0-89c2-28178e4b0cd4 cmd="pwsh -NoProfile -File .scratch/t543/window-a.ps1" waitedMs=610447 pid=47228 at=2026-09-15T13:13:57.473Z
RUN ticket=543 runId=c66a6516-41ca-43a0-89c2-28178e4b0cd4 cmd="pwsh -NoProfile -File .scratch/t543/window-a.ps1" waitedMs=610447 exit=0 pid=47228 at=2026-09-15T13:14:50.184Z
START ticket=543 runId=3db80faf-bf57-4e0a-a17a-a64807299ee3 cmd="node --test packages/skill-calorie/test/exercise-text-shape-543.test.mjs packages/skill-calorie/test/exercise-receipt-264.test.mjs packages/skill-calorie/test/exercise-receipt-fusion-423.test.mjs packages/skill-calorie/test/exercise-accept-267.test.mjs" waitedMs=530604 pid=62144 at=2026-09-15T13:23:59.773Z
RUN ticket=543 runId=3db80faf-bf57-4e0a-a17a-a64807299ee3 cmd="node --test packages/skill-calorie/test/exercise-text-shape-543.test.mjs packages/skill-calorie/test/exercise-receipt-264.test.mjs packages/skill-calorie/test/exercise-receipt-fusion-423.test.mjs packages/skill-calorie/test/exercise-accept-267.test.mjs" waitedMs=530604 exit=1 pid=62144 at=2026-09-15T13:24:27.457Z
START ticket=543 runId=98b9424c-84b8-40bb-80d6-d14665f70d82 cmd="pwsh -NoProfile -File .scratch/t543/window-mut.ps1" waitedMs=20017 pid=61136 at=2026-09-15T13:24:57.689Z
RUN ticket=543 runId=98b9424c-84b8-40bb-80d6-d14665f70d82 cmd="pwsh -NoProfile -File .scratch/t543/window-mut.ps1" waitedMs=20017 exit=0 pid=61136 at=2026-09-15T13:25:10.038Z
START ticket=543 runId=2c43604a-4221-441f-b5b1-fe76aee5ea3b cmd="pwsh -NoProfile -File .scratch/t543/window-mut.ps1" waitedMs=50026 pid=65104 at=2026-09-15T13:26:49.788Z
RUN ticket=543 runId=2c43604a-4221-441f-b5b1-fe76aee5ea3b cmd="pwsh -NoProfile -File .scratch/t543/window-mut.ps1" waitedMs=50026 exit=0 pid=65104 at=2026-09-15T13:26:55.386Z
START ticket=543 runId=e91c0ad7-b2da-4eb8-a5a7-5c60d0a785ac cmd="pwsh -NoProfile -File .scratch/t543/window-a.ps1" waitedMs=30033 pid=72028 at=2026-09-15T13:28:24.233Z
RUN ticket=543 runId=e91c0ad7-b2da-4eb8-a5a7-5c60d0a785ac cmd="pwsh -NoProfile -File .scratch/t543/window-a.ps1" waitedMs=30033 exit=0 pid=72028 at=2026-09-15T13:28:36.980Z
START ticket=543 runId=c2df76fc-fd25-495e-a280-1a5de8d5f2a4 cmd="pwsh -NoProfile -File .scratch/t543/commit.ps1" waitedMs=0 pid=34380 at=2026-09-15T13:43:07.613Z
RUN ticket=543 runId=c2df76fc-fd25-495e-a280-1a5de8d5f2a4 cmd="pwsh -NoProfile -File .scratch/t543/commit.ps1" waitedMs=0 exit=0 pid=34380 at=2026-09-15T13:43:11.783Z
START ticket=543 runId=87bc8658-470a-4fef-abd2-63bf5da24672 cmd="pwsh -NoProfile -File .scratch/t543/review-window-a.ps1" waitedMs=0 pid=44540 at=2026-09-15T16:07:04.401Z
RUN ticket=543 runId=87bc8658-470a-4fef-abd2-63bf5da24672 cmd="pwsh -NoProfile -File .scratch/t543/review-window-a.ps1" waitedMs=0 exit=0 pid=44540 at=2026-09-15T16:08:25.090Z
START ticket=543 runId=b20e4bd6-b34c-4e4b-b05a-792f0f7419ad cmd="pwsh -NoProfile -File .scratch/t543/review-window-b.ps1" waitedMs=10008 pid=37212 at=2026-09-15T16:10:31.427Z
RUN ticket=543 runId=b20e4bd6-b34c-4e4b-b05a-792f0f7419ad cmd="pwsh -NoProfile -File .scratch/t543/review-window-b.ps1" waitedMs=10008 exit=0 pid=37212 at=2026-09-15T16:11:07.524Z
START ticket=543 runId=1108cff3-3480-4762-9d45-57b2d1bade12 cmd="pwsh -NoProfile -File .scratch/t543/review-commit.ps1" waitedMs=0 pid=58512 at=2026-09-15T16:13:01.208Z
RUN ticket=543 runId=1108cff3-3480-4762-9d45-57b2d1bade12 cmd="pwsh -NoProfile -File .scratch/t543/review-commit.ps1" waitedMs=0 exit=1 pid=58512 at=2026-09-15T16:13:03.758Z
START ticket=543 runId=31fc92f9-2559-423a-9b84-f3e7e92f44cb cmd="pwsh -NoProfile -File .scratch/t543/review-commit.ps1" waitedMs=0 pid=47076 at=2026-09-15T16:13:13.370Z
RUN ticket=543 runId=31fc92f9-2559-423a-9b84-f3e7e92f44cb cmd="pwsh -NoProfile -File .scratch/t543/review-commit.ps1" waitedMs=0 exit=0 pid=47076 at=2026-09-15T16:13:16.049Z
START ticket=543 runId=ffc34206-8fb9-46fe-9bf2-de7b492ecba1 cmd="pwsh -NoProfile -Command \"git add -- 'docs/skills/skill-calorie/t543-复核-独立复核.md'; git diff --cached --name-only; git commit -F '.scratch/t543/review-commit-msg2.txt' -- 'docs/skills/skill-calorie/t543-复核-独立复核.md'; git log --oneline -2\"" waitedMs=0 pid=33540 at=2026-09-15T16:14:00.292Z
RUN ticket=543 runId=ffc34206-8fb9-46fe-9bf2-de7b492ecba1 cmd="pwsh -NoProfile -Command \"git add -- 'docs/skills/skill-calorie/t543-复核-独立复核.md'; git diff --cached --name-only; git commit -F '.scratch/t543/review-commit-msg2.txt' -- 'docs/skills/skill-calorie/t543-复核-独立复核.md'; git log --oneline -2\"" waitedMs=0 exit=0 pid=33540 at=2026-09-15T16:14:03.229Z
START ticket=543 runId=a548c33f-cc6e-4cee-9f88-13d3bc611395 cmd="pwsh -NoProfile -Command \"Set-Location 'D:\\ilife'; node node_modules/typescript/bin/tsc -b *> .scratch/t543/r1-tscn.log; Write-Host \\\" TSC-EXIT=\\\"" waitedMs=1 pid=48900 at=2026-09-15T16:51:56.916Z
RUN ticket=543 runId=a548c33f-cc6e-4cee-9f88-13d3bc611395 cmd="pwsh -NoProfile -Command \"Set-Location 'D:\\ilife'; node node_modules/typescript/bin/tsc -b *> .scratch/t543/r1-tscn.log; Write-Host \\\" TSC-EXIT=\\\"" waitedMs=1 exit=0 pid=48900 at=2026-09-15T16:52:00.954Z
START ticket=543 runId=5f58112b-585f-4ecf-a715-83c4c6e5a499 cmd="node node_modules/typescript/bin/tsc -b" waitedMs=0 pid=41032 at=2026-09-15T16:52:04.950Z
RUN ticket=543 runId=5f58112b-585f-4ecf-a715-83c4c6e5a499 cmd="node node_modules/typescript/bin/tsc -b" waitedMs=0 exit=0 pid=41032 at=2026-09-15T16:52:05.473Z
START ticket=543 runId=90e7b6ca-b92b-4afb-a169-9cabe1227c06 cmd="node --test packages/skill-calorie/test/exercise-text-shape-543.test.mjs" waitedMs=0 pid=23604 at=2026-09-15T16:52:44.012Z
RUN ticket=543 runId=90e7b6ca-b92b-4afb-a169-9cabe1227c06 cmd="node --test packages/skill-calorie/test/exercise-text-shape-543.test.mjs" waitedMs=0 exit=1 pid=23604 at=2026-09-15T16:52:44.688Z
START ticket=543 runId=cbba9382-d5f1-4766-beea-7bac78ceec1c cmd="node --test packages/skill-calorie/test/exercise-text-shape-543.test.mjs" waitedMs=0 pid=66756 at=2026-09-15T16:53:11.263Z
RUN ticket=543 runId=cbba9382-d5f1-4766-beea-7bac78ceec1c cmd="node --test packages/skill-calorie/test/exercise-text-shape-543.test.mjs" waitedMs=0 exit=1 pid=66756 at=2026-09-15T16:53:11.988Z
START ticket=543 runId=6879fcca-4ef0-45e4-a782-55a96fc9c70b cmd="node --test packages/skill-calorie/test/exercise-text-shape-543.test.mjs" waitedMs=0 pid=62020 at=2026-09-15T16:53:20.841Z
RUN ticket=543 runId=6879fcca-4ef0-45e4-a782-55a96fc9c70b cmd="node --test packages/skill-calorie/test/exercise-text-shape-543.test.mjs" waitedMs=0 exit=0 pid=62020 at=2026-09-15T16:53:21.595Z
START ticket=543 runId=b17d5823-88d0-4d85-9665-d1d44a8c546d cmd="node --test packages/skill-calorie/test/exercise-text-shape-543.test.mjs packages/skill-calorie/test/exercise-receipt-264.test.mjs packages/skill-calorie/test/exercise-receipt-fusion-423.test.mjs packages/skill-calorie/test/exercise-accept-267.test.mjs" waitedMs=10015 pid=57216 at=2026-09-15T16:53:36.829Z
RUN ticket=543 runId=b17d5823-88d0-4d85-9665-d1d44a8c546d cmd="node --test packages/skill-calorie/test/exercise-text-shape-543.test.mjs packages/skill-calorie/test/exercise-receipt-264.test.mjs packages/skill-calorie/test/exercise-receipt-fusion-423.test.mjs packages/skill-calorie/test/exercise-accept-267.test.mjs" waitedMs=10015 exit=0 pid=57216 at=2026-09-15T16:53:58.242Z
START ticket=543 runId=6ad3a17a-28f1-4c24-94d1-aa7e4c0da8df cmd="pwsh -NoProfile -File .scratch/t543/window-r1.ps1" waitedMs=0 pid=65816 at=2026-09-15T16:54:08.681Z
RUN ticket=543 runId=6ad3a17a-28f1-4c24-94d1-aa7e4c0da8df cmd="pwsh -NoProfile -File .scratch/t543/window-r1.ps1" waitedMs=0 exit=0 pid=65816 at=2026-09-15T16:55:27.666Z
START ticket=543 runId=33f40e05-04f7-4198-b37b-f943fd556753 cmd="node .scratch/t543/r1-measure.mjs" waitedMs=1 pid=4840 at=2026-09-15T16:56:35.647Z
RUN ticket=543 runId=33f40e05-04f7-4198-b37b-f943fd556753 cmd="node .scratch/t543/r1-measure.mjs" waitedMs=1 exit=0 pid=4840 at=2026-09-15T16:57:19.231Z
START ticket=543 runId=ce72f211-5596-4581-bbf4-0a573567af83 cmd="pwsh -NoProfile -File .scratch/t543/window-mut-r1.ps1" waitedMs=0 pid=47380 at=2026-09-15T17:02:27.483Z
RUN ticket=543 runId=ce72f211-5596-4581-bbf4-0a573567af83 cmd="pwsh -NoProfile -File .scratch/t543/window-mut-r1.ps1" waitedMs=0 exit=0 pid=47380 at=2026-09-15T17:02:37.511Z
START ticket=543 runId=005ff0b5-b551-4b95-8dfe-b1392575de50 cmd="pwsh -NoProfile -File .scratch/t543/window-r2.ps1" waitedMs=0 pid=46112 at=2026-09-15T17:02:42.182Z
RUN ticket=543 runId=005ff0b5-b551-4b95-8dfe-b1392575de50 cmd="pwsh -NoProfile -File .scratch/t543/window-r2.ps1" waitedMs=0 exit=0 pid=46112 at=2026-09-15T17:04:00.985Z
START ticket=543 runId=829be8c2-a3d9-47bc-993e-792d7d3b6fb6 cmd="node .scratch/t543/r1-measure.mjs" waitedMs=0 pid=59448 at=2026-09-15T17:04:08.325Z
RUN ticket=543 runId=829be8c2-a3d9-47bc-993e-792d7d3b6fb6 cmd="node .scratch/t543/r1-measure.mjs" waitedMs=0 exit=0 pid=59448 at=2026-09-15T17:04:51.878Z
START ticket=543 runId=1afd2de2-58cf-4ce3-8e0f-2690d501d906 cmd="node node_modules/typescript/bin/tsc -b packages/skill-calorie" waitedMs=10015 pid=59988 at=2026-09-15T17:08:24.599Z
RUN ticket=543 runId=1afd2de2-58cf-4ce3-8e0f-2690d501d906 cmd="node node_modules/typescript/bin/tsc -b packages/skill-calorie" waitedMs=10015 exit=1 pid=59988 at=2026-09-15T17:08:25.541Z
START ticket=543 runId=4b22a568-d3ff-4234-8836-23c093828347 cmd="node node_modules/typescript/bin/tsc -b packages/skill-calorie" waitedMs=10006 pid=60684 at=2026-09-15T17:08:39.906Z
RUN ticket=543 runId=4b22a568-d3ff-4234-8836-23c093828347 cmd="node node_modules/typescript/bin/tsc -b packages/skill-calorie" waitedMs=10006 exit=1 pid=60684 at=2026-09-15T17:08:40.675Z
START ticket=543 runId=1ac10a61-6588-419a-96b7-15344763f525 cmd="node node_modules/typescript/bin/tsc -b packages/skill-calorie" waitedMs=10004 pid=52512 at=2026-09-15T17:09:14.501Z
RUN ticket=543 runId=1ac10a61-6588-419a-96b7-15344763f525 cmd="node node_modules/typescript/bin/tsc -b packages/skill-calorie" waitedMs=10004 exit=0 pid=52512 at=2026-09-15T17:09:15.345Z
START ticket=543 runId=c14dac7e-fa0f-4ea6-be5d-d1b3f24db326 cmd="node node_modules/typescript/bin/tsc -b packages/skill-calorie" waitedMs=0 pid=53664 at=2026-09-15T19:02:41.242Z
RUN ticket=543 runId=c14dac7e-fa0f-4ea6-be5d-d1b3f24db326 cmd="node node_modules/typescript/bin/tsc -b packages/skill-calorie" waitedMs=0 exit=0 pid=53664 at=2026-09-15T19:02:41.344Z
START ticket=543 runId=4ef224f8-e8c8-4404-9fae-de5c796eb9ab cmd="node node_modules/typescript/bin/tsc -b packages/skill-calorie --force" waitedMs=0 pid=65728 at=2026-09-15T19:02:44.782Z
RUN ticket=543 runId=4ef224f8-e8c8-4404-9fae-de5c796eb9ab cmd="node node_modules/typescript/bin/tsc -b packages/skill-calorie --force" waitedMs=0 exit=0 pid=65728 at=2026-09-15T19:02:47.651Z
START ticket=543 runId=eabd8c4e-7e27-4d4e-a164-130cb7ab0ea4 cmd="node packages/skill-calorie/scripts/check-warning-line.mjs" waitedMs=0 pid=64420 at=2026-09-15T19:03:03.381Z
RUN ticket=543 runId=eabd8c4e-7e27-4d4e-a164-130cb7ab0ea4 cmd="node packages/skill-calorie/scripts/check-warning-line.mjs" waitedMs=0 exit=0 pid=64420 at=2026-09-15T19:03:03.487Z
START ticket=543 runId=7d9a1690-e061-4f35-b92c-eb3739819bcf cmd="node --test packages/skill-calorie/test/exercise-text-shape-543.test.mjs" waitedMs=0 pid=70288 at=2026-09-15T19:03:08.095Z
START ticket=543 runId=3cbc8fb8-ee9b-420a-af7f-af809a2a6b58 cmd="node --test packages/skill-calorie/test/exercise-text-shape-543.test.mjs" waitedMs=10005 pid=67964 at=2026-09-15T19:03:27.704Z
RUN ticket=543 runId=3cbc8fb8-ee9b-420a-af7f-af809a2a6b58 cmd="node --test packages/skill-calorie/test/exercise-text-shape-543.test.mjs" waitedMs=10005 exit=0 pid=67964 at=2026-09-15T19:03:28.461Z
START ticket=543 runId=e428ea19-c3e5-46d7-81d1-0909a2990a8c cmd="node --test packages/skill-calorie/test/exercise-text-shape-543.test.mjs packages/skill-calorie/test/exercise-receipt-264.test.mjs packages/skill-calorie/test/exercise-receipt-fusion-423.test.mjs packages/skill-calorie/test/exercise-accept-267.test.mjs" waitedMs=0 pid=52864 at=2026-09-15T19:03:32.200Z
RUN ticket=543 runId=e428ea19-c3e5-46d7-81d1-0909a2990a8c cmd="node --test packages/skill-calorie/test/exercise-text-shape-543.test.mjs packages/skill-calorie/test/exercise-receipt-264.test.mjs packages/skill-calorie/test/exercise-receipt-fusion-423.test.mjs packages/skill-calorie/test/exercise-accept-267.test.mjs" waitedMs=0 exit=0 pid=52864 at=2026-09-15T19:03:53.929Z
START ticket=543 runId=1982d19c-9d22-4e2c-8376-35387238dfe4 cmd="pwsh -NoProfile -File .scratch/t543/window-v1.ps1" waitedMs=0 pid=34716 at=2026-09-15T19:04:04.393Z
RUN ticket=543 runId=1982d19c-9d22-4e2c-8376-35387238dfe4 cmd="pwsh -NoProfile -File .scratch/t543/window-v1.ps1" waitedMs=0 exit=0 pid=34716 at=2026-09-15T19:05:15.010Z
START ticket=543 runId=3aa98c44-bd60-46c2-bc60-44732f6c2369 cmd="pwsh -NoProfile -File .scratch/t543/window-mut-v1.ps1" waitedMs=10014 pid=31456 at=2026-09-15T19:06:00.289Z
RUN ticket=543 runId=3aa98c44-bd60-46c2-bc60-44732f6c2369 cmd="pwsh -NoProfile -File .scratch/t543/window-mut-v1.ps1" waitedMs=10014 exit=0 pid=31456 at=2026-09-15T19:06:08.381Z
START ticket=543 runId=144eb6f8-2647-45a6-b0bf-4a80c382c179 cmd="node .scratch/t543/export-runs.mjs" waitedMs=40039 pid=49932 at=2026-09-15T19:07:33.251Z
RUN ticket=543 runId=144eb6f8-2647-45a6-b0bf-4a80c382c179 cmd="node .scratch/t543/export-runs.mjs" waitedMs=40039 exit=0 pid=49932 at=2026-09-15T19:07:33.350Z
START ticket=543 runId=09d0e4b0-d1de-4af0-8e06-451680a8703f cmd="node node_modules/typescript/bin/tsc -b packages/skill-calorie" waitedMs=10016 pid=70860 at=2026-09-15T19:20:32.373Z
RUN ticket=543 runId=09d0e4b0-d1de-4af0-8e06-451680a8703f cmd="node node_modules/typescript/bin/tsc -b packages/skill-calorie" waitedMs=10016 exit=1 pid=70860 at=2026-09-15T19:20:33.208Z
START ticket=543 runId=0be69208-9626-434e-a09f-fe6e533fe6e3 cmd="node node_modules/typescript/bin/tsc -b packages/skill-calorie" waitedMs=0 pid=70220 at=2026-09-15T19:20:39.834Z
RUN ticket=543 runId=0be69208-9626-434e-a09f-fe6e533fe6e3 cmd="node node_modules/typescript/bin/tsc -b packages/skill-calorie" waitedMs=0 exit=0 pid=70220 at=2026-09-15T19:20:40.644Z
START ticket=543 runId=b75ff0a8-28e1-42ac-9777-2208bc288655 cmd="node --test packages/skill-calorie/test/exercise-text-shape-543.test.mjs" waitedMs=0 pid=55248 at=2026-09-15T19:20:45.018Z
RUN ticket=543 runId=b75ff0a8-28e1-42ac-9777-2208bc288655 cmd="node --test packages/skill-calorie/test/exercise-text-shape-543.test.mjs" waitedMs=0 exit=1 pid=55248 at=2026-09-15T19:20:45.278Z
START ticket=543 runId=b16040eb-304a-44f6-b5a7-2de57677cbb4 cmd="node node_modules/typescript/bin/tsc -b packages/skill-calorie" waitedMs=0 pid=69364 at=2026-09-15T19:21:12.870Z
RUN ticket=543 runId=b16040eb-304a-44f6-b5a7-2de57677cbb4 cmd="node node_modules/typescript/bin/tsc -b packages/skill-calorie" waitedMs=0 exit=0 pid=69364 at=2026-09-15T19:21:13.701Z
START ticket=543 runId=65114654-3335-4aa4-9634-27b902b72190 cmd="node --test packages/skill-calorie/test/exercise-text-shape-543.test.mjs" waitedMs=0 pid=42372 at=2026-09-15T19:21:13.751Z
RUN ticket=543 runId=65114654-3335-4aa4-9634-27b902b72190 cmd="node --test packages/skill-calorie/test/exercise-text-shape-543.test.mjs" waitedMs=0 exit=1 pid=42372 at=2026-09-15T19:21:14.478Z
START ticket=543 runId=2237bb16-3dd4-4b4f-a203-5bb26ad22dcf cmd="node node_modules/typescript/bin/tsc -b packages/skill-calorie" waitedMs=0 pid=59800 at=2026-09-15T19:21:27.012Z
RUN ticket=543 runId=2237bb16-3dd4-4b4f-a203-5bb26ad22dcf cmd="node node_modules/typescript/bin/tsc -b packages/skill-calorie" waitedMs=0 exit=0 pid=59800 at=2026-09-15T19:21:27.832Z
START ticket=543 runId=8bded3a3-36f8-4289-a6d5-9d3f729448f8 cmd="node --test packages/skill-calorie/test/exercise-text-shape-543.test.mjs" waitedMs=0 pid=12696 at=2026-09-15T19:21:27.880Z
RUN ticket=543 runId=8bded3a3-36f8-4289-a6d5-9d3f729448f8 cmd="node --test packages/skill-calorie/test/exercise-text-shape-543.test.mjs" waitedMs=0 exit=1 pid=12696 at=2026-09-15T19:21:28.545Z
START ticket=543 runId=9e4c0678-2972-4f19-a6b9-bb82ea04968c cmd="node node_modules/typescript/bin/tsc -b packages/skill-calorie" waitedMs=1 pid=56672 at=2026-09-15T19:22:21.278Z
RUN ticket=543 runId=9e4c0678-2972-4f19-a6b9-bb82ea04968c cmd="node node_modules/typescript/bin/tsc -b packages/skill-calorie" waitedMs=1 exit=0 pid=56672 at=2026-09-15T19:22:22.092Z
START ticket=543 runId=418aa090-1aa9-401f-9ead-512e5d0f828f cmd="node --test packages/skill-calorie/test/exercise-text-shape-543.test.mjs" waitedMs=0 pid=73020 at=2026-09-15T19:22:22.142Z
RUN ticket=543 runId=418aa090-1aa9-401f-9ead-512e5d0f828f cmd="node --test packages/skill-calorie/test/exercise-text-shape-543.test.mjs" waitedMs=0 exit=0 pid=73020 at=2026-09-15T19:22:22.818Z
START ticket=543 runId=ef3175d5-e7cb-462a-a01e-a8547c68350a cmd="node --test packages/skill-calorie/test/exercise-text-shape-543.test.mjs packages/skill-calorie/test/exercise-receipt-264.test.mjs packages/skill-calorie/test/exercise-receipt-fusion-423.test.mjs packages/skill-calorie/test/exercise-accept-267.test.mjs" waitedMs=0 pid=52772 at=2026-09-15T19:22:27.117Z
RUN ticket=543 runId=ef3175d5-e7cb-462a-a01e-a8547c68350a cmd="node --test packages/skill-calorie/test/exercise-text-shape-543.test.mjs packages/skill-calorie/test/exercise-receipt-264.test.mjs packages/skill-calorie/test/exercise-receipt-fusion-423.test.mjs packages/skill-calorie/test/exercise-accept-267.test.mjs" waitedMs=0 exit=1 pid=52772 at=2026-09-15T19:22:47.281Z
START ticket=543 runId=16937335-a93a-439c-aca4-34beeef11be5 cmd="node node_modules/typescript/bin/tsc -b packages/skill-calorie" waitedMs=20007 pid=25352 at=2026-09-15T19:24:00.396Z
RUN ticket=543 runId=16937335-a93a-439c-aca4-34beeef11be5 cmd="node node_modules/typescript/bin/tsc -b packages/skill-calorie" waitedMs=20007 exit=0 pid=25352 at=2026-09-15T19:24:00.542Z
START ticket=543 runId=8b466c2f-3cd1-4bd5-bf92-8a9dc0ccabb4 cmd="node --test packages/skill-calorie/test/exercise-text-shape-543.test.mjs packages/skill-calorie/test/exercise-receipt-264.test.mjs packages/skill-calorie/test/exercise-receipt-fusion-423.test.mjs packages/skill-calorie/test/exercise-accept-267.test.mjs" waitedMs=0 pid=37072 at=2026-09-15T19:24:00.600Z
RUN ticket=543 runId=8b466c2f-3cd1-4bd5-bf92-8a9dc0ccabb4 cmd="node --test packages/skill-calorie/test/exercise-text-shape-543.test.mjs packages/skill-calorie/test/exercise-receipt-264.test.mjs packages/skill-calorie/test/exercise-receipt-fusion-423.test.mjs packages/skill-calorie/test/exercise-accept-267.test.mjs" waitedMs=0 exit=0 pid=37072 at=2026-09-15T19:24:20.705Z
START ticket=543 runId=07fb0071-47b3-4f83-acdd-ae4fbb6f90e5 cmd="pwsh -NoProfile -File .scratch/t543/window-v2.ps1" waitedMs=0 pid=69004 at=2026-09-15T19:24:31.660Z
RUN ticket=543 runId=07fb0071-47b3-4f83-acdd-ae4fbb6f90e5 cmd="pwsh -NoProfile -File .scratch/t543/window-v2.ps1" waitedMs=0 exit=0 pid=69004 at=2026-09-15T19:25:41.043Z
START ticket=543 runId=751d035c-6c85-44ce-8def-d9d6ebe63f9c cmd="pwsh -NoProfile -File .scratch/t543/window-v2.ps1" waitedMs=0 pid=55908 at=2026-09-15T19:26:55.314Z
RUN ticket=543 runId=751d035c-6c85-44ce-8def-d9d6ebe63f9c cmd="pwsh -NoProfile -File .scratch/t543/window-v2.ps1" waitedMs=0 exit=0 pid=55908 at=2026-09-15T19:28:06.073Z
START ticket=543 runId=c6f23520-a001-4402-9dc1-f82feb6fc18f cmd="pwsh -NoProfile -File .scratch/t543/window-v2.ps1" waitedMs=10015 pid=50800 at=2026-09-15T19:29:38.737Z
RUN ticket=543 runId=c6f23520-a001-4402-9dc1-f82feb6fc18f cmd="pwsh -NoProfile -File .scratch/t543/window-v2.ps1" waitedMs=10015 exit=0 pid=50800 at=2026-09-15T19:30:51.520Z
START ticket=543 runId=7dd39513-873a-45b3-932e-1837cfd44610 cmd="pwsh -NoProfile -File .scratch/t543/window-mut-v1.ps1" waitedMs=10002 pid=42548 at=2026-09-15T19:31:27.539Z
RUN ticket=543 runId=7dd39513-873a-45b3-932e-1837cfd44610 cmd="pwsh -NoProfile -File .scratch/t543/window-mut-v1.ps1" waitedMs=10002 exit=0 pid=42548 at=2026-09-15T19:31:35.684Z
START ticket=543 runId=113af3f5-76ba-4941-a9c3-5bbe63a73e13 cmd="node packages/skill-calorie/scripts/check-warning-line.mjs" waitedMs=0 pid=9712 at=2026-09-15T19:33:08.719Z
RUN ticket=543 runId=113af3f5-76ba-4941-a9c3-5bbe63a73e13 cmd="node packages/skill-calorie/scripts/check-warning-line.mjs" waitedMs=0 exit=1 pid=9712 at=2026-09-15T19:33:08.823Z
START ticket=543 runId=b7e51fcb-0064-459c-a641-634e0d1946b3 cmd="node packages/skill-calorie/scripts/check-warning-line.mjs --dry" waitedMs=0 pid=42760 at=2026-09-15T19:33:14.341Z
RUN ticket=543 runId=b7e51fcb-0064-459c-a641-634e0d1946b3 cmd="node packages/skill-calorie/scripts/check-warning-line.mjs --dry" waitedMs=0 exit=1 pid=42760 at=2026-09-15T19:33:14.452Z
START ticket=543 runId=006bbcdc-0875-428c-b70b-7c85998c4c99 cmd="node packages/skill-calorie/scripts/check-warning-line.mjs --sync" waitedMs=0 pid=35292 at=2026-09-15T19:33:18.485Z
RUN ticket=543 runId=006bbcdc-0875-428c-b70b-7c85998c4c99 cmd="node packages/skill-calorie/scripts/check-warning-line.mjs --sync" waitedMs=0 exit=0 pid=35292 at=2026-09-15T19:33:18.614Z
START ticket=543 runId=50874dca-771b-44cf-865f-bdd91a5c8774 cmd="node node_modules/typescript/bin/tsc -b packages/skill-calorie" waitedMs=0 pid=45356 at=2026-09-15T19:44:11.569Z
RUN ticket=543 runId=50874dca-771b-44cf-865f-bdd91a5c8774 cmd="node node_modules/typescript/bin/tsc -b packages/skill-calorie" waitedMs=0 exit=1 pid=45356 at=2026-09-15T19:44:12.565Z
START ticket=543 runId=38ee2043-f88d-4359-814f-f8eda24e658c cmd="node --test packages/skill-calorie/test/exercise-text-shape-543.test.mjs packages/skill-calorie/test/exercise-receipt-264.test.mjs packages/skill-calorie/test/exercise-receipt-fusion-423.test.mjs packages/skill-calorie/test/exercise-accept-267.test.mjs" waitedMs=0 pid=70048 at=2026-09-15T19:44:12.623Z
RUN ticket=543 runId=38ee2043-f88d-4359-814f-f8eda24e658c cmd="node --test packages/skill-calorie/test/exercise-text-shape-543.test.mjs packages/skill-calorie/test/exercise-receipt-264.test.mjs packages/skill-calorie/test/exercise-receipt-fusion-423.test.mjs packages/skill-calorie/test/exercise-accept-267.test.mjs" waitedMs=0 exit=1 pid=70048 at=2026-09-15T19:44:31.467Z
START ticket=543 runId=b7f6fb65-8b06-478a-9bf2-6c9047b16f57 cmd="node node_modules/typescript/bin/tsc -b packages/skill-calorie" waitedMs=0 pid=34620 at=2026-09-15T19:44:42.141Z
RUN ticket=543 runId=b7f6fb65-8b06-478a-9bf2-6c9047b16f57 cmd="node node_modules/typescript/bin/tsc -b packages/skill-calorie" waitedMs=0 exit=0 pid=34620 at=2026-09-15T19:44:42.963Z
START ticket=543 runId=f317c199-f1b1-474e-9cb3-9575e551dd3c cmd="node --test packages/skill-calorie/test/exercise-text-shape-543.test.mjs packages/skill-calorie/test/exercise-receipt-264.test.mjs packages/skill-calorie/test/exercise-receipt-fusion-423.test.mjs packages/skill-calorie/test/exercise-accept-267.test.mjs" waitedMs=1 pid=70528 at=2026-09-15T19:44:43.015Z
RUN ticket=543 runId=f317c199-f1b1-474e-9cb3-9575e551dd3c cmd="node --test packages/skill-calorie/test/exercise-text-shape-543.test.mjs packages/skill-calorie/test/exercise-receipt-264.test.mjs packages/skill-calorie/test/exercise-receipt-fusion-423.test.mjs packages/skill-calorie/test/exercise-accept-267.test.mjs" waitedMs=1 exit=1 pid=70528 at=2026-09-15T19:45:02.655Z
START ticket=543 runId=711c40da-8510-436f-ad50-6c9448800620 cmd="node node_modules/typescript/bin/tsc -b packages/skill-calorie" waitedMs=1 pid=73036 at=2026-09-15T19:45:24.616Z
RUN ticket=543 runId=711c40da-8510-436f-ad50-6c9448800620 cmd="node node_modules/typescript/bin/tsc -b packages/skill-calorie" waitedMs=1 exit=0 pid=73036 at=2026-09-15T19:45:25.449Z
START ticket=543 runId=92d3e631-40fb-4dd8-8601-bb1fde9e47df cmd="node --test packages/skill-calorie/test/exercise-text-shape-543.test.mjs packages/skill-calorie/test/exercise-receipt-264.test.mjs packages/skill-calorie/test/exercise-receipt-fusion-423.test.mjs packages/skill-calorie/test/exercise-accept-267.test.mjs" waitedMs=0 pid=46176 at=2026-09-15T19:45:25.500Z
RUN ticket=543 runId=92d3e631-40fb-4dd8-8601-bb1fde9e47df cmd="node --test packages/skill-calorie/test/exercise-text-shape-543.test.mjs packages/skill-calorie/test/exercise-receipt-264.test.mjs packages/skill-calorie/test/exercise-receipt-fusion-423.test.mjs packages/skill-calorie/test/exercise-accept-267.test.mjs" waitedMs=0 exit=1 pid=46176 at=2026-09-15T19:45:46.584Z
START ticket=543 runId=f9bb86d2-e355-426b-92a0-9ebac1df63a5 cmd="node node_modules/typescript/bin/tsc -b packages/skill-calorie" waitedMs=0 pid=64552 at=2026-09-15T19:45:59.831Z
RUN ticket=543 runId=f9bb86d2-e355-426b-92a0-9ebac1df63a5 cmd="node node_modules/typescript/bin/tsc -b packages/skill-calorie" waitedMs=0 exit=0 pid=64552 at=2026-09-15T19:46:00.690Z
START ticket=543 runId=e20d0a93-e6ca-4bcc-9834-8b0c160e17dd cmd="node --test packages/skill-calorie/test/exercise-text-shape-543.test.mjs packages/skill-calorie/test/exercise-receipt-264.test.mjs packages/skill-calorie/test/exercise-receipt-fusion-423.test.mjs packages/skill-calorie/test/exercise-accept-267.test.mjs" waitedMs=0 pid=32348 at=2026-09-15T19:46:00.743Z
RUN ticket=543 runId=e20d0a93-e6ca-4bcc-9834-8b0c160e17dd cmd="node --test packages/skill-calorie/test/exercise-text-shape-543.test.mjs packages/skill-calorie/test/exercise-receipt-264.test.mjs packages/skill-calorie/test/exercise-receipt-fusion-423.test.mjs packages/skill-calorie/test/exercise-accept-267.test.mjs" waitedMs=0 exit=0 pid=32348 at=2026-09-15T19:46:20.449Z
START ticket=543 runId=7d1cfde9-9280-44d7-ab5d-d51fcbe5acb1 cmd="pwsh -NoProfile -File .scratch/t543/window-v2.ps1" waitedMs=0 pid=58488 at=2026-09-15T19:46:25.824Z
RUN ticket=543 runId=7d1cfde9-9280-44d7-ab5d-d51fcbe5acb1 cmd="pwsh -NoProfile -File .scratch/t543/window-v2.ps1" waitedMs=0 exit=0 pid=58488 at=2026-09-15T19:47:36.120Z
START ticket=543 runId=261c74cf-f505-4b8e-832d-b371f3b1aa30 cmd="pwsh -NoProfile -File .scratch/t543/window-v2.ps1" waitedMs=0 pid=60528 at=2026-09-15T19:47:48.104Z
RUN ticket=543 runId=261c74cf-f505-4b8e-832d-b371f3b1aa30 cmd="pwsh -NoProfile -File .scratch/t543/window-v2.ps1" waitedMs=0 exit=0 pid=60528 at=2026-09-15T19:48:57.187Z
START ticket=543 runId=e4ef8293-3875-476a-97f1-02b4bf30cd4d cmd="pwsh -NoProfile -File .scratch/t543/window-v2.ps1" waitedMs=0 pid=51044 at=2026-09-15T19:49:28.487Z
RUN ticket=543 runId=e4ef8293-3875-476a-97f1-02b4bf30cd4d cmd="pwsh -NoProfile -File .scratch/t543/window-v2.ps1" waitedMs=0 exit=0 pid=51044 at=2026-09-15T19:50:38.965Z
START ticket=543 runId=9386c33e-3813-4b34-8387-21378e743381 cmd="pwsh -NoProfile -File .scratch/t543/commit-v2.ps1" waitedMs=0 pid=57632 at=2026-09-15T19:51:36.810Z
RUN ticket=543 runId=9386c33e-3813-4b34-8387-21378e743381 cmd="pwsh -NoProfile -File .scratch/t543/commit-v2.ps1" waitedMs=0 exit=0 pid=57632 at=2026-09-15T19:51:39.689Z
START ticket=543 runId=25373ec8-06ac-4868-a58b-51f7fbcb8d13 cmd="node .scratch/t543/export-runs.mjs" waitedMs=0 pid=60920 at=2026-09-15T19:51:49.627Z
RUN ticket=543 runId=25373ec8-06ac-4868-a58b-51f7fbcb8d13 cmd="node .scratch/t543/export-runs.mjs" waitedMs=0 exit=0 pid=60920 at=2026-09-15T19:51:49.711Z
START ticket=543 runId=805251b8-e2b1-4336-9bd9-7c828bfbde1c cmd="node node_modules/typescript/bin/tsc -b packages/skill-calorie" waitedMs=0 pid=11272 at=2026-09-15T20:03:12.010Z
RUN ticket=543 runId=805251b8-e2b1-4336-9bd9-7c828bfbde1c cmd="node node_modules/typescript/bin/tsc -b packages/skill-calorie" waitedMs=0 exit=0 pid=11272 at=2026-09-15T20:03:12.871Z
START ticket=543 runId=c84a6a82-a215-4c68-bcc3-be458c769e1e cmd="node --test packages/skill-calorie/test/exercise-text-shape-543.test.mjs packages/skill-calorie/test/exercise-receipt-264.test.mjs packages/skill-calorie/test/exercise-receipt-fusion-423.test.mjs packages/skill-calorie/test/exercise-accept-267.test.mjs" waitedMs=0 pid=49492 at=2026-09-15T20:03:12.922Z
RUN ticket=543 runId=c84a6a82-a215-4c68-bcc3-be458c769e1e cmd="node --test packages/skill-calorie/test/exercise-text-shape-543.test.mjs packages/skill-calorie/test/exercise-receipt-264.test.mjs packages/skill-calorie/test/exercise-receipt-fusion-423.test.mjs packages/skill-calorie/test/exercise-accept-267.test.mjs" waitedMs=0 exit=0 pid=49492 at=2026-09-15T20:03:33.349Z
START ticket=543 runId=0a22d7f8-3a5f-4e7e-9a5e-d9e2f0633e15 cmd="pwsh -NoProfile -File .scratch/t543/window-v2.ps1" waitedMs=0 pid=37664 at=2026-09-15T20:03:38.974Z
RUN ticket=543 runId=0a22d7f8-3a5f-4e7e-9a5e-d9e2f0633e15 cmd="pwsh -NoProfile -File .scratch/t543/window-v2.ps1" waitedMs=0 exit=0 pid=37664 at=2026-09-15T20:04:50.522Z
START ticket=543 runId=a949c1db-3875-4323-8f4d-11516cbe67b2 cmd="node packages/skill-calorie/scripts/check-warning-line.mjs --sync" waitedMs=0 pid=56700 at=2026-09-15T20:15:57.778Z
RUN ticket=543 runId=a949c1db-3875-4323-8f4d-11516cbe67b2 cmd="node packages/skill-calorie/scripts/check-warning-line.mjs --sync" waitedMs=0 exit=0 pid=56700 at=2026-09-15T20:15:57.913Z
START ticket=543 runId=8d29cd90-e63d-4110-a94c-844fa7303447 cmd="pwsh -NoProfile -File .scratch/t543/commit-v3.ps1" waitedMs=1 pid=71148 at=2026-09-15T20:18:13.206Z
RUN ticket=543 runId=8d29cd90-e63d-4110-a94c-844fa7303447 cmd="pwsh -NoProfile -File .scratch/t543/commit-v3.ps1" waitedMs=1 exit=0 pid=71148 at=2026-09-15T20:18:15.723Z
START ticket=543 runId=d5580967-5c60-44c5-a6d8-0b6ef5ab3451 cmd="node .scratch/t543/export-runs.mjs" waitedMs=0 pid=42420 at=2026-09-15T20:29:54.616Z
RUN ticket=543 runId=d5580967-5c60-44c5-a6d8-0b6ef5ab3451 cmd="node .scratch/t543/export-runs.mjs" waitedMs=0 exit=0 pid=42420 at=2026-09-15T20:29:54.694Z
START ticket=543 runId=1f2e9fcb-c562-407d-8a7e-f8402127d31d cmd="pwsh -NoProfile -File .scratch/t543/commit-v4.ps1" waitedMs=0 pid=52048 at=2026-09-15T20:30:07.750Z
RUN ticket=543 runId=1f2e9fcb-c562-407d-8a7e-f8402127d31d cmd="pwsh -NoProfile -File .scratch/t543/commit-v4.ps1" waitedMs=0 exit=0 pid=52048 at=2026-09-15T20:30:10.368Z
START ticket=543 runId=2a0efc13-ee62-4d67-8439-54246684163d cmd="node .scratch/t543/export-runs.mjs" waitedMs=0 pid=59956 at=2026-09-15T20:30:19.706Z
RUN ticket=543 runId=2a0efc13-ee62-4d67-8439-54246684163d cmd="node .scratch/t543/export-runs.mjs" waitedMs=0 exit=0 pid=59956 at=2026-09-15T20:30:19.780Z
START ticket=543 runId=40983bff-9d97-463c-a9b9-2e8fa05e9992 cmd="pwsh -NoProfile -File .scratch/t543/commit-v5.ps1" waitedMs=0 pid=49264 at=2026-09-15T20:30:19.837Z
RUN ticket=543 runId=40983bff-9d97-463c-a9b9-2e8fa05e9992 cmd="pwsh -NoProfile -File .scratch/t543/commit-v5.ps1" waitedMs=0 exit=0 pid=49264 at=2026-09-15T20:30:22.340Z
START ticket=543 runId=da475416-429d-4e80-b108-8b91ad932d21 cmd="pwsh -NoProfile -File .scratch/t543/commit-v6.ps1" waitedMs=0 pid=59196 at=2026-09-15T20:30:49.819Z
RUN ticket=543 runId=da475416-429d-4e80-b108-8b91ad932d21 cmd="pwsh -NoProfile -File .scratch/t543/commit-v6.ps1" waitedMs=0 exit=0 pid=59196 at=2026-09-15T20:30:52.984Z
START ticket=543 runId=1bdadace-865b-4211-9f70-f3c22de5208a cmd="pwsh -NoProfile -File .scratch/t543/commit-v7.ps1" waitedMs=0 pid=71084 at=2026-09-15T20:31:11.227Z
RUN ticket=543 runId=1bdadace-865b-4211-9f70-f3c22de5208a cmd="pwsh -NoProfile -File .scratch/t543/commit-v7.ps1" waitedMs=0 exit=0 pid=71084 at=2026-09-15T20:31:13.715Z
START ticket=543 runId=4621261f-127a-4255-9b69-dc9ceee7de4b cmd="node .scratch/t543/export-runs.mjs" waitedMs=0 pid=59500 at=2026-09-15T20:31:24.319Z
