START ticket=616 runId=t616-build-base cmd="node node_modules/typescript/bin/tsc -b packages/skill-calorie --force" waitedMs=0 pid=43412 at=2026-09-16T06:03:59.216Z
RUN ticket=616 runId=t616-build-base cmd="node node_modules/typescript/bin/tsc -b packages/skill-calorie --force" waitedMs=0 exit=0 pid=43412 at=2026-09-16T06:04:02.274Z
START ticket=616 runId=t616-build-fix cmd="node node_modules/typescript/bin/tsc -b packages/skill-calorie --force" waitedMs=0 pid=52812 at=2026-09-16T06:08:14.367Z
RUN ticket=616 runId=t616-build-fix cmd="node node_modules/typescript/bin/tsc -b packages/skill-calorie --force" waitedMs=0 exit=0 pid=52812 at=2026-09-16T06:08:17.371Z
START ticket=616 runId=t616-test-trio cmd="node --test packages/skill-calorie/test/t511-清尾二.test.mjs packages/skill-calorie/test/render-t9.test.mjs packages/skill-calorie/test/trend-misc-port-113.test.mjs" waitedMs=0 pid=45984 at=2026-09-16T06:08:43.086Z
RUN ticket=616 runId=t616-test-trio cmd="node --test packages/skill-calorie/test/t511-清尾二.test.mjs packages/skill-calorie/test/render-t9.test.mjs packages/skill-calorie/test/trend-misc-port-113.test.mjs" waitedMs=0 exit=0 pid=45984 at=2026-09-16T06:08:56.700Z
START ticket=616 runId=t616-run-analysis cmd="node --test packages/skill-calorie/test/analysis-*.test.mjs" waitedMs=20001 pid=42168 at=2026-09-16T06:09:23.204Z
RUN ticket=616 runId=t616-run-analysis cmd="node --test packages/skill-calorie/test/analysis-*.test.mjs" waitedMs=20001 exit=1 pid=42168 at=2026-09-16T06:09:43.855Z
START ticket=616 runId=t616-roundtrip cmd="node .scratch/t616/roundtrip.mjs" waitedMs=0 pid=53792 at=2026-09-16T06:10:30.718Z
RUN ticket=616 runId=t616-roundtrip cmd="node .scratch/t616/roundtrip.mjs" waitedMs=0 exit=0 pid=53792 at=2026-09-16T06:11:44.128Z
START ticket=616 runId=t616-mutation cmd="node .scratch/t616/mut.mjs" waitedMs=10001 pid=62436 at=2026-09-16T06:12:12.769Z
RUN ticket=616 runId=t616-mutation cmd="node .scratch/t616/mut.mjs" waitedMs=10001 exit=0 pid=62436 at=2026-09-16T06:12:26.405Z
START ticket=616 runId=t616-gate83 cmd="node .scratch/t616/gate83.mjs" waitedMs=0 pid=56948 at=2026-09-16T06:12:44.143Z
RUN ticket=616 runId=t616-gate83 cmd="node .scratch/t616/gate83.mjs" waitedMs=0 exit=0 pid=56948 at=2026-09-16T06:13:07.734Z
START ticket=616 runId=t616-warningline cmd="node packages/skill-calorie/scripts/check-warning-line.mjs" waitedMs=10001 pid=18484 at=2026-09-16T06:13:27.418Z
RUN ticket=616 runId=t616-warningline cmd="node packages/skill-calorie/scripts/check-warning-line.mjs" waitedMs=10001 exit=0 pid=18484 at=2026-09-16T06:13:27.530Z
START ticket=616 runId=t616-commit-src cmd="node .scratch/t616/commit.mjs .scratch/t616/msg-1.txt packages/skill-calorie/src/render/trendMiscPortDocs.ts" waitedMs=0 pid=32796 at=2026-09-16T06:14:04.577Z
RUN ticket=616 runId=t616-commit-src cmd="node .scratch/t616/commit.mjs .scratch/t616/msg-1.txt packages/skill-calorie/src/render/trendMiscPortDocs.ts" waitedMs=0 exit=0 pid=32796 at=2026-09-16T06:14:04.785Z
START ticket=616 runId=t616-boundary cmd="node .scratch/t616/boundary.mjs" waitedMs=0 pid=31916 at=2026-09-16T06:14:38.251Z
RUN ticket=616 runId=t616-boundary cmd="node .scratch/t616/boundary.mjs" waitedMs=0 exit=0 pid=31916 at=2026-09-16T06:14:38.367Z
